******************************************************************************
             TMS320C2000 Linker PC v5.2.1                      
******************************************************************************
>> Linked Sun Nov 30 16:21:39 2014

OUTPUT FILE NAME:   <./Debug/LED.out>
ENTRY POINT SYMBOL: "_c_int00"  address: 003f8380


MEMORY CONFIGURATION

         name            origin    length      used     unused   attr    fill
----------------------  --------  ---------  --------  --------  ----  --------
PAGE 0:
  RAMM0                 00000000   00000400  00000000  00000400  RWIX
  BEGIN                 003f8000   00000002  00000002  00000000  RWIX
  PRAMH0                003f8002   00000ffe  00000477  00000b87  RWIX
  RESET                 003fffc0   00000002  00000000  00000002  RWIX

PAGE 1:
  RAMM1                 00000400   00000400  00000190  00000270  RWIX
  DEV_EMU               00000880   00000180  000000d0  000000b0  RWIX
  FLASH_REGS            00000a80   00000060  00000008  00000058  RWIX
  CSM                   00000ae0   00000010  00000010  00000000  RWIX
  XINTF                 00000b20   00000020  00000020  00000000  RWIX
  CPU_TIMER0            00000c00   00000008  00000008  00000000  RWIX
  CPU_TIMER1            00000c08   00000008  00000008  00000000  RWIX
  CPU_TIMER2            00000c10   00000008  00000008  00000000  RWIX
  PIE_CTRL              00000ce0   00000020  0000001a  00000006  RWIX
  PIE_VECT              00000d00   00000100  00000100  00000000  RWIX
  ECANA                 00006000   00000040  00000034  0000000c  RWIX
  ECANA_LAM             00006040   00000040  00000040  00000000  RWIX
  ECANA_MOTS            00006080   00000040  00000040  00000000  RWIX
  ECANA_MOTO            000060c0   00000040  00000040  00000000  RWIX
  ECANA_MBOX            00006100   00000100  00000100  00000000  RWIX
  SYSTEM                00007010   00000020  00000020  00000000  RWIX
  SPIA                  00007040   00000010  00000010  00000000  RWIX
  SCIA                  00007050   00000010  00000010  00000000  RWIX
  XINTRUPT              00007070   00000010  00000010  00000000  RWIX
  GPIOMUX               000070c0   00000020  00000020  00000000  RWIX
  GPIODAT               000070e0   00000020  00000020  00000000  RWIX
  ADC                   00007100   00000020  0000001a  00000006  RWIX
  EVA                   00007400   00000040  00000032  0000000e  RWIX
  EVB                   00007500   00000040  00000032  0000000e  RWIX
  SCIB                  00007750   00000010  00000010  00000000  RWIX
  MCBSPA                00007800   00000040  00000025  0000001b  RWIX
  CSM_PWL               003f7ff8   00000008  00000008  00000000  RWIX
  DRAMH0                003f9000   00001000  00000188  00000e78  RWIX


SECTION ALLOCATION MAP

 output                                  attributes/
section   page    origin      length       input sections
--------  ----  ----------  ----------   ----------------
.pinit     0    003f8002    00000000     UNINITIALIZED

codestart 
*          0    003f8000    00000002     
                  003f8000    00000002     DSP281x_CodeStartBranch.obj (codestart)

.text      0    003f8002    00000444     
                  003f8002    0000015b     main.obj (.text)
                  003f815d    0000014f     DSP281x_DefaultIsr.obj (.text)
                  003f82ac    0000008a     DSP281x_SysCtrl.obj (.text)
                  003f8336    0000004a     rts2800_ml.lib : exit.obj (.text)
                  003f8380    00000044                    : boot.obj (.text)
                  003f83c4    00000028     DSP281x_PieCtrl.obj (.text)
                  003f83ec    00000020     DSP281x_PieVect.obj (.text)
                  003f840c    00000015     DSP281x_MemCopy.obj (.text)
                  003f8421    00000014     rts2800_ml.lib : args_main.obj (.text)
                  003f8435    00000009                    : _lock.obj (.text)
                  003f843e    00000008     DSP281x_CodeStartBranch.obj (.text)

.cinit     0    003f8446    0000001a     
                  003f8446    0000000e     rts2800_ml.lib : exit.obj (.cinit)
                  003f8454    0000000a                    : _lock.obj (.cinit)
                  003f845e    00000002     --HOLE-- [fill = 0]

ramfuncs   0    003f8460    00000019     
                  003f8460    00000019     DSP281x_SysCtrl.obj (ramfuncs)

.reset     0    003fffc0    00000002     DSECT
                  003fffc0    00000002     rts2800_ml.lib : boot.obj (.reset)

.stack     1    00000400    00000190     UNINITIALIZED
                  00000400    00000190     --HOLE--

DevEmuRegsFile 
*          1    00000880    000000d0     UNINITIALIZED
                  00000880    000000d0     DSP281x_GlobalVariableDefs.obj (DevEmuRegsFile)

FlashRegsFile 
*          1    00000a80    00000008     UNINITIALIZED
                  00000a80    00000008     DSP281x_GlobalVariableDefs.obj (FlashRegsFile)

CsmRegsFile 
*          1    00000ae0    00000010     UNINITIALIZED
                  00000ae0    00000010     DSP281x_GlobalVariableDefs.obj (CsmRegsFile)

XintfRegsFile 
*          1    00000b20    00000020     UNINITIALIZED
                  00000b20    00000020     DSP281x_GlobalVariableDefs.obj (XintfRegsFile)

CpuTimer0RegsFile 
*          1    00000c00    00000008     UNINITIALIZED
                  00000c00    00000008     DSP281x_GlobalVariableDefs.obj (CpuTimer0RegsFile)

CpuTimer1RegsFile 
*          1    00000c08    00000008     UNINITIALIZED
                  00000c08    00000008     DSP281x_GlobalVariableDefs.obj (CpuTimer1RegsFile)

CpuTimer2RegsFile 
*          1    00000c10    00000008     UNINITIALIZED
                  00000c10    00000008     DSP281x_GlobalVariableDefs.obj (CpuTimer2RegsFile)

PieCtrlRegsFile 
*          1    00000ce0    0000001a     UNINITIALIZED
                  00000ce0    0000001a     DSP281x_GlobalVariableDefs.obj (PieCtrlRegsFile)

PieVectTableFile 
*          1    00000d00    00000100     UNINITIALIZED
                  00000d00    00000100     DSP281x_GlobalVariableDefs.obj (PieVectTableFile)

ECanaRegsFile 
*          1    00006000    00000034     UNINITIALIZED
                  00006000    00000034     DSP281x_GlobalVariableDefs.obj (ECanaRegsFile)

ECanaLAMRegsFile 
*          1    00006040    00000040     UNINITIALIZED
                  00006040    00000040     DSP281x_GlobalVariableDefs.obj (ECanaLAMRegsFile)

ECanaMOTSRegsFile 
*          1    00006080    00000040     UNINITIALIZED
                  00006080    00000040     DSP281x_GlobalVariableDefs.obj (ECanaMOTSRegsFile)

ECanaMOTORegsFile 
*          1    000060c0    00000040     UNINITIALIZED
                  000060c0    00000040     DSP281x_GlobalVariableDefs.obj (ECanaMOTORegsFile)

ECanaMboxesFile 
*          1    00006100    00000100     UNINITIALIZED
                  00006100    00000100     DSP281x_GlobalVariableDefs.obj (ECanaMboxesFile)

SysCtrlRegsFile 
*          1    00007010    00000020     UNINITIALIZED
                  00007010    00000020     DSP281x_GlobalVariableDefs.obj (SysCtrlRegsFile)

SpiaRegsFile 
*          1    00007040    00000010     UNINITIALIZED
                  00007040    00000010     DSP281x_GlobalVariableDefs.obj (SpiaRegsFile)

SciaRegsFile 
*          1    00007050    00000010     UNINITIALIZED
                  00007050    00000010     DSP281x_GlobalVariableDefs.obj (SciaRegsFile)

XIntruptRegsFile 
*          1    00007070    00000010     UNINITIALIZED
                  00007070    00000010     DSP281x_GlobalVariableDefs.obj (XIntruptRegsFile)

GpioMuxRegsFile 
*          1    000070c0    00000020     UNINITIALIZED
                  000070c0    00000020     DSP281x_GlobalVariableDefs.obj (GpioMuxRegsFile)

GpioDataRegsFile 
*          1    000070e0    00000020     UNINITIALIZED
                  000070e0    00000020     DSP281x_GlobalVariableDefs.obj (GpioDataRegsFile)

AdcRegsFile 
*          1    00007100    0000001a     UNINITIALIZED
                  00007100    0000001a     DSP281x_GlobalVariableDefs.obj (AdcRegsFile)

EvaRegsFile 
*          1    00007400    00000032     UNINITIALIZED
                  00007400    00000032     DSP281x_GlobalVariableDefs.obj (EvaRegsFile)

EvbRegsFile 
*          1    00007500    00000032     UNINITIALIZED
                  00007500    00000032     DSP281x_GlobalVariableDefs.obj (EvbRegsFile)

ScibRegsFile 
*          1    00007750    00000010     UNINITIALIZED
                  00007750    00000010     DSP281x_GlobalVariableDefs.obj (ScibRegsFile)

McbspaRegsFile 
*          1    00007800    00000025     UNINITIALIZED
                  00007800    00000025     DSP281x_GlobalVariableDefs.obj (McbspaRegsFile)

CsmPwlFile 
*          1    003f7ff8    00000008     UNINITIALIZED
                  003f7ff8    00000008     DSP281x_GlobalVariableDefs.obj (CsmPwlFile)

.econst    1    003f9000    00000100     
                  003f9000    00000100     DSP281x_PieVect.obj (.econst)

.ebss      1    003f9100    00000088     UNINITIALIZED
                  003f9100    00000080     rts2800_ml.lib : exit.obj (.ebss)
                  003f9180    00000004     main.obj (.ebss)
                  003f9184    00000004     rts2800_ml.lib : _lock.obj (.ebss)


GLOBAL SYMBOLS: SORTED ALPHABETICALLY BY Name 

address    name
--------   ----
003f8002   .text
003f835c   C$$EXIT
003f81d0   _ADCINT_ISR
00007100   _AdcRegs
003f8216   _CAPINT1_ISR
003f821b   _CAPINT2_ISR
003f8220   _CAPINT3_ISR
003f825c   _CAPINT4_ISR
003f8261   _CAPINT5_ISR
003f8266   _CAPINT6_ISR
003f81df   _CMP1INT_ISR
003f81e4   _CMP2INT_ISR
003f81e9   _CMP3INT_ISR
003f8225   _CMP4INT_ISR
003f822a   _CMP5INT_ISR
003f822f   _CMP6INT_ISR
00000c00   _CpuTimer0Regs
00000c08   _CpuTimer1Regs
00000c10   _CpuTimer2Regs
003f7ff8   _CsmPwl
00000ae0   _CsmRegs
003f8305   _CsmUnlock
003f8167   _DATALOG_ISR
00000880   _DevEmuRegs
003f82be   _DisableDog
003f8293   _ECAN0INTA_ISR
003f8298   _ECAN1INTA_ISR
00006040   _ECanaLAMRegs
000060c0   _ECanaMOTORegs
00006080   _ECanaMOTSRegs
00006100   _ECanaMboxes
00006000   _ECanaRegs
003f829d   _EMPTY_ISR
003f8171   _EMUINT_ISR
003f83e3   _EnableInterrupts
00007400   _EvaRegs
003f8121   _EvbCAP4ISR_INT
003f8135   _EvbCAP5ISR_INT
003f8149   _EvbCAP6ISR_INT
00007500   _EvbRegs
00000a80   _FlashRegs
000070e0   _GpioDataRegs
000070c0   _GpioMuxRegs
003f817b   _ILLEGAL_ISR
003f815d   _INT13_ISR
003f8162   _INT14_ISR
003f8460   _InitFlash
003f82eb   _InitPeripheralClocks
003f83c4   _InitPieCtrl
003f83ec   _InitPieVectTable
003f82d0   _InitPll
003f82ac   _InitSysCtrl
003f82c6   _KickDog
003f8275   _MRINTA_ISR
003f827a   _MXINTA_ISR
00007800   _McbspaRegs
003f840c   _MemCopy
003f8176   _NMI_ISR
003f81bc   _PDPINTA_ISR
003f81c1   _PDPINTB_ISR
003f82a2   _PIE_RESERVED
00000ce0   _PieCtrlRegs
00000d00   _PieVectTable
003f9000   _PieVectTableInit
003f816c   _RTOSINT_ISR
003f827f   _SCIRXINTA_ISR
003f8289   _SCIRXINTB_ISR
003f8284   _SCITXINTA_ISR
003f828e   _SCITXINTB_ISR
003f826b   _SPIRXINTA_ISR
003f8270   _SPITXINTA_ISR
00007050   _SciaRegs
00007750   _ScibRegs
00007040   _SpiaRegs
00007010   _SysCtrlRegs
003f81f3   _T1CINT_ISR
003f81fd   _T1OFINT_ISR
003f81ee   _T1PINT_ISR
003f81f8   _T1UFINT_ISR
003f8207   _T2CINT_ISR
003f8211   _T2OFINT_ISR
003f8202   _T2PINT_ISR
003f820c   _T2UFINT_ISR
003f8239   _T3CINT_ISR
003f8243   _T3OFINT_ISR
003f8234   _T3PINT_ISR
003f823e   _T3UFINT_ISR
003f824d   _T4CINT_ISR
003f8257   _T4OFINT_ISR
003f8248   _T4PINT_ISR
003f8252   _T4UFINT_ISR
003f81d5   _TINT0_ISR
003f81ad   _USER10_ISR
003f81b2   _USER11_ISR
003f81b7   _USER12_ISR
003f8180   _USER1_ISR
003f8185   _USER2_ISR
003f818a   _USER3_ISR
003f818f   _USER4_ISR
003f8194   _USER5_ISR
003f8199   _USER6_ISR
003f819e   _USER7_ISR
003f81a3   _USER8_ISR
003f81a8   _USER9_ISR
003f81da   _WAKEINT_ISR
003f81c6   _XINT1_ISR
003f81cb   _XINT2_ISR
00007070   _XIntruptRegs
00000b20   _XintfRegs
00000590   __STACK_END
00000190   __STACK_SIZE
ffffffff   ___binit__
ffffffff   ___c_args__
003f8446   ___cinit__
003f8446   ___etext__
ffffffff   ___pinit__
003f8002   ___text__
003f8421   __args_main
003f9104   __cleanup_ptr
003f9102   __dtors_ptr
003f9186   __lock
003f8435   __nop
003f8436   __register_lock
003f843a   __register_unlock
003f9184   __unlock
003f837f   _abort
003f835e   _atexit
003f8380   _c_int00
003f9181   _capi
003f8336   _exit
003f9182   _i
003f9180   _iperiod1
003f9183   _iperiod3
003f8002   _main
003f82a7   _rsvd_ISR
ffffffff   binit
003f8446   cinit
003f8446   etext
ffffffff   pinit


GLOBAL SYMBOLS: SORTED BY Symbol Address 

address    name
--------   ----
00000190   __STACK_SIZE
00000590   __STACK_END
00000880   _DevEmuRegs
00000a80   _FlashRegs
00000ae0   _CsmRegs
00000b20   _XintfRegs
00000c00   _CpuTimer0Regs
00000c08   _CpuTimer1Regs
00000c10   _CpuTimer2Regs
00000ce0   _PieCtrlRegs
00000d00   _PieVectTable
00006000   _ECanaRegs
00006040   _ECanaLAMRegs
00006080   _ECanaMOTSRegs
000060c0   _ECanaMOTORegs
00006100   _ECanaMboxes
00007010   _SysCtrlRegs
00007040   _SpiaRegs
00007050   _SciaRegs
00007070   _XIntruptRegs
000070c0   _GpioMuxRegs
000070e0   _GpioDataRegs
00007100   _AdcRegs
00007400   _EvaRegs
00007500   _EvbRegs
00007750   _ScibRegs
00007800   _McbspaRegs
003f7ff8   _CsmPwl
003f8002   .text
003f8002   ___text__
003f8002   _main
003f8121   _EvbCAP4ISR_INT
003f8135   _EvbCAP5ISR_INT
003f8149   _EvbCAP6ISR_INT
003f815d   _INT13_ISR
003f8162   _INT14_ISR
003f8167   _DATALOG_ISR
003f816c   _RTOSINT_ISR
003f8171   _EMUINT_ISR
003f8176   _NMI_ISR
003f817b   _ILLEGAL_ISR
003f8180   _USER1_ISR
003f8185   _USER2_ISR
003f818a   _USER3_ISR
003f818f   _USER4_ISR
003f8194   _USER5_ISR
003f8199   _USER6_ISR
003f819e   _USER7_ISR
003f81a3   _USER8_ISR
003f81a8   _USER9_ISR
003f81ad   _USER10_ISR
003f81b2   _USER11_ISR
003f81b7   _USER12_ISR
003f81bc   _PDPINTA_ISR
003f81c1   _PDPINTB_ISR
003f81c6   _XINT1_ISR
003f81cb   _XINT2_ISR
003f81d0   _ADCINT_ISR
003f81d5   _TINT0_ISR
003f81da   _WAKEINT_ISR
003f81df   _CMP1INT_ISR
003f81e4   _CMP2INT_ISR
003f81e9   _CMP3INT_ISR
003f81ee   _T1PINT_ISR
003f81f3   _T1CINT_ISR
003f81f8   _T1UFINT_ISR
003f81fd   _T1OFINT_ISR
003f8202   _T2PINT_ISR
003f8207   _T2CINT_ISR
003f820c   _T2UFINT_ISR
003f8211   _T2OFINT_ISR
003f8216   _CAPINT1_ISR
003f821b   _CAPINT2_ISR
003f8220   _CAPINT3_ISR
003f8225   _CMP4INT_ISR
003f822a   _CMP5INT_ISR
003f822f   _CMP6INT_ISR
003f8234   _T3PINT_ISR
003f8239   _T3CINT_ISR
003f823e   _T3UFINT_ISR
003f8243   _T3OFINT_ISR
003f8248   _T4PINT_ISR
003f824d   _T4CINT_ISR
003f8252   _T4UFINT_ISR
003f8257   _T4OFINT_ISR
003f825c   _CAPINT4_ISR
003f8261   _CAPINT5_ISR
003f8266   _CAPINT6_ISR
003f826b   _SPIRXINTA_ISR
003f8270   _SPITXINTA_ISR
003f8275   _MRINTA_ISR
003f827a   _MXINTA_ISR
003f827f   _SCIRXINTA_ISR
003f8284   _SCITXINTA_ISR
003f8289   _SCIRXINTB_ISR
003f828e   _SCITXINTB_ISR
003f8293   _ECAN0INTA_ISR
003f8298   _ECAN1INTA_ISR
003f829d   _EMPTY_ISR
003f82a2   _PIE_RESERVED
003f82a7   _rsvd_ISR
003f82ac   _InitSysCtrl
003f82be   _DisableDog
003f82c6   _KickDog
003f82d0   _InitPll
003f82eb   _InitPeripheralClocks
003f8305   _CsmUnlock
003f8336   _exit
003f835c   C$$EXIT
003f835e   _atexit
003f837f   _abort
003f8380   _c_int00
003f83c4   _InitPieCtrl
003f83e3   _EnableInterrupts
003f83ec   _InitPieVectTable
003f840c   _MemCopy
003f8421   __args_main
003f8435   __nop
003f8436   __register_lock
003f843a   __register_unlock
003f8446   ___cinit__
003f8446   ___etext__
003f8446   cinit
003f8446   etext
003f8460   _InitFlash
003f9000   _PieVectTableInit
003f9102   __dtors_ptr
003f9104   __cleanup_ptr
003f9180   _iperiod1
003f9181   _capi
003f9182   _i
003f9183   _iperiod3
003f9184   __unlock
003f9186   __lock
ffffffff   ___binit__
ffffffff   ___c_args__
ffffffff   ___pinit__
ffffffff   binit
ffffffff   pinit

[139 symbols]
