******************************************************************************
             TMS320C2000 Linker PC v6.2.7                      
******************************************************************************
>> Linked Fri Dec 12 18:54:33 2014

OUTPUT FILE NAME:   <CCS6SRMf5b4FlashTest1.out>
ENTRY POINT SYMBOL: "_c_int00"  address: 003e47d2


MEMORY CONFIGURATION

         name            origin    length      used     unused   attr    fill
----------------------  --------  ---------  --------  --------  ----  --------
PAGE 0:
  OTP                   003d7800   00000800  00000000  00000800  RWIX
  FLASHJ                003d8000   00002000  00000033  00001fcd  RWIX
  FLASHI                003da000   00002000  00000000  00002000  RWIX
  FLASHH                003dc000   00006000  00000100  00005f00  RWIX
  FLASHP                003e4000   00013ff6  0000092c  000136ca  RWIX
  BEGIN                 003f7ff6   00000002  00000002  00000000  RWIX
  PASSWDS               003f7ff8   00000008  00000000  00000008  RWIX
  ROM                   003ff000   00000fc0  00000000  00000fc0  RWIX
  VECTORS               003fffc2   0000003e  00000000  0000003e  RWIX

PAGE 1:
  RAMM0M1               00000000   00000800  000003e8  00000418  RWIX
  DEV_EMU               00000880   00000180  000000d6  000000aa  RWIX
  FLASH_REGS            00000a80   00000060  00000008  00000058  RWIX
  CSM                   00000ae0   00000010  00000010  00000000  RWIX
  XINTF                 00000b20   00000020  00000020  00000000  RWIX
  CPU_TIMER0            00000c00   00000008  00000008  00000000  RWIX
  CPU_TIMER1            00000c08   00000008  00000008  00000000  RWIX
  CPU_TIMER2            00000c10   00000008  00000008  00000000  RWIX
  PIE_CTRL              00000ce0   00000020  0000001a  00000006  RWIX
  PIE_VECT              00000d00   00000100  00000100  00000000  RWIX
  ECAN_A                00006000   00000100  00000034  000000cc  RWIX
  ECAN_AMBOX            00006100   00000100  00000100  00000000  RWIX
  SYSTEM                00007010   00000020  00000020  00000000  RWIX
  SPI_A                 00007040   00000010  00000010  00000000  RWIX
  SCI_A                 00007050   00000010  00000010  00000000  RWIX
  XINTRUPT              00007070   00000010  00000010  00000000  RWIX
  GPIOMUX               000070c0   00000020  00000020  00000000  RWIX
  GPIODAT               000070e0   00000020  00000020  00000000  RWIX
  ADC                   00007100   00000020  0000001a  00000006  RWIX
  EV_A                  00007400   00000040  00000032  0000000e  RWIX
  EV_B                  00007500   00000040  00000032  0000000e  RWIX
  SPI_B                 00007740   00000010  00000000  00000010  RWIX
  SCI_B                 00007750   00000010  00000010  00000000  RWIX
  MCBSP_A               00007800   00000040  00000025  0000001b  RWIX
  RAML0L1               00008000   00002000  00000199  00001e67  RWIX
  EXRAM                 00100000   00010000  00000000  00010000  RWIX
  CSM_PWL               003f7ff8   00000008  00000008  00000000  RWIX
  RAMH0                 003f8000   00002000  00000000  00002000  RWIX


SECTION ALLOCATION MAP

 output                                  attributes/
section   page    origin      length       input sections
--------  ----  ----------  ----------   ----------------
.cinit     0    003d8000    00000033     
                  003d8000    00000019     CCSSRM2812f.obj (.cinit)
                  003d8019    0000000e     rts2800_ml.lib : exit.obj (.cinit)
                  003d8027    0000000a                    : _lock.obj (.cinit)
                  003d8031    00000002     --HOLE-- [fill = 0]

.econst    0    003dc000    00000100     
                  003dc000    00000100     DSP28_PieVect.obj (.econst)

.text      0    003e4000    00000913     
                  003e4000    00000335     CCSSRM2812f.obj (.text)
                  003e4335    000001a9     CCSSRM2812f.obj (.text:retain)
                  003e44de    0000014a     DSP28_DefaultIsr.obj (.text:retain)
                  003e4628    0000007a     DSP28_Adc.obj (.text)
                  003e46a2    0000005a     rts2800_ml.lib : fs_mpy.obj (.text)
                  003e46fc    0000004a                    : exit.obj (.text)
                  003e4746    00000048     DSP28_Ev.obj (.text)
                  003e478e    00000044     DSP28_Gpio.obj (.text)
                  003e47d2    00000044     rts2800_ml.lib : boot.obj (.text)
                  003e4816    00000040     DSP28_SysCtrl.obj (.text)
                  003e4856    00000035     DSP28_Sci.obj (.text)
                  003e488b    00000029     rts2800_ml.lib : fs_tol.obj (.text)
                  003e48b4    00000022     DSP28_PieCtrl.obj (.text)
                  003e48d6    00000020     DSP28_PieVect.obj (.text)
                  003e48f6    00000014     rts2800_ml.lib : args_main.obj (.text)
                  003e490a    00000009                    : _lock.obj (.text)

ramfuncs   0    003e4913    00000019     RUN ADDR = 00008180
                  003e4913    00000019     DSP28_SysCtrl.obj (ramfuncs)

.reset     0    003f7ff6    00000002     
                  003f7ff6    00000002     rts2800_ml.lib : boot.obj (.reset)

.stack     1    00000000    000003e8     UNINITIALIZED
                  00000000    000003e8     --HOLE--

DevEmuRegsFile 
*          1    00000880    000000d6     UNINITIALIZED
                  00000880    000000d6     DSP28_GlobalVariableDefs.obj (DevEmuRegsFile)

FlashRegsFile 
*          1    00000a80    00000008     UNINITIALIZED
                  00000a80    00000008     DSP28_GlobalVariableDefs.obj (FlashRegsFile)

CsmRegsFile 
*          1    00000ae0    00000010     UNINITIALIZED
                  00000ae0    00000010     DSP28_GlobalVariableDefs.obj (CsmRegsFile)

XintfRegsFile 
*          1    00000b20    00000020     UNINITIALIZED
                  00000b20    00000020     DSP28_GlobalVariableDefs.obj (XintfRegsFile)

CpuTimer0RegsFile 
*          1    00000c00    00000008     UNINITIALIZED
                  00000c00    00000008     DSP28_GlobalVariableDefs.obj (CpuTimer0RegsFile)

CpuTimer1RegsFile 
*          1    00000c08    00000008     UNINITIALIZED
                  00000c08    00000008     DSP28_GlobalVariableDefs.obj (CpuTimer1RegsFile)

CpuTimer2RegsFile 
*          1    00000c10    00000008     UNINITIALIZED
                  00000c10    00000008     DSP28_GlobalVariableDefs.obj (CpuTimer2RegsFile)

PieCtrlRegsFile 
*          1    00000ce0    0000001a     UNINITIALIZED
                  00000ce0    0000001a     DSP28_GlobalVariableDefs.obj (PieCtrlRegsFile)

PieVectTable 
*          1    00000d00    00000100     UNINITIALIZED
                  00000d00    00000100     DSP28_GlobalVariableDefs.obj (PieVectTable)

ECanaRegsFile 
*          1    00006000    00000034     UNINITIALIZED
                  00006000    00000034     DSP28_GlobalVariableDefs.obj (ECanaRegsFile)

ECanaMboxesFile 
*          1    00006100    00000100     UNINITIALIZED
                  00006100    00000100     DSP28_GlobalVariableDefs.obj (ECanaMboxesFile)

SysCtrlRegsFile 
*          1    00007010    00000020     UNINITIALIZED
                  00007010    00000020     DSP28_GlobalVariableDefs.obj (SysCtrlRegsFile)

SpiaRegsFile 
*          1    00007040    00000010     UNINITIALIZED
                  00007040    00000010     DSP28_GlobalVariableDefs.obj (SpiaRegsFile)

SciaRegsFile 
*          1    00007050    00000010     UNINITIALIZED
                  00007050    00000010     DSP28_GlobalVariableDefs.obj (SciaRegsFile)

XIntruptRegsFile 
*          1    00007070    00000010     UNINITIALIZED
                  00007070    00000010     DSP28_GlobalVariableDefs.obj (XIntruptRegsFile)

GpioMuxRegsFile 
*          1    000070c0    00000020     UNINITIALIZED
                  000070c0    00000020     DSP28_GlobalVariableDefs.obj (GpioMuxRegsFile)

GpioDataRegsFile 
*          1    000070e0    00000020     UNINITIALIZED
                  000070e0    00000020     DSP28_GlobalVariableDefs.obj (GpioDataRegsFile)

AdcRegsFile 
*          1    00007100    0000001a     UNINITIALIZED
                  00007100    0000001a     DSP28_GlobalVariableDefs.obj (AdcRegsFile)

EvaRegsFile 
*          1    00007400    00000032     UNINITIALIZED
                  00007400    00000032     DSP28_GlobalVariableDefs.obj (EvaRegsFile)

EvbRegsFile 
*          1    00007500    00000032     UNINITIALIZED
                  00007500    00000032     DSP28_GlobalVariableDefs.obj (EvbRegsFile)

ScibRegsFile 
*          1    00007750    00000010     UNINITIALIZED
                  00007750    00000010     DSP28_GlobalVariableDefs.obj (ScibRegsFile)

McbspaRegsFile 
*          1    00007800    00000025     UNINITIALIZED
                  00007800    00000025     DSP28_GlobalVariableDefs.obj (McbspaRegsFile)

.ebss      1    00008000    00000180     UNINITIALIZED
                  00008000    000000c4     CCSSRM2812f.obj (.ebss)
                  000080c4    00000018     DSP28_CpuTimers.obj (.ebss)
                  000080dc    00000004     rts2800_ml.lib : _lock.obj (.ebss)
                  000080e0    00000020     --HOLE--
                  00008100    00000080                    : exit.obj (.ebss)

CsmPwlFile 
*          1    003f7ff8    00000008     UNINITIALIZED
                  003f7ff8    00000008     DSP28_GlobalVariableDefs.obj (CsmPwlFile)


GLOBAL DATA SYMBOLS: SORTED BY DATA PAGE

address     data page           name
--------    ----------------    ----
00000880      22 (00000880)     _DevEmuRegs

00000a80      2a (00000a80)     _FlashRegs

00000ae0      2b (00000ac0)     _CsmRegs

00000b20      2c (00000b00)     _XintfRegs

00000c00      30 (00000c00)     _CpuTimer0Regs
00000c08      30 (00000c00)     _CpuTimer1Regs
00000c10      30 (00000c00)     _CpuTimer2Regs

00000ce0      33 (00000cc0)     _PieCtrl

00000d00      34 (00000d00)     _PieVectTable

00006000     180 (00006000)     _ECanaRegs

00006100     184 (00006100)     _ECanaMboxes

00007010     1c0 (00007000)     _SysCtrlRegs

00007040     1c1 (00007040)     _SpiaRegs
00007050     1c1 (00007040)     _SciaRegs
00007070     1c1 (00007040)     _XIntruptRegs

000070c0     1c3 (000070c0)     _GpioMuxRegs
000070e0     1c3 (000070c0)     _GpioDataRegs

00007100     1c4 (00007100)     _AdcRegs

00007400     1d0 (00007400)     _EvaRegs

00007500     1d4 (00007500)     _EvbRegs

00007750     1dd (00007740)     _ScibRegs

00007800     1e0 (00007800)     _McbspaRegs

00008000     200 (00008000)     _Update_Velocity
00008001     200 (00008000)     _Msmt_Update
00008002     200 (00008000)     _slice
00008003     200 (00008000)     _old_count
00008004     200 (00008000)     _count
00008005     200 (00008000)     _i
00008006     200 (00008000)     _LEDvalue
00008008     200 (00008000)     _adclo

00008040     201 (00008040)     _SRM

000080c4     203 (000080c0)     _CpuTimer1
000080cc     203 (000080c0)     _CpuTimer2
000080d4     203 (000080c0)     _CpuTimer0
000080dc     203 (000080c0)     __unlock
000080de     203 (000080c0)     __lock

00008102     204 (00008100)     __dtors_ptr
00008104     204 (00008100)     __cleanup_ptr

003dc000    f700 (003dc000)     _PieVectTableInit

003f7ff8    fdff (003f7fc0)     _CsmPwl


GLOBAL SYMBOLS: SORTED ALPHABETICALLY BY Name 

address    name
--------   ----
003e4000   .text
003e4722   C$$EXIT
003e46a2   FS$$MPY
003e488b   FS$$TOL
003e4547   _ADCINT_ISR
00007100   _AdcRegs
003e4592   _CAPINT1_ISR
003e4597   _CAPINT2_ISR
003e459c   _CAPINT3_ISR
003e45dd   _CAPINT4_ISR
003e45e2   _CAPINT5_ISR
003e45e7   _CAPINT6_ISR
003e455b   _CMP1INT_ISR
003e4560   _CMP2INT_ISR
003e4565   _CMP3INT_ISR
003e45a6   _CMP4INT_ISR
003e45ab   _CMP5INT_ISR
003e45b0   _CMP6INT_ISR
003e429a   _Commutation_Algorithm
000080d4   _CpuTimer0
00000c00   _CpuTimer0Regs
000080c4   _CpuTimer1
00000c08   _CpuTimer1Regs
000080cc   _CpuTimer2
00000c10   _CpuTimer2Regs
003f7ff8   _CsmPwl
00000ae0   _CsmRegs
003e44f7   _DATALOG_ISR
00000880   _DevEmuRegs
003e4614   _ECAN0INTA_ISR
003e4619   _ECAN1INTA_ISR
00006100   _ECanaMboxes
00006000   _ECanaRegs
003e4501   _EMUINT_ISR
00007400   _EvaRegs
003e438f   _EvbCAP4ISR_INT
003e43fc   _EvbCAP5ISR_INT
003e446d   _EvbCAP6ISR_INT
00007500   _EvbRegs
00000a80   _FlashRegs
000070e0   _GpioDataRegs
000070c0   _GpioMuxRegs
003e4506   _ILLEGAL_ISR
003e44de   _INT13_ISR
003e44e3   _INT14_ISR
003e4628   _InitAdc
003e4746   _InitEv
00008180   _InitFlash
003e478e   _InitGpio
003e48b4   _InitPieCtrl
003e48d6   _InitPieVectTable
003e4856   _InitSci
003e4816   _InitSysCtrl
003e4837   _KickDog
00008006   _LEDvalue
003e45ec   _MRINTA_ISR
003e45f1   _MXINTA_ISR
00007800   _McbspaRegs
003e4841   _MemCopy
00008001   _Msmt_Update
003e41c5   _Msmt_Update_Velocity
003e44e8   _NMI_ISR
003e4556   _PDPINTA_ISR
003e45a1   _PDPINTB_ISR
003e461e   _PIE_RESERVED
00000ce0   _PieCtrl
00000d00   _PieVectTable
003dc000   _PieVectTableInit
003e44fc   _RTOSINT_ISR
003e492c   _RamfuncsLoadEnd
003e4913   _RamfuncsLoadStart
00008180   _RamfuncsRunStart
003e4600   _SCIRXINTA_ISR
003e460a   _SCIRXINTB_ISR
003e4605   _SCITXINTA_ISR
003e460f   _SCITXINTB_ISR
003e45f6   _SPIRXINTA_ISR
003e45fb   _SPITXINTA_ISR
00008040   _SRM
00007050   _SciaRegs
003e487c   _SciaRx_Ready
003e486d   _SciaTx_Ready
00007750   _ScibRegs
00007040   _SpiaRegs
00007010   _SysCtrlRegs
003e456f   _T1CINT_ISR
003e4579   _T1OFINT_ISR
003e456a   _T1PINT_ISR
003e4574   _T1UFINT_ISR
003e4583   _T2CINT_ISR
003e458d   _T2OFINT_ISR
003e457e   _T2PINT_ISR
003e4588   _T2UFINT_ISR
003e45ba   _T3CINT_ISR
003e45c4   _T3OFINT_ISR
003e45b5   _T3PINT_ISR
003e45bf   _T3UFINT_ISR
003e45ce   _T4CINT_ISR
003e45d8   _T4OFINT_ISR
003e45c9   _T4PINT_ISR
003e45d3   _T4UFINT_ISR
003e454c   _TINT0_ISR
003e4267   _Time_Update_Position
003e450b   _USER0_ISR
003e453d   _USER10_ISR
003e4542   _USER11_ISR
003e4510   _USER1_ISR
003e4515   _USER2_ISR
003e451a   _USER3_ISR
003e451f   _USER4_ISR
003e4524   _USER5_ISR
003e4529   _USER6_ISR
003e452e   _USER7_ISR
003e4533   _USER8_ISR
003e4538   _USER9_ISR
00008000   _Update_Velocity
003e4551   _WAKEINT_ISR
003e44ed   _XINT1_ISR
003e44f2   _XINT2_ISR
00007070   _XIntruptRegs
00000b20   _XintfRegs
000003e8   __STACK_END
000003e8   __STACK_SIZE
ffffffff   ___binit__
ffffffff   ___c_args__
003d8000   ___cinit__
003e4913   ___etext__
ffffffff   ___pinit__
003e4000   ___text__
003e48f6   __args_main
00008104   __cleanup_ptr
00008102   __dtors_ptr
000080de   __lock
003e490a   __nop
003e490b   __register_lock
003e490f   __register_unlock
000080dc   __unlock
003e4745   _abort
003e4335   _ad
00008008   _adclo
003e4724   _atexit
003e47d2   _c_int00
00008004   _count
003e421a   _currentController
003e46fc   _exit
00008005   _i
003e4091   _initializeSRM
003e4000   _main
00008003   _old_count
003e4623   _rsvd_ISR
00008002   _slice
003e4305   _switch_lowside
ffffffff   binit
003d8000   cinit
003e4913   etext
ffffffff   pinit


GLOBAL SYMBOLS: SORTED BY Symbol Address 

address    name
--------   ----
000003e8   __STACK_END
000003e8   __STACK_SIZE
00000880   _DevEmuRegs
00000a80   _FlashRegs
00000ae0   _CsmRegs
00000b20   _XintfRegs
00000c00   _CpuTimer0Regs
00000c08   _CpuTimer1Regs
00000c10   _CpuTimer2Regs
00000ce0   _PieCtrl
00000d00   _PieVectTable
00006000   _ECanaRegs
00006100   _ECanaMboxes
00007010   _SysCtrlRegs
00007040   _SpiaRegs
00007050   _SciaRegs
00007070   _XIntruptRegs
000070c0   _GpioMuxRegs
000070e0   _GpioDataRegs
00007100   _AdcRegs
00007400   _EvaRegs
00007500   _EvbRegs
00007750   _ScibRegs
00007800   _McbspaRegs
00008000   _Update_Velocity
00008001   _Msmt_Update
00008002   _slice
00008003   _old_count
00008004   _count
00008005   _i
00008006   _LEDvalue
00008008   _adclo
00008040   _SRM
000080c4   _CpuTimer1
000080cc   _CpuTimer2
000080d4   _CpuTimer0
000080dc   __unlock
000080de   __lock
00008102   __dtors_ptr
00008104   __cleanup_ptr
00008180   _InitFlash
00008180   _RamfuncsRunStart
003d8000   ___cinit__
003d8000   cinit
003dc000   _PieVectTableInit
003e4000   .text
003e4000   ___text__
003e4000   _main
003e4091   _initializeSRM
003e41c5   _Msmt_Update_Velocity
003e421a   _currentController
003e4267   _Time_Update_Position
003e429a   _Commutation_Algorithm
003e4305   _switch_lowside
003e4335   _ad
003e438f   _EvbCAP4ISR_INT
003e43fc   _EvbCAP5ISR_INT
003e446d   _EvbCAP6ISR_INT
003e44de   _INT13_ISR
003e44e3   _INT14_ISR
003e44e8   _NMI_ISR
003e44ed   _XINT1_ISR
003e44f2   _XINT2_ISR
003e44f7   _DATALOG_ISR
003e44fc   _RTOSINT_ISR
003e4501   _EMUINT_ISR
003e4506   _ILLEGAL_ISR
003e450b   _USER0_ISR
003e4510   _USER1_ISR
003e4515   _USER2_ISR
003e451a   _USER3_ISR
003e451f   _USER4_ISR
003e4524   _USER5_ISR
003e4529   _USER6_ISR
003e452e   _USER7_ISR
003e4533   _USER8_ISR
003e4538   _USER9_ISR
003e453d   _USER10_ISR
003e4542   _USER11_ISR
003e4547   _ADCINT_ISR
003e454c   _TINT0_ISR
003e4551   _WAKEINT_ISR
003e4556   _PDPINTA_ISR
003e455b   _CMP1INT_ISR
003e4560   _CMP2INT_ISR
003e4565   _CMP3INT_ISR
003e456a   _T1PINT_ISR
003e456f   _T1CINT_ISR
003e4574   _T1UFINT_ISR
003e4579   _T1OFINT_ISR
003e457e   _T2PINT_ISR
003e4583   _T2CINT_ISR
003e4588   _T2UFINT_ISR
003e458d   _T2OFINT_ISR
003e4592   _CAPINT1_ISR
003e4597   _CAPINT2_ISR
003e459c   _CAPINT3_ISR
003e45a1   _PDPINTB_ISR
003e45a6   _CMP4INT_ISR
003e45ab   _CMP5INT_ISR
003e45b0   _CMP6INT_ISR
003e45b5   _T3PINT_ISR
003e45ba   _T3CINT_ISR
003e45bf   _T3UFINT_ISR
003e45c4   _T3OFINT_ISR
003e45c9   _T4PINT_ISR
003e45ce   _T4CINT_ISR
003e45d3   _T4UFINT_ISR
003e45d8   _T4OFINT_ISR
003e45dd   _CAPINT4_ISR
003e45e2   _CAPINT5_ISR
003e45e7   _CAPINT6_ISR
003e45ec   _MRINTA_ISR
003e45f1   _MXINTA_ISR
003e45f6   _SPIRXINTA_ISR
003e45fb   _SPITXINTA_ISR
003e4600   _SCIRXINTA_ISR
003e4605   _SCITXINTA_ISR
003e460a   _SCIRXINTB_ISR
003e460f   _SCITXINTB_ISR
003e4614   _ECAN0INTA_ISR
003e4619   _ECAN1INTA_ISR
003e461e   _PIE_RESERVED
003e4623   _rsvd_ISR
003e4628   _InitAdc
003e46a2   FS$$MPY
003e46fc   _exit
003e4722   C$$EXIT
003e4724   _atexit
003e4745   _abort
003e4746   _InitEv
003e478e   _InitGpio
003e47d2   _c_int00
003e4816   _InitSysCtrl
003e4837   _KickDog
003e4841   _MemCopy
003e4856   _InitSci
003e486d   _SciaTx_Ready
003e487c   _SciaRx_Ready
003e488b   FS$$TOL
003e48b4   _InitPieCtrl
003e48d6   _InitPieVectTable
003e48f6   __args_main
003e490a   __nop
003e490b   __register_lock
003e490f   __register_unlock
003e4913   _RamfuncsLoadStart
003e4913   ___etext__
003e4913   etext
003e492c   _RamfuncsLoadEnd
003f7ff8   _CsmPwl
ffffffff   ___binit__
ffffffff   ___c_args__
ffffffff   ___pinit__
ffffffff   binit
ffffffff   pinit

[156 symbols]
