******************************************************************************
             TMS320C2000 Linker PC v5.2.1                      
******************************************************************************
>> Linked Wed May 07 10:19:20 2014

OUTPUT FILE NAME:   <./Debug/CCSSRM2812d.out>
ENTRY POINT SYMBOL: "_c_int00"  address: 003f8a60


MEMORY CONFIGURATION

         name            origin    length      used     unused   attr    fill
----------------------  --------  ---------  --------  --------  ----  --------
PAGE 0:
  RAMM0                 00000000   00000400  00000000  00000400  RWIX
  BEGIN                 003f8000   00000002  00000000  00000002  RWIX
  PRAMH0                003f8002   00000ffe  00000b7c  00000482  RWIX
  RESET                 003fffc0   00000002  00000000  00000002  RWIX

PAGE 1:
  RAMM1                 00000400   00000400  00000190  00000270  RWIX
  DEV_EMU               00000880   00000180  000000d0  000000b0  RWIX
  FLASH_REGS            00000a80   00000060  00000008  00000058  RWIX
  CSM                   00000ae0   00000010  00000010  00000000  RWIX
  XINTF                 00000b20   00000020  00000020  00000000  RWIX
  CPU_TIMER0            00000c00   00000008  00000008  00000000  RWIX
  CPU_TIMER1            00000c08   00000008  00000008  00000000  RWIX
  CPU_TIMER2            00000c10   00000008  00000008  00000000  RWIX
  PIE_CTRL              00000ce0   00000020  0000001a  00000006  RWIX
  PIE_VECT              00000d00   00000100  00000100  00000000  RWIX
  ECANA                 00006000   00000040  00000034  0000000c  RWIX
  ECANA_LAM             00006040   00000040  00000040  00000000  RWIX
  ECANA_MOTS            00006080   00000040  00000040  00000000  RWIX
  ECANA_MOTO            000060c0   00000040  00000040  00000000  RWIX
  ECANA_MBOX            00006100   00000100  00000100  00000000  RWIX
  SYSTEM                00007010   00000020  00000020  00000000  RWIX
  SPIA                  00007040   00000010  00000010  00000000  RWIX
  SCIA                  00007050   00000010  00000010  00000000  RWIX
  XINTRUPT              00007070   00000010  00000010  00000000  RWIX
  GPIOMUX               000070c0   00000020  00000020  00000000  RWIX
  GPIODAT               000070e0   00000020  00000020  00000000  RWIX
  ADC                   00007100   00000020  0000001a  00000006  RWIX
  EVA                   00007400   00000040  00000032  0000000e  RWIX
  EVB                   00007500   00000040  00000032  0000000e  RWIX
  SCIB                  00007750   00000010  00000010  00000000  RWIX
  MCBSPA                00007800   00000040  00000025  0000001b  RWIX
  CSM_PWL               003f7ff8   00000008  00000008  00000000  RWIX
  DRAMH0                003f9000   00001000  00000280  00000d80  RWIX


SECTION ALLOCATION MAP

 output                                  attributes/
section   page    origin      length       input sections
--------  ----  ----------  ----------   ----------------
.pinit     0    003f8002    00000000     UNINITIALIZED

.text      0    003f8002    00000b49     
                  003f8002    00000407     srm.obj (.text)
                  003f8409    000001e9     main.obj (.text)
                  003f85f2    0000017c     DSP281x_DefaultIsr.obj (.text)
                  003f876e    00000142     Evmgr.obj (.text)
                  003f88b0    00000089     DSP281x_SysCtrl.obj (.text)
                  003f8939    00000083     rts2800_ml.lib : fs_div.obj (.text)
                  003f89bc    0000005a                    : fs_mpy.obj (.text)
                  003f8a16    0000004a                    : exit.obj (.text)
                  003f8a60    00000044                    : boot.obj (.text)
                  003f8aa4    00000028     DSP281x_PieCtrl.obj (.text)
                  003f8acc    00000020     DSP281x_PieVect.obj (.text)
                  003f8aec    0000001d     rts2800_ml.lib : fs_tou.obj (.text)
                  003f8b09    00000015     DSP281x_MemCopy.obj (.text)
                  003f8b1e    00000014     rts2800_ml.lib : args_main.obj (.text)
                  003f8b32    00000010                    : u_tofs.obj (.text)
                  003f8b42    00000009                    : _lock.obj (.text)

.cinit     0    003f8b4b    0000001a     
                  003f8b4b    0000000e     rts2800_ml.lib : exit.obj (.cinit)
                  003f8b59    0000000a                    : _lock.obj (.cinit)
                  003f8b63    00000002     --HOLE-- [fill = 0]

ramfuncs   0    003f8b65    00000019     
                  003f8b65    00000019     DSP281x_SysCtrl.obj (ramfuncs)

.reset     0    003fffc0    00000002     DSECT
                  003fffc0    00000002     rts2800_ml.lib : boot.obj (.reset)

.stack     1    00000400    00000190     UNINITIALIZED
                  00000400    00000190     --HOLE--

DevEmuRegsFile 
*          1    00000880    000000d0     UNINITIALIZED
                  00000880    000000d0     DSP281x_GlobalVariableDefs.obj (DevEmuRegsFile)

FlashRegsFile 
*          1    00000a80    00000008     UNINITIALIZED
                  00000a80    00000008     DSP281x_GlobalVariableDefs.obj (FlashRegsFile)

CsmRegsFile 
*          1    00000ae0    00000010     UNINITIALIZED
                  00000ae0    00000010     DSP281x_GlobalVariableDefs.obj (CsmRegsFile)

XintfRegsFile 
*          1    00000b20    00000020     UNINITIALIZED
                  00000b20    00000020     DSP281x_GlobalVariableDefs.obj (XintfRegsFile)

CpuTimer0RegsFile 
*          1    00000c00    00000008     UNINITIALIZED
                  00000c00    00000008     DSP281x_GlobalVariableDefs.obj (CpuTimer0RegsFile)

CpuTimer1RegsFile 
*          1    00000c08    00000008     UNINITIALIZED
                  00000c08    00000008     DSP281x_GlobalVariableDefs.obj (CpuTimer1RegsFile)

CpuTimer2RegsFile 
*          1    00000c10    00000008     UNINITIALIZED
                  00000c10    00000008     DSP281x_GlobalVariableDefs.obj (CpuTimer2RegsFile)

PieCtrlRegsFile 
*          1    00000ce0    0000001a     UNINITIALIZED
                  00000ce0    0000001a     DSP281x_GlobalVariableDefs.obj (PieCtrlRegsFile)

PieVectTableFile 
*          1    00000d00    00000100     UNINITIALIZED
                  00000d00    00000100     DSP281x_GlobalVariableDefs.obj (PieVectTableFile)

ECanaRegsFile 
*          1    00006000    00000034     UNINITIALIZED
                  00006000    00000034     DSP281x_GlobalVariableDefs.obj (ECanaRegsFile)

ECanaLAMRegsFile 
*          1    00006040    00000040     UNINITIALIZED
                  00006040    00000040     DSP281x_GlobalVariableDefs.obj (ECanaLAMRegsFile)

ECanaMOTSRegsFile 
*          1    00006080    00000040     UNINITIALIZED
                  00006080    00000040     DSP281x_GlobalVariableDefs.obj (ECanaMOTSRegsFile)

ECanaMOTORegsFile 
*          1    000060c0    00000040     UNINITIALIZED
                  000060c0    00000040     DSP281x_GlobalVariableDefs.obj (ECanaMOTORegsFile)

ECanaMboxesFile 
*          1    00006100    00000100     UNINITIALIZED
                  00006100    00000100     DSP281x_GlobalVariableDefs.obj (ECanaMboxesFile)

SysCtrlRegsFile 
*          1    00007010    00000020     UNINITIALIZED
                  00007010    00000020     DSP281x_GlobalVariableDefs.obj (SysCtrlRegsFile)

SpiaRegsFile 
*          1    00007040    00000010     UNINITIALIZED
                  00007040    00000010     DSP281x_GlobalVariableDefs.obj (SpiaRegsFile)

SciaRegsFile 
*          1    00007050    00000010     UNINITIALIZED
                  00007050    00000010     DSP281x_GlobalVariableDefs.obj (SciaRegsFile)

XIntruptRegsFile 
*          1    00007070    00000010     UNINITIALIZED
                  00007070    00000010     DSP281x_GlobalVariableDefs.obj (XIntruptRegsFile)

GpioMuxRegsFile 
*          1    000070c0    00000020     UNINITIALIZED
                  000070c0    00000020     DSP281x_GlobalVariableDefs.obj (GpioMuxRegsFile)

GpioDataRegsFile 
*          1    000070e0    00000020     UNINITIALIZED
                  000070e0    00000020     DSP281x_GlobalVariableDefs.obj (GpioDataRegsFile)

AdcRegsFile 
*          1    00007100    0000001a     UNINITIALIZED
                  00007100    0000001a     DSP281x_GlobalVariableDefs.obj (AdcRegsFile)

EvaRegsFile 
*          1    00007400    00000032     UNINITIALIZED
                  00007400    00000032     DSP281x_GlobalVariableDefs.obj (EvaRegsFile)

EvbRegsFile 
*          1    00007500    00000032     UNINITIALIZED
                  00007500    00000032     DSP281x_GlobalVariableDefs.obj (EvbRegsFile)

ScibRegsFile 
*          1    00007750    00000010     UNINITIALIZED
                  00007750    00000010     DSP281x_GlobalVariableDefs.obj (ScibRegsFile)

McbspaRegsFile 
*          1    00007800    00000025     UNINITIALIZED
                  00007800    00000025     DSP281x_GlobalVariableDefs.obj (McbspaRegsFile)

CsmPwlFile 
*          1    003f7ff8    00000008     UNINITIALIZED
                  003f7ff8    00000008     DSP281x_GlobalVariableDefs.obj (CsmPwlFile)

.ebss      1    003f9000    00000180     UNINITIALIZED
                  003f9000    000000c2     main.obj (.ebss)
                  003f90c2    00000004     rts2800_ml.lib : _lock.obj (.ebss)
                  003f90c6    0000003a     --HOLE--
                  003f9100    00000080                    : exit.obj (.ebss)

.econst    1    003f9180    00000100     
                  003f9180    00000100     DSP281x_PieVect.obj (.econst)


GLOBAL SYMBOLS: SORTED ALPHABETICALLY BY Name 

address    name
--------   ----
003f8002   .text
003f8a3c   C$$EXIT
003f8939   FS$$DIV
003f89bc   FS$$MPY
003f8aec   FS$$TOU
003f8b32   U$$TOFS
003f8665   _ADCINT_ISR
003f8486   _AdcInt_ISR
00007100   _AdcRegs
003f900a   _BrakeFlag
003f86ab   _CAPINT1_ISR
003f86b0   _CAPINT2_ISR
003f86b5   _CAPINT3_ISR
003f86f1   _CAPINT4_ISR
003f8705   _CAPINT5_ISR
003f8719   _CAPINT6_ISR
003f8674   _CMP1INT_ISR
003f8679   _CMP2INT_ISR
003f867e   _CMP3INT_ISR
003f86ba   _CMP4INT_ISR
003f86bf   _CMP5INT_ISR
003f86c4   _CMP6INT_ISR
003f80d3   _Commutation_Algorithm
00000c00   _CpuTimer0Regs
00000c08   _CpuTimer1Regs
00000c10   _CpuTimer2Regs
003f7ff8   _CsmPwl
00000ae0   _CsmRegs
003f8908   _CsmUnlock
003f85fc   _DATALOG_ISR
00000880   _DevEmuRegs
003f88c2   _DisableDog
003f8755   _ECAN0INTA_ISR
003f875a   _ECAN1INTA_ISR
00006040   _ECanaLAMRegs
000060c0   _ECanaMOTORegs
00006080   _ECanaMOTSRegs
00006100   _ECanaMboxes
00006000   _ECanaRegs
003f875f   _EMPTY_ISR
003f8606   _EMUINT_ISR
003f8ac3   _EnableInterrupts
003f9004   _Error1
00007400   _EvaRegs
003f8547   _EvbCAPISR_INT
00007500   _EvbRegs
00000a80   _FlashRegs
000070e0   _GpioDataRegs
000070c0   _GpioMuxRegs
003f8610   _ILLEGAL_ISR
003f85f2   _INT13_ISR
003f85f7   _INT14_ISR
003f8b65   _InitFlash
003f88ef   _InitPeripheralClocks
003f8aa4   _InitPieCtrl
003f8acc   _InitPieVectTable
003f88d4   _InitPll
003f88b0   _InitSysCtrl
003f88ca   _KickDog
003f9007   _LEDvalue
003f900d   _LastOprMode
003f8737   _MRINTA_ISR
003f873c   _MXINTA_ISR
00007800   _McbspaRegs
003f8b09   _MemCopy
003f9001   _Msmt_Update
003f803f   _Msmt_Update_Position
003f8080   _Msmt_Update_Velocity
003f860b   _NMI_ISR
003f9006   _OprMode
003f8651   _PDPINTA_ISR
003f8656   _PDPINTB_ISR
003f8764   _PIE_RESERVED
00000ce0   _PieCtrlRegs
00000d00   _PieVectTable
003f9180   _PieVectTableInit
003f9005   _PosError
003f8601   _RTOSINT_ISR
003f8741   _SCIRXINTA_ISR
003f874b   _SCIRXINTB_ISR
003f8746   _SCITXINTA_ISR
003f8750   _SCITXINTB_ISR
003f872d   _SPIRXINTA_ISR
003f8732   _SPITXINTA_ISR
003f9040   _SRM
00007050   _SciaRegs
00007750   _ScibRegs
003f900e   _SlowDownFlag
00007040   _SpiaRegs
003f9008   _StartEn
00007010   _SysCtrlRegs
003f8688   _T1CINT_ISR
003f8692   _T1OFINT_ISR
003f8683   _T1PINT_ISR
003f868d   _T1UFINT_ISR
003f869c   _T2CINT_ISR
003f86a6   _T2OFINT_ISR
003f8697   _T2PINT_ISR
003f86a1   _T2UFINT_ISR
003f86ce   _T3CINT_ISR
003f86d8   _T3OFINT_ISR
003f86c9   _T3PINT_ISR
003f86d3   _T3UFINT_ISR
003f86e2   _T4CINT_ISR
003f86ec   _T4OFINT_ISR
003f86dd   _T4PINT_ISR
003f86e7   _T4UFINT_ISR
003f866a   _TINT0_ISR
003f8002   _Time_Update_Position
003f9000   _Toggle_LED
003f8642   _USER10_ISR
003f8647   _USER11_ISR
003f864c   _USER12_ISR
003f8615   _USER1_ISR
003f861a   _USER2_ISR
003f861f   _USER3_ISR
003f8624   _USER4_ISR
003f8629   _USER5_ISR
003f862e   _USER6_ISR
003f8633   _USER7_ISR
003f8638   _USER8_ISR
003f863d   _USER9_ISR
003f9003   _Update_Velocity
003f866f   _WAKEINT_ISR
003f865b   _XINT1_ISR
003f8660   _XINT2_ISR
00007070   _XIntruptRegs
00000b20   _XintfRegs
00000590   __STACK_END
00000190   __STACK_SIZE
ffffffff   ___binit__
ffffffff   ___c_args__
003f8b4b   ___cinit__
003f8b4b   ___etext__
ffffffff   ___pinit__
003f8002   ___text__
003f8b1e   __args_main
003f9104   __cleanup_ptr
003f9102   __dtors_ptr
003f90c4   __lock
003f8b42   __nop
003f8b43   __register_lock
003f8b47   __register_unlock
003f90c2   __unlock
003f8a5f   _abort
003f8a3e   _atexit
003f8a60   _c_int00
003f85d2   _check_for_stall
003f900b   _count
003f8221   _currentController
003f85ce   _enable_interrupts
003f876e   _eventmgr_init
003f8a16   _exit
003f9009   _i
003f82bd   _initializeSRM
003f85c3   _initialize_counters_and_flags
003f8409   _main
003f9002   _old_count
003f881f   _read_a2d
003f8885   _read_fifo
003f8769   _rsvd_ISR
003f900c   _slice
003f8438   _start_background
003f8831   _switch_lowside
003f81b4   _velocityController
ffffffff   binit
003f8b4b   cinit
003f8b4b   etext
ffffffff   pinit


GLOBAL SYMBOLS: SORTED BY Symbol Address 

address    name
--------   ----
00000190   __STACK_SIZE
00000590   __STACK_END
00000880   _DevEmuRegs
00000a80   _FlashRegs
00000ae0   _CsmRegs
00000b20   _XintfRegs
00000c00   _CpuTimer0Regs
00000c08   _CpuTimer1Regs
00000c10   _CpuTimer2Regs
00000ce0   _PieCtrlRegs
00000d00   _PieVectTable
00006000   _ECanaRegs
00006040   _ECanaLAMRegs
00006080   _ECanaMOTSRegs
000060c0   _ECanaMOTORegs
00006100   _ECanaMboxes
00007010   _SysCtrlRegs
00007040   _SpiaRegs
00007050   _SciaRegs
00007070   _XIntruptRegs
000070c0   _GpioMuxRegs
000070e0   _GpioDataRegs
00007100   _AdcRegs
00007400   _EvaRegs
00007500   _EvbRegs
00007750   _ScibRegs
00007800   _McbspaRegs
003f7ff8   _CsmPwl
003f8002   .text
003f8002   _Time_Update_Position
003f8002   ___text__
003f803f   _Msmt_Update_Position
003f8080   _Msmt_Update_Velocity
003f80d3   _Commutation_Algorithm
003f81b4   _velocityController
003f8221   _currentController
003f82bd   _initializeSRM
003f8409   _main
003f8438   _start_background
003f8486   _AdcInt_ISR
003f8547   _EvbCAPISR_INT
003f85c3   _initialize_counters_and_flags
003f85ce   _enable_interrupts
003f85d2   _check_for_stall
003f85f2   _INT13_ISR
003f85f7   _INT14_ISR
003f85fc   _DATALOG_ISR
003f8601   _RTOSINT_ISR
003f8606   _EMUINT_ISR
003f860b   _NMI_ISR
003f8610   _ILLEGAL_ISR
003f8615   _USER1_ISR
003f861a   _USER2_ISR
003f861f   _USER3_ISR
003f8624   _USER4_ISR
003f8629   _USER5_ISR
003f862e   _USER6_ISR
003f8633   _USER7_ISR
003f8638   _USER8_ISR
003f863d   _USER9_ISR
003f8642   _USER10_ISR
003f8647   _USER11_ISR
003f864c   _USER12_ISR
003f8651   _PDPINTA_ISR
003f8656   _PDPINTB_ISR
003f865b   _XINT1_ISR
003f8660   _XINT2_ISR
003f8665   _ADCINT_ISR
003f866a   _TINT0_ISR
003f866f   _WAKEINT_ISR
003f8674   _CMP1INT_ISR
003f8679   _CMP2INT_ISR
003f867e   _CMP3INT_ISR
003f8683   _T1PINT_ISR
003f8688   _T1CINT_ISR
003f868d   _T1UFINT_ISR
003f8692   _T1OFINT_ISR
003f8697   _T2PINT_ISR
003f869c   _T2CINT_ISR
003f86a1   _T2UFINT_ISR
003f86a6   _T2OFINT_ISR
003f86ab   _CAPINT1_ISR
003f86b0   _CAPINT2_ISR
003f86b5   _CAPINT3_ISR
003f86ba   _CMP4INT_ISR
003f86bf   _CMP5INT_ISR
003f86c4   _CMP6INT_ISR
003f86c9   _T3PINT_ISR
003f86ce   _T3CINT_ISR
003f86d3   _T3UFINT_ISR
003f86d8   _T3OFINT_ISR
003f86dd   _T4PINT_ISR
003f86e2   _T4CINT_ISR
003f86e7   _T4UFINT_ISR
003f86ec   _T4OFINT_ISR
003f86f1   _CAPINT4_ISR
003f8705   _CAPINT5_ISR
003f8719   _CAPINT6_ISR
003f872d   _SPIRXINTA_ISR
003f8732   _SPITXINTA_ISR
003f8737   _MRINTA_ISR
003f873c   _MXINTA_ISR
003f8741   _SCIRXINTA_ISR
003f8746   _SCITXINTA_ISR
003f874b   _SCIRXINTB_ISR
003f8750   _SCITXINTB_ISR
003f8755   _ECAN0INTA_ISR
003f875a   _ECAN1INTA_ISR
003f875f   _EMPTY_ISR
003f8764   _PIE_RESERVED
003f8769   _rsvd_ISR
003f876e   _eventmgr_init
003f881f   _read_a2d
003f8831   _switch_lowside
003f8885   _read_fifo
003f88b0   _InitSysCtrl
003f88c2   _DisableDog
003f88ca   _KickDog
003f88d4   _InitPll
003f88ef   _InitPeripheralClocks
003f8908   _CsmUnlock
003f8939   FS$$DIV
003f89bc   FS$$MPY
003f8a16   _exit
003f8a3c   C$$EXIT
003f8a3e   _atexit
003f8a5f   _abort
003f8a60   _c_int00
003f8aa4   _InitPieCtrl
003f8ac3   _EnableInterrupts
003f8acc   _InitPieVectTable
003f8aec   FS$$TOU
003f8b09   _MemCopy
003f8b1e   __args_main
003f8b32   U$$TOFS
003f8b42   __nop
003f8b43   __register_lock
003f8b47   __register_unlock
003f8b4b   ___cinit__
003f8b4b   ___etext__
003f8b4b   cinit
003f8b4b   etext
003f8b65   _InitFlash
003f9000   _Toggle_LED
003f9001   _Msmt_Update
003f9002   _old_count
003f9003   _Update_Velocity
003f9004   _Error1
003f9005   _PosError
003f9006   _OprMode
003f9007   _LEDvalue
003f9008   _StartEn
003f9009   _i
003f900a   _BrakeFlag
003f900b   _count
003f900c   _slice
003f900d   _LastOprMode
003f900e   _SlowDownFlag
003f9040   _SRM
003f90c2   __unlock
003f90c4   __lock
003f9102   __dtors_ptr
003f9104   __cleanup_ptr
003f9180   _PieVectTableInit
ffffffff   ___binit__
ffffffff   ___c_args__
ffffffff   ___pinit__
ffffffff   binit
ffffffff   pinit

[169 symbols]
