******************************************************************************
             TMS320C2000 Linker PC v6.2.7                      
******************************************************************************
>> Linked Tue Dec 23 20:01:45 2014

OUTPUT FILE NAME:   <CCS6SRMf7bUseless.out>
ENTRY POINT SYMBOL: "_c_int00"  address: 003f89d5


MEMORY CONFIGURATION

         name            origin    length      used     unused   attr    fill
----------------------  --------  ---------  --------  --------  ----  --------
PAGE 0:
  RAMM0                 00000000   00000400  00000000  00000400  RWIX
  BEGIN                 003f8000   00000002  00000002  00000000  RWIX
  PRAMH0                003f8002   00000ffe  00000b93  0000046b  RWIX
  RESET                 003fffc0   00000002  00000000  00000002  RWIX

PAGE 1:
  RAMM1                 00000400   00000400  00000190  00000270  RWIX
  DEV_EMU               00000880   00000180  000000d0  000000b0  RWIX
  FLASH_REGS            00000a80   00000060  00000008  00000058  RWIX
  CSM                   00000ae0   00000010  00000010  00000000  RWIX
  XINTF                 00000b20   00000020  00000020  00000000  RWIX
  CPU_TIMER0            00000c00   00000008  00000008  00000000  RWIX
  CPU_TIMER1            00000c08   00000008  00000008  00000000  RWIX
  CPU_TIMER2            00000c10   00000008  00000008  00000000  RWIX
  PIE_CTRL              00000ce0   00000020  0000001a  00000006  RWIX
  PIE_VECT              00000d00   00000100  00000100  00000000  RWIX
  ECANA                 00006000   00000040  00000034  0000000c  RWIX
  ECANA_LAM             00006040   00000040  00000040  00000000  RWIX
  ECANA_MOTS            00006080   00000040  00000040  00000000  RWIX
  ECANA_MOTO            000060c0   00000040  00000040  00000000  RWIX
  ECANA_MBOX            00006100   00000100  00000100  00000000  RWIX
  SYSTEM                00007010   00000020  00000020  00000000  RWIX
  SPIA                  00007040   00000010  00000010  00000000  RWIX
  SCIA                  00007050   00000010  00000010  00000000  RWIX
  XINTRUPT              00007070   00000010  00000010  00000000  RWIX
  GPIOMUX               000070c0   00000020  00000020  00000000  RWIX
  GPIODAT               000070e0   00000020  00000020  00000000  RWIX
  ADC                   00007100   00000020  0000001a  00000006  RWIX
  EVA                   00007400   00000040  00000032  0000000e  RWIX
  EVB                   00007500   00000040  00000032  0000000e  RWIX
  SCIB                  00007750   00000010  00000010  00000000  RWIX
  MCBSPA                00007800   00000040  00000025  0000001b  RWIX
  CSM_PWL               003f7ff8   00000008  00000008  00000000  RWIX
  DRAMH0                003f9000   00001000  00000280  00000d80  RWIX


SECTION ALLOCATION MAP

 output                                  attributes/
section   page    origin      length       input sections
--------  ----  ----------  ----------   ----------------
.pinit     0    003f8002    00000000     UNINITIALIZED

codestart 
*          0    003f8000    00000002     
                  003f8000    00000002     DSP281x_CodeStartBranch.obj (codestart)

.text      0    003f8002    00000b49     
                  003f8002    000003f6     ccsSRMf7.obj (.text)
                  003f83f8    0000021e     ccsSRMf7.obj (.text:retain)
                  003f8616    0000014f     DSP281x_DefaultIsr.obj (.text:retain)
                  003f8765    0000009e     DSP281x_SysCtrl.obj (.text)
                  003f8803    0000007a     DSP281x_Adc.obj (.text)
                  003f887d    0000005c     DSP281x_Ev.obj (.text)
                  003f88d9    0000005a     rts2800_ml.lib : fs_mpy.obj (.text)
                  003f8933    00000058     DSP281x_Gpio.obj (.text)
                  003f898b    0000004a     rts2800_ml.lib : exit.obj (.text)
                  003f89d5    00000044                    : boot.obj (.text)
                  003f8a19    00000036     DSP281x_Sci.obj (.text)
                  003f8a4f    0000002a     rts2800_ml.lib : l_div.obj (.text)
                  003f8a79    00000029                    : fs_tol.obj (.text)
                  003f8aa2    00000028     DSP281x_PieCtrl.obj (.text)
                  003f8aca    00000022     rts2800_ml.lib : i_div.obj (.text)
                  003f8aec    00000020     DSP281x_PieVect.obj (.text)
                  003f8b0c    0000001a     rts2800_ml.lib : l_tofs.obj (.text)
                  003f8b26    00000014                    : args_main.obj (.text)
                  003f8b3a    00000009                    : _lock.obj (.text)
                  003f8b43    00000008     DSP281x_CodeStartBranch.obj (.text)

.cinit     0    003f8b4b    0000004a     
                  003f8b4b    00000030     ccsSRMf7.obj (.cinit)
                  003f8b7b    0000000e     rts2800_ml.lib : exit.obj (.cinit)
                  003f8b89    0000000a                    : _lock.obj (.cinit)
                  003f8b93    00000002     --HOLE-- [fill = 0]

.reset     0    003fffc0    00000002     DSECT
                  003fffc0    00000002     rts2800_ml.lib : boot.obj (.reset)

.stack     1    00000400    00000190     UNINITIALIZED
                  00000400    00000190     --HOLE--

DevEmuRegsFile 
*          1    00000880    000000d0     UNINITIALIZED
                  00000880    000000d0     DSP281x_GlobalVariableDefs.obj (DevEmuRegsFile)

FlashRegsFile 
*          1    00000a80    00000008     UNINITIALIZED
                  00000a80    00000008     DSP281x_GlobalVariableDefs.obj (FlashRegsFile)

CsmRegsFile 
*          1    00000ae0    00000010     UNINITIALIZED
                  00000ae0    00000010     DSP281x_GlobalVariableDefs.obj (CsmRegsFile)

XintfRegsFile 
*          1    00000b20    00000020     UNINITIALIZED
                  00000b20    00000020     DSP281x_GlobalVariableDefs.obj (XintfRegsFile)

CpuTimer0RegsFile 
*          1    00000c00    00000008     UNINITIALIZED
                  00000c00    00000008     DSP281x_GlobalVariableDefs.obj (CpuTimer0RegsFile)

CpuTimer1RegsFile 
*          1    00000c08    00000008     UNINITIALIZED
                  00000c08    00000008     DSP281x_GlobalVariableDefs.obj (CpuTimer1RegsFile)

CpuTimer2RegsFile 
*          1    00000c10    00000008     UNINITIALIZED
                  00000c10    00000008     DSP281x_GlobalVariableDefs.obj (CpuTimer2RegsFile)

PieCtrlRegsFile 
*          1    00000ce0    0000001a     UNINITIALIZED
                  00000ce0    0000001a     DSP281x_GlobalVariableDefs.obj (PieCtrlRegsFile)

PieVectTableFile 
*          1    00000d00    00000100     UNINITIALIZED
                  00000d00    00000100     DSP281x_GlobalVariableDefs.obj (PieVectTableFile)

ECanaRegsFile 
*          1    00006000    00000034     UNINITIALIZED
                  00006000    00000034     DSP281x_GlobalVariableDefs.obj (ECanaRegsFile)

ECanaLAMRegsFile 
*          1    00006040    00000040     UNINITIALIZED
                  00006040    00000040     DSP281x_GlobalVariableDefs.obj (ECanaLAMRegsFile)

ECanaMOTSRegsFile 
*          1    00006080    00000040     UNINITIALIZED
                  00006080    00000040     DSP281x_GlobalVariableDefs.obj (ECanaMOTSRegsFile)

ECanaMOTORegsFile 
*          1    000060c0    00000040     UNINITIALIZED
                  000060c0    00000040     DSP281x_GlobalVariableDefs.obj (ECanaMOTORegsFile)

ECanaMboxesFile 
*          1    00006100    00000100     UNINITIALIZED
                  00006100    00000100     DSP281x_GlobalVariableDefs.obj (ECanaMboxesFile)

SysCtrlRegsFile 
*          1    00007010    00000020     UNINITIALIZED
                  00007010    00000020     DSP281x_GlobalVariableDefs.obj (SysCtrlRegsFile)

SpiaRegsFile 
*          1    00007040    00000010     UNINITIALIZED
                  00007040    00000010     DSP281x_GlobalVariableDefs.obj (SpiaRegsFile)

SciaRegsFile 
*          1    00007050    00000010     UNINITIALIZED
                  00007050    00000010     DSP281x_GlobalVariableDefs.obj (SciaRegsFile)

XIntruptRegsFile 
*          1    00007070    00000010     UNINITIALIZED
                  00007070    00000010     DSP281x_GlobalVariableDefs.obj (XIntruptRegsFile)

GpioMuxRegsFile 
*          1    000070c0    00000020     UNINITIALIZED
                  000070c0    00000020     DSP281x_GlobalVariableDefs.obj (GpioMuxRegsFile)

GpioDataRegsFile 
*          1    000070e0    00000020     UNINITIALIZED
                  000070e0    00000020     DSP281x_GlobalVariableDefs.obj (GpioDataRegsFile)

AdcRegsFile 
*          1    00007100    0000001a     UNINITIALIZED
                  00007100    0000001a     DSP281x_GlobalVariableDefs.obj (AdcRegsFile)

EvaRegsFile 
*          1    00007400    00000032     UNINITIALIZED
                  00007400    00000032     DSP281x_GlobalVariableDefs.obj (EvaRegsFile)

EvbRegsFile 
*          1    00007500    00000032     UNINITIALIZED
                  00007500    00000032     DSP281x_GlobalVariableDefs.obj (EvbRegsFile)

ScibRegsFile 
*          1    00007750    00000010     UNINITIALIZED
                  00007750    00000010     DSP281x_GlobalVariableDefs.obj (ScibRegsFile)

McbspaRegsFile 
*          1    00007800    00000025     UNINITIALIZED
                  00007800    00000025     DSP281x_GlobalVariableDefs.obj (McbspaRegsFile)

CsmPwlFile 
*          1    003f7ff8    00000008     UNINITIALIZED
                  003f7ff8    00000008     DSP281x_GlobalVariableDefs.obj (CsmPwlFile)

.ebss      1    003f9000    00000180     UNINITIALIZED
                  003f9000    000000c4     ccsSRMf7.obj (.ebss)
                  003f90c4    00000018     DSP281x_CpuTimers.obj (.ebss)
                  003f90dc    00000004     rts2800_ml.lib : _lock.obj (.ebss)
                  003f90e0    00000020     --HOLE--
                  003f9100    00000080                    : exit.obj (.ebss)

.econst    1    003f9180    00000100     
                  003f9180    00000100     DSP281x_PieVect.obj (.econst)


GLOBAL DATA SYMBOLS: SORTED BY DATA PAGE

address     data page           name
--------    ----------------    ----
00000880      22 (00000880)     _DevEmuRegs

00000a80      2a (00000a80)     _FlashRegs

00000ae0      2b (00000ac0)     _CsmRegs

00000b20      2c (00000b00)     _XintfRegs

00000c00      30 (00000c00)     _CpuTimer0Regs
00000c08      30 (00000c00)     _CpuTimer1Regs
00000c10      30 (00000c00)     _CpuTimer2Regs

00000ce0      33 (00000cc0)     _PieCtrlRegs

00000d00      34 (00000d00)     _PieVectTable

00006000     180 (00006000)     _ECanaRegs

00006040     181 (00006040)     _ECanaLAMRegs

00006080     182 (00006080)     _ECanaMOTSRegs

000060c0     183 (000060c0)     _ECanaMOTORegs

00006100     184 (00006100)     _ECanaMboxes

00007010     1c0 (00007000)     _SysCtrlRegs

00007040     1c1 (00007040)     _SpiaRegs
00007050     1c1 (00007040)     _SciaRegs
00007070     1c1 (00007040)     _XIntruptRegs

000070c0     1c3 (000070c0)     _GpioMuxRegs
000070e0     1c3 (000070c0)     _GpioDataRegs

00007100     1c4 (00007100)     _AdcRegs

00007400     1d0 (00007400)     _EvaRegs

00007500     1d4 (00007500)     _EvbRegs

00007750     1dd (00007740)     _ScibRegs

00007800     1e0 (00007800)     _McbspaRegs

003f7ff8    fdff (003f7fc0)     _CsmPwl

003f9000    fe40 (003f9000)     _old_count
003f9001    fe40 (003f9000)     _Update_Velocity
003f9002    fe40 (003f9000)     _count
003f9003    fe40 (003f9000)     _slice
003f9004    fe40 (003f9000)     _SpeedFlag
003f9005    fe40 (003f9000)     _CapCount
003f9006    fe40 (003f9000)     _Msmt_Update
003f9007    fe40 (003f9000)     _LEDvalue
003f9008    fe40 (003f9000)     _SpeedPiFlag
003f9009    fe40 (003f9000)     _StartFlag
003f900a    fe40 (003f9000)     _simu6count
003f900b    fe40 (003f9000)     _i
003f900c    fe40 (003f9000)     _testzero
003f900e    fe40 (003f9000)     _speed_error
003f9010    fe40 (003f9000)     _test2
003f9012    fe40 (003f9000)     _adclo
003f9014    fe40 (003f9000)     _iDes
003f9016    fe40 (003f9000)     _simu6pos

003f9040    fe41 (003f9040)     _SRM

003f90c4    fe43 (003f90c0)     _CpuTimer1
003f90cc    fe43 (003f90c0)     _CpuTimer2
003f90d4    fe43 (003f90c0)     _CpuTimer0
003f90dc    fe43 (003f90c0)     __unlock
003f90de    fe43 (003f90c0)     __lock

003f9102    fe44 (003f9100)     __dtors_ptr
003f9104    fe44 (003f9100)     __cleanup_ptr

003f9180    fe46 (003f9180)     _PieVectTableInit


GLOBAL SYMBOLS: SORTED ALPHABETICALLY BY Name 

address    name
--------   ----
003f8002   .text
003f89b1   C$$EXIT
003f88d9   FS$$MPY
003f8a79   FS$$TOL
003f8aca   I$$DIV
003f8adb   I$$MOD
003f8a4f   L$$DIV
003f8a5e   L$$MOD
003f8b0c   L$$TOFS
003f8a6c   UL$$DIV
003f8a73   UL$$MOD
003f8689   _ADCINT_ISR
00007100   _AdcRegs
003f86cf   _CAPINT1_ISR
003f86d4   _CAPINT2_ISR
003f86d9   _CAPINT3_ISR
003f8715   _CAPINT4_ISR
003f871a   _CAPINT5_ISR
003f871f   _CAPINT6_ISR
003f8698   _CMP1INT_ISR
003f869d   _CMP2INT_ISR
003f86a2   _CMP3INT_ISR
003f86de   _CMP4INT_ISR
003f86e3   _CMP5INT_ISR
003f86e8   _CMP6INT_ISR
003f9005   _CapCount
003f835d   _Commutation_Algorithm
003f90d4   _CpuTimer0
00000c00   _CpuTimer0Regs
003f90c4   _CpuTimer1
00000c08   _CpuTimer1Regs
003f90cc   _CpuTimer2
00000c10   _CpuTimer2Regs
003f7ff8   _CsmPwl
00000ae0   _CsmRegs
003f87d2   _CsmUnlock
003f8620   _DATALOG_ISR
00000880   _DevEmuRegs
003f8787   _DisableDog
003f874c   _ECAN0INTA_ISR
003f8751   _ECAN1INTA_ISR
00006040   _ECanaLAMRegs
000060c0   _ECanaMOTORegs
00006080   _ECanaMOTSRegs
00006100   _ECanaMboxes
00006000   _ECanaRegs
003f8756   _EMPTY_ISR
003f862a   _EMUINT_ISR
003f8ac1   _EnableInterrupts
00007400   _EvaRegs
003f84c6   _EvbCAP4ISR_INT
003f853a   _EvbCAP5ISR_INT
003f85a8   _EvbCAP6ISR_INT
00007500   _EvbRegs
00000a80   _FlashRegs
000070e0   _GpioDataRegs
000070c0   _GpioMuxRegs
003f8634   _ILLEGAL_ISR
003f8616   _INT13_ISR
003f861b   _INT14_ISR
003f8803   _InitAdc
003f887d   _InitEv
003f8933   _InitGpio
003f87b8   _InitPeripheralClocks
003f8aa2   _InitPieCtrl
003f8aec   _InitPieVectTable
003f8799   _InitPll
003f8a19   _InitSci
003f8765   _InitSysCtrl
003f878f   _KickDog
003f9007   _LEDvalue
003f872e   _MRINTA_ISR
003f8733   _MXINTA_ISR
00007800   _McbspaRegs
003f9006   _Msmt_Update
003f8284   _Msmt_Update_Velocity
003f862f   _NMI_ISR
003f8675   _PDPINTA_ISR
003f867a   _PDPINTB_ISR
003f875b   _PIE_RESERVED
00000ce0   _PieCtrlRegs
00000d00   _PieVectTable
003f9180   _PieVectTableInit
003f8625   _RTOSINT_ISR
003f8738   _SCIRXINTA_ISR
003f8742   _SCIRXINTB_ISR
003f873d   _SCITXINTA_ISR
003f8747   _SCITXINTB_ISR
003f8724   _SPIRXINTA_ISR
003f8729   _SPITXINTA_ISR
003f9040   _SRM
00007050   _SciaRegs
003f8a40   _SciaRx_Ready
003f8a31   _SciaTx_Ready
00007750   _ScibRegs
003f9004   _SpeedFlag
003f9008   _SpeedPiFlag
00007040   _SpiaRegs
003f9009   _StartFlag
00007010   _SysCtrlRegs
003f86ac   _T1CINT_ISR
003f86b6   _T1OFINT_ISR
003f86a7   _T1PINT_ISR
003f86b1   _T1UFINT_ISR
003f86c0   _T2CINT_ISR
003f86ca   _T2OFINT_ISR
003f86bb   _T2PINT_ISR
003f86c5   _T2UFINT_ISR
003f86f2   _T3CINT_ISR
003f86fc   _T3OFINT_ISR
003f86ed   _T3PINT_ISR
003f86f7   _T3UFINT_ISR
003f8706   _T4CINT_ISR
003f8710   _T4OFINT_ISR
003f8701   _T4PINT_ISR
003f870b   _T4UFINT_ISR
003f868e   _TINT0_ISR
003f832a   _Time_Update_Position
003f8666   _USER10_ISR
003f866b   _USER11_ISR
003f8670   _USER12_ISR
003f8639   _USER1_ISR
003f863e   _USER2_ISR
003f8643   _USER3_ISR
003f8648   _USER4_ISR
003f864d   _USER5_ISR
003f8652   _USER6_ISR
003f8657   _USER7_ISR
003f865c   _USER8_ISR
003f8661   _USER9_ISR
003f9001   _Update_Velocity
003f8693   _WAKEINT_ISR
003f867f   _XINT1_ISR
003f8684   _XINT2_ISR
00007070   _XIntruptRegs
00000b20   _XintfRegs
00000590   __STACK_END
00000190   __STACK_SIZE
ffffffff   ___binit__
ffffffff   ___c_args__
003f8b4b   ___cinit__
003f8b4b   ___etext__
ffffffff   ___pinit__
003f8002   ___text__
003f8b26   __args_main
003f9104   __cleanup_ptr
003f9102   __dtors_ptr
003f90de   __lock
003f8b3a   __nop
003f8b3b   __register_lock
003f8b3f   __register_unlock
003f90dc   __unlock
003f89d4   _abort
003f83f8   _ad
003f9012   _adclo
003f89b3   _atexit
003f89d5   _c_int00
003f9002   _count
003f82d9   _currentController
003f898b   _exit
003f900b   _i
003f9014   _iDes
003f8150   _initializeSRM
003f8002   _main
003f9000   _old_count
003f8760   _rsvd_ISR
003f900a   _simu6count
003f9016   _simu6pos
003f9003   _slice
003f900e   _speed_error
003f83c8   _switch_lowside
003f9010   _test2
003f900c   _testzero
ffffffff   binit
003f8b4b   cinit
003f8b4b   etext
ffffffff   pinit


GLOBAL SYMBOLS: SORTED BY Symbol Address 

address    name
--------   ----
00000190   __STACK_SIZE
00000590   __STACK_END
00000880   _DevEmuRegs
00000a80   _FlashRegs
00000ae0   _CsmRegs
00000b20   _XintfRegs
00000c00   _CpuTimer0Regs
00000c08   _CpuTimer1Regs
00000c10   _CpuTimer2Regs
00000ce0   _PieCtrlRegs
00000d00   _PieVectTable
00006000   _ECanaRegs
00006040   _ECanaLAMRegs
00006080   _ECanaMOTSRegs
000060c0   _ECanaMOTORegs
00006100   _ECanaMboxes
00007010   _SysCtrlRegs
00007040   _SpiaRegs
00007050   _SciaRegs
00007070   _XIntruptRegs
000070c0   _GpioMuxRegs
000070e0   _GpioDataRegs
00007100   _AdcRegs
00007400   _EvaRegs
00007500   _EvbRegs
00007750   _ScibRegs
00007800   _McbspaRegs
003f7ff8   _CsmPwl
003f8002   .text
003f8002   ___text__
003f8002   _main
003f8150   _initializeSRM
003f8284   _Msmt_Update_Velocity
003f82d9   _currentController
003f832a   _Time_Update_Position
003f835d   _Commutation_Algorithm
003f83c8   _switch_lowside
003f83f8   _ad
003f84c6   _EvbCAP4ISR_INT
003f853a   _EvbCAP5ISR_INT
003f85a8   _EvbCAP6ISR_INT
003f8616   _INT13_ISR
003f861b   _INT14_ISR
003f8620   _DATALOG_ISR
003f8625   _RTOSINT_ISR
003f862a   _EMUINT_ISR
003f862f   _NMI_ISR
003f8634   _ILLEGAL_ISR
003f8639   _USER1_ISR
003f863e   _USER2_ISR
003f8643   _USER3_ISR
003f8648   _USER4_ISR
003f864d   _USER5_ISR
003f8652   _USER6_ISR
003f8657   _USER7_ISR
003f865c   _USER8_ISR
003f8661   _USER9_ISR
003f8666   _USER10_ISR
003f866b   _USER11_ISR
003f8670   _USER12_ISR
003f8675   _PDPINTA_ISR
003f867a   _PDPINTB_ISR
003f867f   _XINT1_ISR
003f8684   _XINT2_ISR
003f8689   _ADCINT_ISR
003f868e   _TINT0_ISR
003f8693   _WAKEINT_ISR
003f8698   _CMP1INT_ISR
003f869d   _CMP2INT_ISR
003f86a2   _CMP3INT_ISR
003f86a7   _T1PINT_ISR
003f86ac   _T1CINT_ISR
003f86b1   _T1UFINT_ISR
003f86b6   _T1OFINT_ISR
003f86bb   _T2PINT_ISR
003f86c0   _T2CINT_ISR
003f86c5   _T2UFINT_ISR
003f86ca   _T2OFINT_ISR
003f86cf   _CAPINT1_ISR
003f86d4   _CAPINT2_ISR
003f86d9   _CAPINT3_ISR
003f86de   _CMP4INT_ISR
003f86e3   _CMP5INT_ISR
003f86e8   _CMP6INT_ISR
003f86ed   _T3PINT_ISR
003f86f2   _T3CINT_ISR
003f86f7   _T3UFINT_ISR
003f86fc   _T3OFINT_ISR
003f8701   _T4PINT_ISR
003f8706   _T4CINT_ISR
003f870b   _T4UFINT_ISR
003f8710   _T4OFINT_ISR
003f8715   _CAPINT4_ISR
003f871a   _CAPINT5_ISR
003f871f   _CAPINT6_ISR
003f8724   _SPIRXINTA_ISR
003f8729   _SPITXINTA_ISR
003f872e   _MRINTA_ISR
003f8733   _MXINTA_ISR
003f8738   _SCIRXINTA_ISR
003f873d   _SCITXINTA_ISR
003f8742   _SCIRXINTB_ISR
003f8747   _SCITXINTB_ISR
003f874c   _ECAN0INTA_ISR
003f8751   _ECAN1INTA_ISR
003f8756   _EMPTY_ISR
003f875b   _PIE_RESERVED
003f8760   _rsvd_ISR
003f8765   _InitSysCtrl
003f8787   _DisableDog
003f878f   _KickDog
003f8799   _InitPll
003f87b8   _InitPeripheralClocks
003f87d2   _CsmUnlock
003f8803   _InitAdc
003f887d   _InitEv
003f88d9   FS$$MPY
003f8933   _InitGpio
003f898b   _exit
003f89b1   C$$EXIT
003f89b3   _atexit
003f89d4   _abort
003f89d5   _c_int00
003f8a19   _InitSci
003f8a31   _SciaTx_Ready
003f8a40   _SciaRx_Ready
003f8a4f   L$$DIV
003f8a5e   L$$MOD
003f8a6c   UL$$DIV
003f8a73   UL$$MOD
003f8a79   FS$$TOL
003f8aa2   _InitPieCtrl
003f8ac1   _EnableInterrupts
003f8aca   I$$DIV
003f8adb   I$$MOD
003f8aec   _InitPieVectTable
003f8b0c   L$$TOFS
003f8b26   __args_main
003f8b3a   __nop
003f8b3b   __register_lock
003f8b3f   __register_unlock
003f8b4b   ___cinit__
003f8b4b   ___etext__
003f8b4b   cinit
003f8b4b   etext
003f9000   _old_count
003f9001   _Update_Velocity
003f9002   _count
003f9003   _slice
003f9004   _SpeedFlag
003f9005   _CapCount
003f9006   _Msmt_Update
003f9007   _LEDvalue
003f9008   _SpeedPiFlag
003f9009   _StartFlag
003f900a   _simu6count
003f900b   _i
003f900c   _testzero
003f900e   _speed_error
003f9010   _test2
003f9012   _adclo
003f9014   _iDes
003f9016   _simu6pos
003f9040   _SRM
003f90c4   _CpuTimer1
003f90cc   _CpuTimer2
003f90d4   _CpuTimer0
003f90dc   __unlock
003f90de   __lock
003f9102   __dtors_ptr
003f9104   __cleanup_ptr
003f9180   _PieVectTableInit
ffffffff   ___binit__
ffffffff   ___c_args__
ffffffff   ___pinit__
ffffffff   binit
ffffffff   pinit

[177 symbols]
