******************************************************************************
             TMS320C2000 Linker PC v5.2.1                      
******************************************************************************
>> Linked Wed Dec 03 20:45:36 2014

OUTPUT FILE NAME:   <./Debug/CCSSRM2812f.out>
ENTRY POINT SYMBOL: "_c_int00"  address: 003f87d2


MEMORY CONFIGURATION

         name            origin    length      used     unused   attr    fill
----------------------  --------  ---------  --------  --------  ----  --------
PAGE 0:
  PRAMH0                003f8000   00001000  000009c9  00000637  RWIX

PAGE 1:
  RAMM0                 00000000   00000400  00000000  00000400  RWIX
  RAMM1                 00000400   00000400  000003e8  00000018  RWIX
  DEV_EMU               00000880   00000180  000000d6  000000aa  RWIX
  FLASH_REGS            00000a80   00000060  00000008  00000058  RWIX
  CSM                   00000ae0   00000010  00000010  00000000  RWIX
  XINTF                 00000b20   00000020  00000020  00000000  RWIX
  CPU_TIMER0            00000c00   00000008  00000008  00000000  RWIX
  CPU_TIMER1            00000c08   00000008  00000008  00000000  RWIX
  CPU_TIMER2            00000c10   00000008  00000008  00000000  RWIX
  PIE_CTRL              00000ce0   00000020  0000001a  00000006  RWIX
  PIE_VECT              00000d00   00000100  00000100  00000000  RWIX
  ECAN_A                00006000   00000100  00000034  000000cc  RWIX
  ECAN_AMBOX            00006100   00000100  00000100  00000000  RWIX
  SYSTEM                00007010   00000020  00000020  00000000  RWIX
  SPI_A                 00007040   00000010  00000010  00000000  RWIX
  SCI_A                 00007050   00000010  00000010  00000000  RWIX
  XINTRUPT              00007070   00000010  00000010  00000000  RWIX
  GPIOMUX               000070c0   00000020  00000020  00000000  RWIX
  GPIODAT               000070e0   00000020  00000020  00000000  RWIX
  ADC                   00007100   00000020  0000001a  00000006  RWIX
  EV_A                  00007400   00000040  00000032  0000000e  RWIX
  EV_B                  00007500   00000040  00000032  0000000e  RWIX
  SPI_B                 00007740   00000010  00000000  00000010  RWIX
  SCI_B                 00007750   00000010  00000010  00000000  RWIX
  MCBSP_A               00007800   00000040  00000025  0000001b  RWIX
  CSM_PWL               003f7ff8   00000008  00000008  00000000  RWIX
  DRAMH0                003f9000   00001000  00000280  00000d80  RWIX


SECTION ALLOCATION MAP

 output                                  attributes/
section   page    origin      length       input sections
--------  ----  ----------  ----------   ----------------
.text      0    003f8000    00000999     
                  003f8000    000004be     CCSSRM2812f.obj (.text)
                  003f84be    0000014a     DSP28_DefaultIsr.obj (.text)
                  003f8608    0000007d     DSP28_CpuTimers.obj (.text)
                  003f8685    0000007a     DSP28_Adc.obj (.text)
                  003f86ff    00000079     DSP28_Xintf.obj (.text)
                  003f8778    0000005a     rts2800n.lib : fs_mpy.obj (.text)
                  003f87d2    0000004b                  : boot.obj (.text)
                  003f881d    00000047     DSP28_Ev.obj (.text)
                  003f8864    0000003e     rts2800n.lib : exit.obj (.text)
                  003f88a2    0000003b                  : fs_tol.obj (.text)
                  003f88dd    00000035     DSP28_SysCtrl.obj (.text)
                  003f8912    00000028     DSP28_Gpio.obj (.text)
                  003f893a    00000022     DSP28_PieCtrl.obj (.text)
                  003f895c    00000020     DSP28_PieVect.obj (.text)
                  003f897c    00000016     Cotherfiles.obj (.text)
                  003f8992    00000007     rts2800n.lib : _lock.obj (.text)

.cinit     0    003f8999    0000002e     
                  003f8999    00000019     CCSSRM2812f.obj (.cinit)
                  003f89b2    0000000b     rts2800n.lib : exit.obj (.cinit)
                  003f89bd    00000008                  : _lock.obj (.cinit)
                  003f89c5    00000002     --HOLE-- [fill = 0]

.reset     0    003f89c7    00000002     
                  003f89c7    00000002     rts2800n.lib : boot.obj (.reset)

.stack     1    00000400    000003e8     UNINITIALIZED
                  00000400    000003e8     --HOLE--

DevEmuRegsFile 
*          1    00000880    000000d6     UNINITIALIZED
                  00000880    000000d6     DSP28_GlobalVariableDefs.obj (DevEmuRegsFile)

FlashRegsFile 
*          1    00000a80    00000008     UNINITIALIZED
                  00000a80    00000008     DSP28_GlobalVariableDefs.obj (FlashRegsFile)

CsmRegsFile 
*          1    00000ae0    00000010     UNINITIALIZED
                  00000ae0    00000010     DSP28_GlobalVariableDefs.obj (CsmRegsFile)

XintfRegsFile 
*          1    00000b20    00000020     UNINITIALIZED
                  00000b20    00000020     DSP28_GlobalVariableDefs.obj (XintfRegsFile)

CpuTimer0RegsFile 
*          1    00000c00    00000008     UNINITIALIZED
                  00000c00    00000008     DSP28_GlobalVariableDefs.obj (CpuTimer0RegsFile)

CpuTimer1RegsFile 
*          1    00000c08    00000008     UNINITIALIZED
                  00000c08    00000008     DSP28_GlobalVariableDefs.obj (CpuTimer1RegsFile)

CpuTimer2RegsFile 
*          1    00000c10    00000008     UNINITIALIZED
                  00000c10    00000008     DSP28_GlobalVariableDefs.obj (CpuTimer2RegsFile)

PieCtrlRegsFile 
*          1    00000ce0    0000001a     UNINITIALIZED
                  00000ce0    0000001a     DSP28_GlobalVariableDefs.obj (PieCtrlRegsFile)

PieVectTable 
*          1    00000d00    00000100     UNINITIALIZED
                  00000d00    00000100     DSP28_GlobalVariableDefs.obj (PieVectTable)

ECanaRegsFile 
*          1    00006000    00000034     UNINITIALIZED
                  00006000    00000034     DSP28_GlobalVariableDefs.obj (ECanaRegsFile)

ECanaMboxesFile 
*          1    00006100    00000100     UNINITIALIZED
                  00006100    00000100     DSP28_GlobalVariableDefs.obj (ECanaMboxesFile)

SysCtrlRegsFile 
*          1    00007010    00000020     UNINITIALIZED
                  00007010    00000020     DSP28_GlobalVariableDefs.obj (SysCtrlRegsFile)

SpiaRegsFile 
*          1    00007040    00000010     UNINITIALIZED
                  00007040    00000010     DSP28_GlobalVariableDefs.obj (SpiaRegsFile)

SciaRegsFile 
*          1    00007050    00000010     UNINITIALIZED
                  00007050    00000010     DSP28_GlobalVariableDefs.obj (SciaRegsFile)

XIntruptRegsFile 
*          1    00007070    00000010     UNINITIALIZED
                  00007070    00000010     DSP28_GlobalVariableDefs.obj (XIntruptRegsFile)

GpioMuxRegsFile 
*          1    000070c0    00000020     UNINITIALIZED
                  000070c0    00000020     DSP28_GlobalVariableDefs.obj (GpioMuxRegsFile)

GpioDataRegsFile 
*          1    000070e0    00000020     UNINITIALIZED
                  000070e0    00000020     DSP28_GlobalVariableDefs.obj (GpioDataRegsFile)

AdcRegsFile 
*          1    00007100    0000001a     UNINITIALIZED
                  00007100    0000001a     DSP28_GlobalVariableDefs.obj (AdcRegsFile)

EvaRegsFile 
*          1    00007400    00000032     UNINITIALIZED
                  00007400    00000032     DSP28_GlobalVariableDefs.obj (EvaRegsFile)

EvbRegsFile 
*          1    00007500    00000032     UNINITIALIZED
                  00007500    00000032     DSP28_GlobalVariableDefs.obj (EvbRegsFile)

ScibRegsFile 
*          1    00007750    00000010     UNINITIALIZED
                  00007750    00000010     DSP28_GlobalVariableDefs.obj (ScibRegsFile)

McbspaRegsFile 
*          1    00007800    00000025     UNINITIALIZED
                  00007800    00000025     DSP28_GlobalVariableDefs.obj (McbspaRegsFile)

CsmPwlFile 
*          1    003f7ff8    00000008     UNINITIALIZED
                  003f7ff8    00000008     DSP28_GlobalVariableDefs.obj (CsmPwlFile)

.econst    1    003f9000    00000100     
                  003f9000    00000100     DSP28_PieVect.obj (.econst)

.ebss      1    003f9100    000000dc     UNINITIALIZED
                  003f9100    000000c4     CCSSRM2812f.obj (.ebss)
                  003f91c4    00000018     DSP28_CpuTimers.obj (.ebss)

.bss       1    003f91dc    000000a4     UNINITIALIZED
                  003f91dc    00000004     rts2800n.lib : _lock.obj (.bss)
                  003f91e0    00000020     --HOLE--
                  003f9200    00000080                  : exit.obj (.bss)


GLOBAL SYMBOLS: SORTED ALPHABETICALLY BY Name 

address    name
--------   ----
003f91dc   .bss
003f8000   .text
003f8883   C$$EXIT
003f8778   FS$$MPY
003f88a2   FS$$TOL
003f8527   _ADCINT_ISR
00007100   _AdcRegs
003f8572   _CAPINT1_ISR
003f8577   _CAPINT2_ISR
003f857c   _CAPINT3_ISR
003f85bd   _CAPINT4_ISR
003f85c2   _CAPINT5_ISR
003f85c7   _CAPINT6_ISR
003f853b   _CMP1INT_ISR
003f8540   _CMP2INT_ISR
003f8545   _CMP3INT_ISR
003f8586   _CMP4INT_ISR
003f858b   _CMP5INT_ISR
003f8590   _CMP6INT_ISR
003f844d   _Commutation_Algorithm
003f8641   _ConfigCpuTimer
003f91d4   _CpuTimer0
00000c00   _CpuTimer0Regs
003f91c4   _CpuTimer1
00000c08   _CpuTimer1Regs
003f91cc   _CpuTimer2
00000c10   _CpuTimer2Regs
003f7ff8   _CsmPwl
00000ae0   _CsmRegs
003f84d7   _DATALOG_ISR
00000880   _DevEmuRegs
003f85f4   _ECAN0INTA_ISR
003f85f9   _ECAN1INTA_ISR
00006100   _ECanaMboxes
00006000   _ECanaRegs
003f84e1   _EMUINT_ISR
00007400   _EvaRegs
003f80dc   _EvbCAP4ISR_INT
003f8147   _EvbCAP5ISR_INT
003f81ba   _EvbCAP6ISR_INT
00007500   _EvbRegs
00000a80   _FlashRegs
000070e0   _GpioDataRegs
000070c0   _GpioMuxRegs
003f84e6   _ILLEGAL_ISR
003f84be   _INT13_ISR
003f84c3   _INT14_ISR
003f8685   _InitAdc
003f8608   _InitCpuTimers
003f8980   _InitECan
003f881d   _InitEv
003f8912   _InitGpio
003f897f   _InitMcbsp
003f8981   _InitPeripherals
003f893a   _InitPieCtrl
003f895c   _InitPieVectTable
003f897e   _InitSci
003f897d   _InitSpi
003f88dd   _InitSysCtrl
003f897c   _InitXIntrupt
003f86ff   _InitXintf
003f8908   _KickDog
003f9103   _LEDvalue
003f85cc   _MRINTA_ISR
003f85d1   _MXINTA_ISR
00007800   _McbspaRegs
003f9106   _Msmt_Update
003f836c   _Msmt_Update_Velocity
003f84c8   _NMI_ISR
003f8536   _PDPINTA_ISR
003f8581   _PDPINTB_ISR
003f85fe   _PIE_RESERVED
00000ce0   _PieCtrl
00000d00   _PieVectTable
003f9000   _PieVectTableInit
003f84dc   _RTOSINT_ISR
003f85e0   _SCIRXINTA_ISR
003f85ea   _SCIRXINTB_ISR
003f85e5   _SCITXINTA_ISR
003f85ef   _SCITXINTB_ISR
003f85d6   _SPIRXINTA_ISR
003f85db   _SPITXINTA_ISR
003f9140   _SRM
00007050   _SciaRegs
00007750   _ScibRegs
00007040   _SpiaRegs
00007010   _SysCtrlRegs
003f854f   _T1CINT_ISR
003f8559   _T1OFINT_ISR
003f854a   _T1PINT_ISR
003f8554   _T1UFINT_ISR
003f8563   _T2CINT_ISR
003f856d   _T2OFINT_ISR
003f855e   _T2PINT_ISR
003f8568   _T2UFINT_ISR
003f859a   _T3CINT_ISR
003f85a4   _T3OFINT_ISR
003f8595   _T3PINT_ISR
003f859f   _T3UFINT_ISR
003f85ae   _T4CINT_ISR
003f85b8   _T4OFINT_ISR
003f85a9   _T4PINT_ISR
003f85b3   _T4UFINT_ISR
003f852c   _TINT0_ISR
003f840f   _Time_Update_Position
003f84eb   _USER0_ISR
003f851d   _USER10_ISR
003f8522   _USER11_ISR
003f84f0   _USER1_ISR
003f84f5   _USER2_ISR
003f84fa   _USER3_ISR
003f84ff   _USER4_ISR
003f8504   _USER5_ISR
003f8509   _USER6_ISR
003f850e   _USER7_ISR
003f8513   _USER8_ISR
003f8518   _USER9_ISR
003f9101   _Update_Velocity
003f8531   _WAKEINT_ISR
003f84cd   _XINT1_ISR
003f84d2   _XINT2_ISR
00007070   _XIntruptRegs
00000b20   _XintfRegs
000007e8   __STACK_END
000003e8   __STACK_SIZE
ffffffff   ___binit__
003f91dc   ___bss__
ffffffff   ___c_args__
003f8999   ___cinit__
003f9280   ___end__
003f8999   ___etext__
ffffffff   ___pinit__
003f8000   ___text__
003f9204   __cleanup_ptr
003f9202   __dtors_ptr
003f91de   __lock
003f8992   __nop
003f8993   __register_lock
003f8996   __register_unlock
003f91dc   __unlock
003f88a1   _abort
003f8082   _ad
003f9108   _adclo
003f8885   _atexit
003f87d2   _c_int00
003f9102   _count
003f83c1   _currentController
003f8864   _exit
003f9104   _i
003f822d   _initializeSRM
003f8000   _main
003f9100   _old_count
003f8603   _rsvd_ISR
003f9105   _slice
003f848e   _switch_lowside
ffffffff   binit
003f8999   cinit
003f9280   end
003f8999   etext
ffffffff   pinit


GLOBAL SYMBOLS: SORTED BY Symbol Address 

address    name
--------   ----
000003e8   __STACK_SIZE
000007e8   __STACK_END
00000880   _DevEmuRegs
00000a80   _FlashRegs
00000ae0   _CsmRegs
00000b20   _XintfRegs
00000c00   _CpuTimer0Regs
00000c08   _CpuTimer1Regs
00000c10   _CpuTimer2Regs
00000ce0   _PieCtrl
00000d00   _PieVectTable
00006000   _ECanaRegs
00006100   _ECanaMboxes
00007010   _SysCtrlRegs
00007040   _SpiaRegs
00007050   _SciaRegs
00007070   _XIntruptRegs
000070c0   _GpioMuxRegs
000070e0   _GpioDataRegs
00007100   _AdcRegs
00007400   _EvaRegs
00007500   _EvbRegs
00007750   _ScibRegs
00007800   _McbspaRegs
003f7ff8   _CsmPwl
003f8000   .text
003f8000   ___text__
003f8000   _main
003f8082   _ad
003f80dc   _EvbCAP4ISR_INT
003f8147   _EvbCAP5ISR_INT
003f81ba   _EvbCAP6ISR_INT
003f822d   _initializeSRM
003f836c   _Msmt_Update_Velocity
003f83c1   _currentController
003f840f   _Time_Update_Position
003f844d   _Commutation_Algorithm
003f848e   _switch_lowside
003f84be   _INT13_ISR
003f84c3   _INT14_ISR
003f84c8   _NMI_ISR
003f84cd   _XINT1_ISR
003f84d2   _XINT2_ISR
003f84d7   _DATALOG_ISR
003f84dc   _RTOSINT_ISR
003f84e1   _EMUINT_ISR
003f84e6   _ILLEGAL_ISR
003f84eb   _USER0_ISR
003f84f0   _USER1_ISR
003f84f5   _USER2_ISR
003f84fa   _USER3_ISR
003f84ff   _USER4_ISR
003f8504   _USER5_ISR
003f8509   _USER6_ISR
003f850e   _USER7_ISR
003f8513   _USER8_ISR
003f8518   _USER9_ISR
003f851d   _USER10_ISR
003f8522   _USER11_ISR
003f8527   _ADCINT_ISR
003f852c   _TINT0_ISR
003f8531   _WAKEINT_ISR
003f8536   _PDPINTA_ISR
003f853b   _CMP1INT_ISR
003f8540   _CMP2INT_ISR
003f8545   _CMP3INT_ISR
003f854a   _T1PINT_ISR
003f854f   _T1CINT_ISR
003f8554   _T1UFINT_ISR
003f8559   _T1OFINT_ISR
003f855e   _T2PINT_ISR
003f8563   _T2CINT_ISR
003f8568   _T2UFINT_ISR
003f856d   _T2OFINT_ISR
003f8572   _CAPINT1_ISR
003f8577   _CAPINT2_ISR
003f857c   _CAPINT3_ISR
003f8581   _PDPINTB_ISR
003f8586   _CMP4INT_ISR
003f858b   _CMP5INT_ISR
003f8590   _CMP6INT_ISR
003f8595   _T3PINT_ISR
003f859a   _T3CINT_ISR
003f859f   _T3UFINT_ISR
003f85a4   _T3OFINT_ISR
003f85a9   _T4PINT_ISR
003f85ae   _T4CINT_ISR
003f85b3   _T4UFINT_ISR
003f85b8   _T4OFINT_ISR
003f85bd   _CAPINT4_ISR
003f85c2   _CAPINT5_ISR
003f85c7   _CAPINT6_ISR
003f85cc   _MRINTA_ISR
003f85d1   _MXINTA_ISR
003f85d6   _SPIRXINTA_ISR
003f85db   _SPITXINTA_ISR
003f85e0   _SCIRXINTA_ISR
003f85e5   _SCITXINTA_ISR
003f85ea   _SCIRXINTB_ISR
003f85ef   _SCITXINTB_ISR
003f85f4   _ECAN0INTA_ISR
003f85f9   _ECAN1INTA_ISR
003f85fe   _PIE_RESERVED
003f8603   _rsvd_ISR
003f8608   _InitCpuTimers
003f8641   _ConfigCpuTimer
003f8685   _InitAdc
003f86ff   _InitXintf
003f8778   FS$$MPY
003f87d2   _c_int00
003f881d   _InitEv
003f8864   _exit
003f8883   C$$EXIT
003f8885   _atexit
003f88a1   _abort
003f88a2   FS$$TOL
003f88dd   _InitSysCtrl
003f8908   _KickDog
003f8912   _InitGpio
003f893a   _InitPieCtrl
003f895c   _InitPieVectTable
003f897c   _InitXIntrupt
003f897d   _InitSpi
003f897e   _InitSci
003f897f   _InitMcbsp
003f8980   _InitECan
003f8981   _InitPeripherals
003f8992   __nop
003f8993   __register_lock
003f8996   __register_unlock
003f8999   ___cinit__
003f8999   ___etext__
003f8999   cinit
003f8999   etext
003f9000   _PieVectTableInit
003f9100   _old_count
003f9101   _Update_Velocity
003f9102   _count
003f9103   _LEDvalue
003f9104   _i
003f9105   _slice
003f9106   _Msmt_Update
003f9108   _adclo
003f9140   _SRM
003f91c4   _CpuTimer1
003f91cc   _CpuTimer2
003f91d4   _CpuTimer0
003f91dc   .bss
003f91dc   ___bss__
003f91dc   __unlock
003f91de   __lock
003f9202   __dtors_ptr
003f9204   __cleanup_ptr
003f9280   ___end__
003f9280   end
ffffffff   ___binit__
ffffffff   ___c_args__
ffffffff   ___pinit__
ffffffff   binit
ffffffff   pinit

[160 symbols]
