******************************************************************************
             TMS320C2000 Linker PC v6.2.7                      
******************************************************************************
>> Linked Fri Dec 12 15:18:10 2014

OUTPUT FILE NAME:   <TOP_FlashCpuTimer0.out>
ENTRY POINT SYMBOL: "_c_int00"  address: 003e429c


MEMORY CONFIGURATION

         name            origin    length      used     unused   attr    fill
----------------------  --------  ---------  --------  --------  ----  --------
PAGE 0:
  OTP                   003d7800   00000800  00000000  00000800  RWIX
  FLASHJ                003d8000   00002000  0000001a  00001fe6  RWIX
  FLASHI                003da000   00002000  00000000  00002000  RWIX
  FLASHH                003dc000   00006000  00000109  00005ef7  RWIX
  FLASHP                003e4000   00013ff6  0000045d  00013b99  RWIX
  BEGIN                 003f7ff6   00000002  00000002  00000000  RWIX
  PASSWDS               003f7ff8   00000008  00000000  00000008  RWIX
  ROM                   003ff000   00000fc0  00000000  00000fc0  RWIX
  VECTORS               003fffc2   0000003e  00000000  0000003e  RWIX

PAGE 1:
  RAMM0M1               00000000   00000800  00000480  00000380  RWIX
  DEV_EMU               00000880   00000180  000000d6  000000aa  RWIX
  FLASH_REGS            00000a80   00000060  00000008  00000058  RWIX
  CSM                   00000ae0   00000010  00000010  00000000  RWIX
  XINTF                 00000b20   00000020  00000020  00000000  RWIX
  CPU_TIMER0            00000c00   00000008  00000008  00000000  RWIX
  CPU_TIMER1            00000c08   00000008  00000008  00000000  RWIX
  CPU_TIMER2            00000c10   00000008  00000008  00000000  RWIX
  PIE_CTRL              00000ce0   00000020  0000001a  00000006  RWIX
  PIE_VECT              00000d00   00000100  00000100  00000000  RWIX
  ECAN_A                00006000   00000100  00000034  000000cc  RWIX
  ECAN_AMBOX            00006100   00000100  00000100  00000000  RWIX
  SYSTEM                00007010   00000020  00000020  00000000  RWIX
  SPI_A                 00007040   00000010  00000010  00000000  RWIX
  SCI_A                 00007050   00000010  00000010  00000000  RWIX
  XINTRUPT              00007070   00000010  00000010  00000000  RWIX
  GPIOMUX               000070c0   00000020  00000020  00000000  RWIX
  GPIODAT               000070e0   00000020  00000020  00000000  RWIX
  ADC                   00007100   00000020  0000001a  00000006  RWIX
  EV_A                  00007400   00000040  00000032  0000000e  RWIX
  EV_B                  00007500   00000040  00000032  0000000e  RWIX
  SPI_B                 00007740   00000010  00000000  00000010  RWIX
  SCI_B                 00007750   00000010  00000010  00000000  RWIX
  MCBSP_A               00007800   00000040  00000025  0000001b  RWIX
  RAML0L1               00008000   00002000  0000001c  00001fe4  RWIX
  EXRAM                 00100000   00010000  00000000  00010000  RWIX
  CSM_PWL               003f7ff8   00000008  00000008  00000000  RWIX
  RAMH0                 003f8000   00002000  00000000  00002000  RWIX


SECTION ALLOCATION MAP

 output                                  attributes/
section   page    origin      length       input sections
--------  ----  ----------  ----------   ----------------
.cinit     0    003d8000    0000001a     
                  003d8000    0000000b     rts2800n.lib : exit.obj (.cinit)
                  003d800b    00000008                  : _lock.obj (.cinit)
                  003d8013    00000005     CpuTimer0.obj (.cinit)
                  003d8018    00000002     --HOLE-- [fill = 0]

.econst    0    003dc000    00000109     
                  003dc000    00000100     DSP28_PieVect.obj (.econst)
                  003dc100    00000009     CpuTimer0.obj (.econst:_LedCode)

.text      0    003e4000    0000045d     
                  003e4000    0000014a     DSP28_DefaultIsr.obj (.text:retain)
                  003e414a    0000007f     DSP28_CpuTimers.obj (.text)
                  003e41c9    00000079     DSP28_Xintf.obj (.text)
                  003e4242    0000005a     rts2800n.lib : fs_mpy.obj (.text)
                  003e429c    0000004b                  : boot.obj (.text)
                  003e42e7    0000003e                  : exit.obj (.text)
                  003e4325    0000003b                  : fs_tol.obj (.text)
                  003e4360    0000003a     CpuTimer0.obj (.text)
                  003e439a    00000038     DSP28_SysCtrl.obj (.text)
                  003e43d2    00000022     CpuTimer0.obj (.text:retain)
                  003e43f4    00000021     DSP28_PieCtrl.obj (.text)
                  003e4415    00000020     DSP28_PieVect.obj (.text)
                  003e4435    0000001a     DSP28_Gpio.obj (.text)
                  003e444f    00000007     DSP28_InitPeripherals.obj (.text)
                  003e4456    00000007     rts2800n.lib : _lock.obj (.text)

.reset     0    003f7ff6    00000002     
                  003f7ff6    00000002     rts2800n.lib : boot.obj (.reset)

.stack     1    00000000    000003e8     UNINITIALIZED
                  00000000    000003e8     --HOLE--

.bss       1    000003e8    00000098     UNINITIALIZED
                  000003e8    00000004     rts2800n.lib : _lock.obj (.bss)
                  000003ec    00000014     --HOLE--
                  00000400    00000080                  : exit.obj (.bss)

DevEmuRegsFile 
*          1    00000880    000000d6     UNINITIALIZED
                  00000880    000000d6     DSP28_GlobalVariableDefs.obj (DevEmuRegsFile)

FlashRegsFile 
*          1    00000a80    00000008     UNINITIALIZED
                  00000a80    00000008     DSP28_GlobalVariableDefs.obj (FlashRegsFile)

CsmRegsFile 
*          1    00000ae0    00000010     UNINITIALIZED
                  00000ae0    00000010     DSP28_GlobalVariableDefs.obj (CsmRegsFile)

XintfRegsFile 
*          1    00000b20    00000020     UNINITIALIZED
                  00000b20    00000020     DSP28_GlobalVariableDefs.obj (XintfRegsFile)

CpuTimer0RegsFile 
*          1    00000c00    00000008     UNINITIALIZED
                  00000c00    00000008     DSP28_GlobalVariableDefs.obj (CpuTimer0RegsFile)

CpuTimer1RegsFile 
*          1    00000c08    00000008     UNINITIALIZED
                  00000c08    00000008     DSP28_GlobalVariableDefs.obj (CpuTimer1RegsFile)

CpuTimer2RegsFile 
*          1    00000c10    00000008     UNINITIALIZED
                  00000c10    00000008     DSP28_GlobalVariableDefs.obj (CpuTimer2RegsFile)

PieCtrlRegsFile 
*          1    00000ce0    0000001a     UNINITIALIZED
                  00000ce0    0000001a     DSP28_GlobalVariableDefs.obj (PieCtrlRegsFile)

PieVectTable 
*          1    00000d00    00000100     UNINITIALIZED
                  00000d00    00000100     DSP28_GlobalVariableDefs.obj (PieVectTable)

ECanaRegsFile 
*          1    00006000    00000034     UNINITIALIZED
                  00006000    00000034     DSP28_GlobalVariableDefs.obj (ECanaRegsFile)

ECanaMboxesFile 
*          1    00006100    00000100     UNINITIALIZED
                  00006100    00000100     DSP28_GlobalVariableDefs.obj (ECanaMboxesFile)

SysCtrlRegsFile 
*          1    00007010    00000020     UNINITIALIZED
                  00007010    00000020     DSP28_GlobalVariableDefs.obj (SysCtrlRegsFile)

SpiaRegsFile 
*          1    00007040    00000010     UNINITIALIZED
                  00007040    00000010     DSP28_GlobalVariableDefs.obj (SpiaRegsFile)

SciaRegsFile 
*          1    00007050    00000010     UNINITIALIZED
                  00007050    00000010     DSP28_GlobalVariableDefs.obj (SciaRegsFile)

XIntruptRegsFile 
*          1    00007070    00000010     UNINITIALIZED
                  00007070    00000010     DSP28_GlobalVariableDefs.obj (XIntruptRegsFile)

GpioMuxRegsFile 
*          1    000070c0    00000020     UNINITIALIZED
                  000070c0    00000020     DSP28_GlobalVariableDefs.obj (GpioMuxRegsFile)

GpioDataRegsFile 
*          1    000070e0    00000020     UNINITIALIZED
                  000070e0    00000020     DSP28_GlobalVariableDefs.obj (GpioDataRegsFile)

AdcRegsFile 
*          1    00007100    0000001a     UNINITIALIZED
                  00007100    0000001a     DSP28_GlobalVariableDefs.obj (AdcRegsFile)

EvaRegsFile 
*          1    00007400    00000032     UNINITIALIZED
                  00007400    00000032     DSP28_GlobalVariableDefs.obj (EvaRegsFile)

EvbRegsFile 
*          1    00007500    00000032     UNINITIALIZED
                  00007500    00000032     DSP28_GlobalVariableDefs.obj (EvbRegsFile)

ScibRegsFile 
*          1    00007750    00000010     UNINITIALIZED
                  00007750    00000010     DSP28_GlobalVariableDefs.obj (ScibRegsFile)

McbspaRegsFile 
*          1    00007800    00000025     UNINITIALIZED
                  00007800    00000025     DSP28_GlobalVariableDefs.obj (McbspaRegsFile)

.ebss      1    00008000    0000001c     UNINITIALIZED
                  00008000    00000018     DSP28_CpuTimers.obj (.ebss)
                  00008018    00000004     CpuTimer0.obj (.ebss)

CsmPwlFile 
*          1    003f7ff8    00000008     UNINITIALIZED
                  003f7ff8    00000008     DSP28_GlobalVariableDefs.obj (CsmPwlFile)


GLOBAL DATA SYMBOLS: SORTED BY DATA PAGE

address     data page           name
--------    ----------------    ----
000003e8       f (000003c0)     __unlock
000003ea       f (000003c0)     __lock

00000402      10 (00000400)     __dtors_ptr
00000404      10 (00000400)     __cleanup_ptr

00000880      22 (00000880)     _DevEmuRegs

00000a80      2a (00000a80)     _FlashRegs

00000ae0      2b (00000ac0)     _CsmRegs

00000b20      2c (00000b00)     _XintfRegs

00000c00      30 (00000c00)     _CpuTimer0Regs
00000c08      30 (00000c00)     _CpuTimer1Regs
00000c10      30 (00000c00)     _CpuTimer2Regs

00000ce0      33 (00000cc0)     _PieCtrl

00000d00      34 (00000d00)     _PieVectTable

00006000     180 (00006000)     _ECanaRegs

00006100     184 (00006100)     _ECanaMboxes

00007010     1c0 (00007000)     _SysCtrlRegs

00007040     1c1 (00007040)     _SpiaRegs
00007050     1c1 (00007040)     _SciaRegs
00007070     1c1 (00007040)     _XIntruptRegs

000070c0     1c3 (000070c0)     _GpioMuxRegs
000070e0     1c3 (000070c0)     _GpioDataRegs

00007100     1c4 (00007100)     _AdcRegs

00007400     1d0 (00007400)     _EvaRegs

00007500     1d4 (00007500)     _EvbRegs

00007750     1dd (00007740)     _ScibRegs

00007800     1e0 (00007800)     _McbspaRegs

00008000     200 (00008000)     _CpuTimer1
00008008     200 (00008000)     _CpuTimer2
00008010     200 (00008000)     _CpuTimer0
00008018     200 (00008000)     _Flag
00008019     200 (00008000)     _Count
0000801a     200 (00008000)     _LedADDR

003dc000    f700 (003dc000)     _PieVectTableInit

003dc100    f704 (003dc100)     _LedCode

003f7ff8    fdff (003f7fc0)     _CsmPwl


GLOBAL SYMBOLS: SORTED ALPHABETICALLY BY Name 

address    name
--------   ----
000003e8   .bss
003e4000   .text
003e4306   C$$EXIT
003e4242   FS$$MPY
003e4325   FS$$TOL
003e4069   _ADCINT_ISR
00007100   _AdcRegs
003e40b4   _CAPINT1_ISR
003e40b9   _CAPINT2_ISR
003e40be   _CAPINT3_ISR
003e40ff   _CAPINT4_ISR
003e4104   _CAPINT5_ISR
003e4109   _CAPINT6_ISR
003e407d   _CMP1INT_ISR
003e4082   _CMP2INT_ISR
003e4087   _CMP3INT_ISR
003e40c8   _CMP4INT_ISR
003e40cd   _CMP5INT_ISR
003e40d2   _CMP6INT_ISR
003e4185   _ConfigCpuTimer
00008019   _Count
00008010   _CpuTimer0
00000c00   _CpuTimer0Regs
00008000   _CpuTimer1
00000c08   _CpuTimer1Regs
00008008   _CpuTimer2
00000c10   _CpuTimer2Regs
003f7ff8   _CsmPwl
00000ae0   _CsmRegs
003e4019   _DATALOG_ISR
00000880   _DevEmuRegs
003e4136   _ECAN0INTA_ISR
003e413b   _ECAN1INTA_ISR
00006100   _ECanaMboxes
00006000   _ECanaRegs
003e4023   _EMUINT_ISR
00007400   _EvaRegs
00007500   _EvbRegs
00008018   _Flag
00000a80   _FlashRegs
000070e0   _GpioDataRegs
000070c0   _GpioMuxRegs
003e4028   _ILLEGAL_ISR
003e4000   _INT13_ISR
003e4005   _INT14_ISR
003e43d2   _ISRTimer0
003e414a   _InitCpuTimers
003e4435   _InitGpio
003e444f   _InitPeripherals
003e43f4   _InitPieCtrl
003e4415   _InitPieVectTable
003e439a   _InitSysCtrl
003e41c9   _InitXintf
003e43c8   _KickDog
0000801a   _LedADDR
003dc100   _LedCode
003e410e   _MRINTA_ISR
003e4113   _MXINTA_ISR
00007800   _McbspaRegs
003e400a   _NMI_ISR
003e4078   _PDPINTA_ISR
003e40c3   _PDPINTB_ISR
003e4140   _PIE_RESERVED
00000ce0   _PieCtrl
00000d00   _PieVectTable
003dc000   _PieVectTableInit
003e401e   _RTOSINT_ISR
003e4122   _SCIRXINTA_ISR
003e412c   _SCIRXINTB_ISR
003e4127   _SCITXINTA_ISR
003e4131   _SCITXINTB_ISR
003e4118   _SPIRXINTA_ISR
003e411d   _SPITXINTA_ISR
00007050   _SciaRegs
00007750   _ScibRegs
00007040   _SpiaRegs
00007010   _SysCtrlRegs
003e4091   _T1CINT_ISR
003e409b   _T1OFINT_ISR
003e408c   _T1PINT_ISR
003e4096   _T1UFINT_ISR
003e40a5   _T2CINT_ISR
003e40af   _T2OFINT_ISR
003e40a0   _T2PINT_ISR
003e40aa   _T2UFINT_ISR
003e40dc   _T3CINT_ISR
003e40e6   _T3OFINT_ISR
003e40d7   _T3PINT_ISR
003e40e1   _T3UFINT_ISR
003e40f0   _T4CINT_ISR
003e40fa   _T4OFINT_ISR
003e40eb   _T4PINT_ISR
003e40f5   _T4UFINT_ISR
003e406e   _TINT0_ISR
003e402d   _USER0_ISR
003e405f   _USER10_ISR
003e4064   _USER11_ISR
003e4032   _USER1_ISR
003e4037   _USER2_ISR
003e403c   _USER3_ISR
003e4041   _USER4_ISR
003e4046   _USER5_ISR
003e404b   _USER6_ISR
003e4050   _USER7_ISR
003e4055   _USER8_ISR
003e405a   _USER9_ISR
003e4073   _WAKEINT_ISR
003e400f   _XINT1_ISR
003e4014   _XINT2_ISR
00007070   _XIntruptRegs
00000b20   _XintfRegs
000003e8   __STACK_END
000003e8   __STACK_SIZE
ffffffff   ___binit__
000003e8   ___bss__
ffffffff   ___c_args__
003d8000   ___cinit__
00000480   ___end__
003e445d   ___etext__
ffffffff   ___pinit__
003e4000   ___text__
00000404   __cleanup_ptr
00000402   __dtors_ptr
000003ea   __lock
003e4456   __nop
003e4457   __register_lock
003e445a   __register_unlock
000003e8   __unlock
003e4324   _abort
003e4308   _atexit
003e429c   _c_int00
003e42e7   _exit
003e4360   _main
003e4145   _rsvd_ISR
ffffffff   binit
003d8000   cinit
00000480   end
003e445d   etext
ffffffff   pinit


GLOBAL SYMBOLS: SORTED BY Symbol Address 

address    name
--------   ----
000003e8   .bss
000003e8   __STACK_END
000003e8   __STACK_SIZE
000003e8   ___bss__
000003e8   __unlock
000003ea   __lock
00000402   __dtors_ptr
00000404   __cleanup_ptr
00000480   ___end__
00000480   end
00000880   _DevEmuRegs
00000a80   _FlashRegs
00000ae0   _CsmRegs
00000b20   _XintfRegs
00000c00   _CpuTimer0Regs
00000c08   _CpuTimer1Regs
00000c10   _CpuTimer2Regs
00000ce0   _PieCtrl
00000d00   _PieVectTable
00006000   _ECanaRegs
00006100   _ECanaMboxes
00007010   _SysCtrlRegs
00007040   _SpiaRegs
00007050   _SciaRegs
00007070   _XIntruptRegs
000070c0   _GpioMuxRegs
000070e0   _GpioDataRegs
00007100   _AdcRegs
00007400   _EvaRegs
00007500   _EvbRegs
00007750   _ScibRegs
00007800   _McbspaRegs
00008000   _CpuTimer1
00008008   _CpuTimer2
00008010   _CpuTimer0
00008018   _Flag
00008019   _Count
0000801a   _LedADDR
003d8000   ___cinit__
003d8000   cinit
003dc000   _PieVectTableInit
003dc100   _LedCode
003e4000   .text
003e4000   _INT13_ISR
003e4000   ___text__
003e4005   _INT14_ISR
003e400a   _NMI_ISR
003e400f   _XINT1_ISR
003e4014   _XINT2_ISR
003e4019   _DATALOG_ISR
003e401e   _RTOSINT_ISR
003e4023   _EMUINT_ISR
003e4028   _ILLEGAL_ISR
003e402d   _USER0_ISR
003e4032   _USER1_ISR
003e4037   _USER2_ISR
003e403c   _USER3_ISR
003e4041   _USER4_ISR
003e4046   _USER5_ISR
003e404b   _USER6_ISR
003e4050   _USER7_ISR
003e4055   _USER8_ISR
003e405a   _USER9_ISR
003e405f   _USER10_ISR
003e4064   _USER11_ISR
003e4069   _ADCINT_ISR
003e406e   _TINT0_ISR
003e4073   _WAKEINT_ISR
003e4078   _PDPINTA_ISR
003e407d   _CMP1INT_ISR
003e4082   _CMP2INT_ISR
003e4087   _CMP3INT_ISR
003e408c   _T1PINT_ISR
003e4091   _T1CINT_ISR
003e4096   _T1UFINT_ISR
003e409b   _T1OFINT_ISR
003e40a0   _T2PINT_ISR
003e40a5   _T2CINT_ISR
003e40aa   _T2UFINT_ISR
003e40af   _T2OFINT_ISR
003e40b4   _CAPINT1_ISR
003e40b9   _CAPINT2_ISR
003e40be   _CAPINT3_ISR
003e40c3   _PDPINTB_ISR
003e40c8   _CMP4INT_ISR
003e40cd   _CMP5INT_ISR
003e40d2   _CMP6INT_ISR
003e40d7   _T3PINT_ISR
003e40dc   _T3CINT_ISR
003e40e1   _T3UFINT_ISR
003e40e6   _T3OFINT_ISR
003e40eb   _T4PINT_ISR
003e40f0   _T4CINT_ISR
003e40f5   _T4UFINT_ISR
003e40fa   _T4OFINT_ISR
003e40ff   _CAPINT4_ISR
003e4104   _CAPINT5_ISR
003e4109   _CAPINT6_ISR
003e410e   _MRINTA_ISR
003e4113   _MXINTA_ISR
003e4118   _SPIRXINTA_ISR
003e411d   _SPITXINTA_ISR
003e4122   _SCIRXINTA_ISR
003e4127   _SCITXINTA_ISR
003e412c   _SCIRXINTB_ISR
003e4131   _SCITXINTB_ISR
003e4136   _ECAN0INTA_ISR
003e413b   _ECAN1INTA_ISR
003e4140   _PIE_RESERVED
003e4145   _rsvd_ISR
003e414a   _InitCpuTimers
003e4185   _ConfigCpuTimer
003e41c9   _InitXintf
003e4242   FS$$MPY
003e429c   _c_int00
003e42e7   _exit
003e4306   C$$EXIT
003e4308   _atexit
003e4324   _abort
003e4325   FS$$TOL
003e4360   _main
003e439a   _InitSysCtrl
003e43c8   _KickDog
003e43d2   _ISRTimer0
003e43f4   _InitPieCtrl
003e4415   _InitPieVectTable
003e4435   _InitGpio
003e444f   _InitPeripherals
003e4456   __nop
003e4457   __register_lock
003e445a   __register_unlock
003e445d   ___etext__
003e445d   etext
003f7ff8   _CsmPwl
ffffffff   ___binit__
ffffffff   ___c_args__
ffffffff   ___pinit__
ffffffff   binit
ffffffff   pinit

[139 symbols]
