******************************************************************************
             TMS320C2000 Linker PC v5.2.1                      
******************************************************************************
>> Linked Sun Aug 24 16:52:35 2014

OUTPUT FILE NAME:   <./Debug/AD.out>
ENTRY POINT SYMBOL: "_c_int00"  address: 003f87d4


MEMORY CONFIGURATION

         name            origin    length      used     unused   attr    fill
----------------------  --------  ---------  --------  --------  ----  --------
PAGE 0:
  PRAMH0                003f8000   00001000  0000096b  00000695  RWIX

PAGE 1:
  RAMM0                 00000000   00000400  00000000  00000400  RWIX
  RAMM1                 00000400   00000400  00000400  00000000  RWIX
  DEV_EMU               00000880   00000180  000000d6  000000aa  RWIX
  FLASH_REGS            00000a80   00000060  00000008  00000058  RWIX
  CSM                   00000ae0   00000010  00000010  00000000  RWIX
  XINTF                 00000b20   00000020  00000020  00000000  RWIX
  CPU_TIMER0            00000c00   00000008  00000008  00000000  RWIX
  CPU_TIMER1            00000c08   00000008  00000008  00000000  RWIX
  CPU_TIMER2            00000c10   00000008  00000008  00000000  RWIX
  PIE_CTRL              00000ce0   00000020  0000001a  00000006  RWIX
  PIE_VECT              00000d00   00000100  00000100  00000000  RWIX
  ECAN_A                00006000   00000100  00000034  000000cc  RWIX
  ECAN_AMBOX            00006100   00000100  00000100  00000000  RWIX
  SYSTEM                00007010   00000020  00000020  00000000  RWIX
  SPI_A                 00007040   00000010  00000010  00000000  RWIX
  SCI_A                 00007050   00000010  00000010  00000000  RWIX
  XINTRUPT              00007070   00000010  00000010  00000000  RWIX
  GPIOMUX               000070c0   00000020  00000020  00000000  RWIX
  GPIODAT               000070e0   00000020  00000020  00000000  RWIX
  ADC                   00007100   00000020  0000001a  00000006  RWIX
  EV_A                  00007400   00000040  00000032  0000000e  RWIX
  EV_B                  00007500   00000040  00000032  0000000e  RWIX
  SPI_B                 00007740   00000010  00000000  00000010  RWIX
  SCI_B                 00007750   00000010  00000010  00000000  RWIX
  MCBSP_A               00007800   00000040  00000025  0000001b  RWIX
  CSM_PWL               003f7ff8   00000008  00000008  00000000  RWIX
  DRAMH0                003f9000   00001000  000001c0  00000e40  RWIX


SECTION ALLOCATION MAP

 output                                  attributes/
section   page    origin      length       input sections
--------  ----  ----------  ----------   ----------------
.text      0    003f8000    0000094b     
                  003f8000    00000305     DSP28_DefaultIsr.obj (.text)
                  003f8305    000001f9     ADTest.obj (.text)
                  003f84fe    0000008c     rts2800n.lib : fs_add.obj (.text)
                  003f858a    00000083                  : fs_div.obj (.text)
                  003f860d    0000007d     DSP28_CpuTimers.obj (.text)
                  003f868a    00000079     DSP28_Xintf.obj (.text)
                  003f8703    00000077     DSP28_Adc.obj (.text)
                  003f877a    0000005a     rts2800n.lib : fs_mpy.obj (.text)
                  003f87d4    0000004b                  : boot.obj (.text)
                  003f881f    0000003e                  : exit.obj (.text)
                  003f885d    0000003b                  : fs_tol.obj (.text)
                  003f8898    00000036     DSP28_SysCtrl.obj (.text)
                  003f88ce    00000022     DSP28_PieCtrl.obj (.text)
                  003f88f0    00000020     DSP28_PieVect.obj (.text)
                  003f8910    00000011     DSP28_InitPeripherals.obj (.text)
                  003f8921    00000010     rts2800n.lib : u_tofs.obj (.text)
                  003f8931    0000000d     DSP28_Gpio.obj (.text)
                  003f893e    00000007     rts2800n.lib : _lock.obj (.text)
                  003f8945    00000001     DSP28_ECan.obj (.text)
                  003f8946    00000001     DSP28_Ev.obj (.text)
                  003f8947    00000001     DSP28_Mcbsp.obj (.text)
                  003f8948    00000001     DSP28_Sci.obj (.text)
                  003f8949    00000001     DSP28_Spi.obj (.text)
                  003f894a    00000001     DSP28_XIntrupt.obj (.text)

.cinit     0    003f894b    0000001e     
                  003f894b    0000000b     rts2800n.lib : exit.obj (.cinit)
                  003f8956    00000009     ADTest.obj (.cinit)
                  003f895f    00000008     rts2800n.lib : _lock.obj (.cinit)
                  003f8967    00000002     --HOLE-- [fill = 0]

.reset     0    003f8969    00000002     
                  003f8969    00000002     rts2800n.lib : boot.obj (.reset)

.stack     1    00000400    00000400     UNINITIALIZED
                  00000400    00000400     --HOLE--

DevEmuRegsFile 
*          1    00000880    000000d6     UNINITIALIZED
                  00000880    000000d6     DSP28_GlobalVariableDefs.obj (DevEmuRegsFile)

FlashRegsFile 
*          1    00000a80    00000008     UNINITIALIZED
                  00000a80    00000008     DSP28_GlobalVariableDefs.obj (FlashRegsFile)

CsmRegsFile 
*          1    00000ae0    00000010     UNINITIALIZED
                  00000ae0    00000010     DSP28_GlobalVariableDefs.obj (CsmRegsFile)

XintfRegsFile 
*          1    00000b20    00000020     UNINITIALIZED
                  00000b20    00000020     DSP28_GlobalVariableDefs.obj (XintfRegsFile)

CpuTimer0RegsFile 
*          1    00000c00    00000008     UNINITIALIZED
                  00000c00    00000008     DSP28_GlobalVariableDefs.obj (CpuTimer0RegsFile)

CpuTimer1RegsFile 
*          1    00000c08    00000008     UNINITIALIZED
                  00000c08    00000008     DSP28_GlobalVariableDefs.obj (CpuTimer1RegsFile)

CpuTimer2RegsFile 
*          1    00000c10    00000008     UNINITIALIZED
                  00000c10    00000008     DSP28_GlobalVariableDefs.obj (CpuTimer2RegsFile)

PieCtrlRegsFile 
*          1    00000ce0    0000001a     UNINITIALIZED
                  00000ce0    0000001a     DSP28_GlobalVariableDefs.obj (PieCtrlRegsFile)

PieVectTable 
*          1    00000d00    00000100     UNINITIALIZED
                  00000d00    00000100     DSP28_GlobalVariableDefs.obj (PieVectTable)

ECanaRegsFile 
*          1    00006000    00000034     UNINITIALIZED
                  00006000    00000034     DSP28_GlobalVariableDefs.obj (ECanaRegsFile)

ECanaMboxesFile 
*          1    00006100    00000100     UNINITIALIZED
                  00006100    00000100     DSP28_GlobalVariableDefs.obj (ECanaMboxesFile)

SysCtrlRegsFile 
*          1    00007010    00000020     UNINITIALIZED
                  00007010    00000020     DSP28_GlobalVariableDefs.obj (SysCtrlRegsFile)

SpiaRegsFile 
*          1    00007040    00000010     UNINITIALIZED
                  00007040    00000010     DSP28_GlobalVariableDefs.obj (SpiaRegsFile)

SciaRegsFile 
*          1    00007050    00000010     UNINITIALIZED
                  00007050    00000010     DSP28_GlobalVariableDefs.obj (SciaRegsFile)

XIntruptRegsFile 
*          1    00007070    00000010     UNINITIALIZED
                  00007070    00000010     DSP28_GlobalVariableDefs.obj (XIntruptRegsFile)

GpioMuxRegsFile 
*          1    000070c0    00000020     UNINITIALIZED
                  000070c0    00000020     DSP28_GlobalVariableDefs.obj (GpioMuxRegsFile)

GpioDataRegsFile 
*          1    000070e0    00000020     UNINITIALIZED
                  000070e0    00000020     DSP28_GlobalVariableDefs.obj (GpioDataRegsFile)

AdcRegsFile 
*          1    00007100    0000001a     UNINITIALIZED
                  00007100    0000001a     DSP28_GlobalVariableDefs.obj (AdcRegsFile)

EvaRegsFile 
*          1    00007400    00000032     UNINITIALIZED
                  00007400    00000032     DSP28_GlobalVariableDefs.obj (EvaRegsFile)

EvbRegsFile 
*          1    00007500    00000032     UNINITIALIZED
                  00007500    00000032     DSP28_GlobalVariableDefs.obj (EvbRegsFile)

ScibRegsFile 
*          1    00007750    00000010     UNINITIALIZED
                  00007750    00000010     DSP28_GlobalVariableDefs.obj (ScibRegsFile)

McbspaRegsFile 
*          1    00007800    00000025     UNINITIALIZED
                  00007800    00000025     DSP28_GlobalVariableDefs.obj (McbspaRegsFile)

CsmPwlFile 
*          1    003f7ff8    00000008     UNINITIALIZED
                  003f7ff8    00000008     DSP28_GlobalVariableDefs.obj (CsmPwlFile)

.econst    1    003f9000    00000100     
                  003f9000    00000100     DSP28_PieVect.obj (.econst)

.bss       1    003f9100    00000084     UNINITIALIZED
                  003f9100    00000080     rts2800n.lib : exit.obj (.bss)
                  003f9180    00000004                  : _lock.obj (.bss)

.ebss      1    003f9184    0000003c     UNINITIALIZED
                  003f9184    00000024     ADTest.obj (.ebss)
                  003f91a8    00000018     DSP28_CpuTimers.obj (.ebss)


GLOBAL SYMBOLS: SORTED ALPHABETICALLY BY Name 

address    name
--------   ----
003f9100   .bss
003f8000   .text
003f883e   C$$EXIT
003f84fe   FS$$ADD
003f858a   FS$$DIV
003f877a   FS$$MPY
003f885d   FS$$TOL
003f8921   U$$TOFS
003f8069   _ADCINT_ISR
003f9188   _ADResult
00007100   _AdcRegs
003f826f   _CAPINT1_ISR
003f8274   _CAPINT2_ISR
003f8279   _CAPINT3_ISR
003f82ba   _CAPINT4_ISR
003f82bf   _CAPINT5_ISR
003f82c4   _CAPINT6_ISR
003f8238   _CMP1INT_ISR
003f823d   _CMP2INT_ISR
003f8242   _CMP3INT_ISR
003f8283   _CMP4INT_ISR
003f8288   _CMP5INT_ISR
003f828d   _CMP6INT_ISR
003f8646   _ConfigCpuTimer
003f91b8   _CpuTimer0
00000c00   _CpuTimer0Regs
003f91a8   _CpuTimer1
00000c08   _CpuTimer1Regs
003f91b0   _CpuTimer2
00000c10   _CpuTimer2Regs
003f7ff8   _CsmPwl
00000ae0   _CsmRegs
003f8019   _DATALOG_ISR
00000880   _DevEmuRegs
003f82f1   _ECAN0INTA_ISR
003f82f6   _ECAN1INTA_ISR
00006100   _ECanaMboxes
00006000   _ECanaRegs
003f8023   _EMUINT_ISR
00007400   _EvaRegs
00007500   _EvbRegs
00000a80   _FlashRegs
000070e0   _GpioDataRegs
000070c0   _GpioMuxRegs
003f8028   _ILLEGAL_ISR
003f8000   _INT13_ISR
003f8005   _INT14_ISR
003f8703   _InitAdc
003f860d   _InitCpuTimers
003f8945   _InitECan
003f8946   _InitEv
003f8931   _InitGpio
003f8947   _InitMcbsp
003f8910   _InitPeripherals
003f88ce   _InitPieCtrl
003f88f0   _InitPieVectTable
003f8948   _InitSci
003f8949   _InitSpi
003f8898   _InitSysCtrl
003f894a   _InitXIntrupt
003f868a   _InitXintf
003f88c4   _KickDog
003f82c9   _MRINTA_ISR
003f82ce   _MXINTA_ISR
00007800   _McbspaRegs
003f800a   _NMI_ISR
003f8233   _PDPINTA_ISR
003f827e   _PDPINTB_ISR
003f82fb   _PIE_RESERVED
00000ce0   _PieCtrl
00000d00   _PieVectTable
003f9000   _PieVectTableInit
003f801e   _RTOSINT_ISR
003f82dd   _SCIRXINTA_ISR
003f82e7   _SCIRXINTB_ISR
003f82e2   _SCITXINTA_ISR
003f82ec   _SCITXINTB_ISR
003f82d3   _SPIRXINTA_ISR
003f82d8   _SPITXINTA_ISR
00007050   _SciaRegs
00007750   _ScibRegs
00007040   _SpiaRegs
00007010   _SysCtrlRegs
003f824c   _T1CINT_ISR
003f8256   _T1OFINT_ISR
003f8247   _T1PINT_ISR
003f8251   _T1UFINT_ISR
003f8260   _T2CINT_ISR
003f826a   _T2OFINT_ISR
003f825b   _T2PINT_ISR
003f8265   _T2UFINT_ISR
003f8297   _T3CINT_ISR
003f82a1   _T3OFINT_ISR
003f8292   _T3PINT_ISR
003f829c   _T3UFINT_ISR
003f82ab   _T4CINT_ISR
003f82b5   _T4OFINT_ISR
003f82a6   _T4PINT_ISR
003f82b0   _T4UFINT_ISR
003f8229   _TINT0_ISR
003f802d   _USER0_ISR
003f805f   _USER10_ISR
003f8064   _USER11_ISR
003f8032   _USER1_ISR
003f8037   _USER2_ISR
003f803c   _USER3_ISR
003f8041   _USER4_ISR
003f8046   _USER5_ISR
003f804b   _USER6_ISR
003f8050   _USER7_ISR
003f8055   _USER8_ISR
003f805a   _USER9_ISR
003f822e   _WAKEINT_ISR
003f800f   _XINT1_ISR
003f8014   _XINT2_ISR
00007070   _XIntruptRegs
00000b20   _XintfRegs
00000800   __STACK_END
00000400   __STACK_SIZE
ffffffff   ___binit__
003f9100   ___bss__
ffffffff   ___c_args__
003f894b   ___cinit__
003f9184   ___end__
003f894b   ___etext__
ffffffff   ___pinit__
003f8000   ___text__
003f9104   __cleanup_ptr
003f9102   __dtors_ptr
003f9182   __lock
003f893e   __nop
003f893f   __register_lock
003f8942   __register_unlock
003f9180   __unlock
003f885c   _abort
003f8339   _ad
003f9186   _adclo
003f8840   _atexit
003f87d4   _c_int00
003f881f   _exit
003f9184   _k
003f8305   _main
003f8300   _rsvd_ISR
ffffffff   binit
003f894b   cinit
003f9184   end
003f894b   etext
ffffffff   pinit


GLOBAL SYMBOLS: SORTED BY Symbol Address 

address    name
--------   ----
00000400   __STACK_SIZE
00000800   __STACK_END
00000880   _DevEmuRegs
00000a80   _FlashRegs
00000ae0   _CsmRegs
00000b20   _XintfRegs
00000c00   _CpuTimer0Regs
00000c08   _CpuTimer1Regs
00000c10   _CpuTimer2Regs
00000ce0   _PieCtrl
00000d00   _PieVectTable
00006000   _ECanaRegs
00006100   _ECanaMboxes
00007010   _SysCtrlRegs
00007040   _SpiaRegs
00007050   _SciaRegs
00007070   _XIntruptRegs
000070c0   _GpioMuxRegs
000070e0   _GpioDataRegs
00007100   _AdcRegs
00007400   _EvaRegs
00007500   _EvbRegs
00007750   _ScibRegs
00007800   _McbspaRegs
003f7ff8   _CsmPwl
003f8000   .text
003f8000   _INT13_ISR
003f8000   ___text__
003f8005   _INT14_ISR
003f800a   _NMI_ISR
003f800f   _XINT1_ISR
003f8014   _XINT2_ISR
003f8019   _DATALOG_ISR
003f801e   _RTOSINT_ISR
003f8023   _EMUINT_ISR
003f8028   _ILLEGAL_ISR
003f802d   _USER0_ISR
003f8032   _USER1_ISR
003f8037   _USER2_ISR
003f803c   _USER3_ISR
003f8041   _USER4_ISR
003f8046   _USER5_ISR
003f804b   _USER6_ISR
003f8050   _USER7_ISR
003f8055   _USER8_ISR
003f805a   _USER9_ISR
003f805f   _USER10_ISR
003f8064   _USER11_ISR
003f8069   _ADCINT_ISR
003f8229   _TINT0_ISR
003f822e   _WAKEINT_ISR
003f8233   _PDPINTA_ISR
003f8238   _CMP1INT_ISR
003f823d   _CMP2INT_ISR
003f8242   _CMP3INT_ISR
003f8247   _T1PINT_ISR
003f824c   _T1CINT_ISR
003f8251   _T1UFINT_ISR
003f8256   _T1OFINT_ISR
003f825b   _T2PINT_ISR
003f8260   _T2CINT_ISR
003f8265   _T2UFINT_ISR
003f826a   _T2OFINT_ISR
003f826f   _CAPINT1_ISR
003f8274   _CAPINT2_ISR
003f8279   _CAPINT3_ISR
003f827e   _PDPINTB_ISR
003f8283   _CMP4INT_ISR
003f8288   _CMP5INT_ISR
003f828d   _CMP6INT_ISR
003f8292   _T3PINT_ISR
003f8297   _T3CINT_ISR
003f829c   _T3UFINT_ISR
003f82a1   _T3OFINT_ISR
003f82a6   _T4PINT_ISR
003f82ab   _T4CINT_ISR
003f82b0   _T4UFINT_ISR
003f82b5   _T4OFINT_ISR
003f82ba   _CAPINT4_ISR
003f82bf   _CAPINT5_ISR
003f82c4   _CAPINT6_ISR
003f82c9   _MRINTA_ISR
003f82ce   _MXINTA_ISR
003f82d3   _SPIRXINTA_ISR
003f82d8   _SPITXINTA_ISR
003f82dd   _SCIRXINTA_ISR
003f82e2   _SCITXINTA_ISR
003f82e7   _SCIRXINTB_ISR
003f82ec   _SCITXINTB_ISR
003f82f1   _ECAN0INTA_ISR
003f82f6   _ECAN1INTA_ISR
003f82fb   _PIE_RESERVED
003f8300   _rsvd_ISR
003f8305   _main
003f8339   _ad
003f84fe   FS$$ADD
003f858a   FS$$DIV
003f860d   _InitCpuTimers
003f8646   _ConfigCpuTimer
003f868a   _InitXintf
003f8703   _InitAdc
003f877a   FS$$MPY
003f87d4   _c_int00
003f881f   _exit
003f883e   C$$EXIT
003f8840   _atexit
003f885c   _abort
003f885d   FS$$TOL
003f8898   _InitSysCtrl
003f88c4   _KickDog
003f88ce   _InitPieCtrl
003f88f0   _InitPieVectTable
003f8910   _InitPeripherals
003f8921   U$$TOFS
003f8931   _InitGpio
003f893e   __nop
003f893f   __register_lock
003f8942   __register_unlock
003f8945   _InitECan
003f8946   _InitEv
003f8947   _InitMcbsp
003f8948   _InitSci
003f8949   _InitSpi
003f894a   _InitXIntrupt
003f894b   ___cinit__
003f894b   ___etext__
003f894b   cinit
003f894b   etext
003f9000   _PieVectTableInit
003f9100   .bss
003f9100   ___bss__
003f9102   __dtors_ptr
003f9104   __cleanup_ptr
003f9180   __unlock
003f9182   __lock
003f9184   ___end__
003f9184   _k
003f9184   end
003f9186   _adclo
003f9188   _ADResult
003f91a8   _CpuTimer1
003f91b0   _CpuTimer2
003f91b8   _CpuTimer0
ffffffff   ___binit__
ffffffff   ___c_args__
ffffffff   ___pinit__
ffffffff   binit
ffffffff   pinit

[148 symbols]
