******************************************************************************
             TMS320C2000 Linker PC v5.2.1                      
******************************************************************************
>> Linked Mon May 12 10:58:53 2014

OUTPUT FILE NAME:   <./Debug/CCSSRM2812f.out>
ENTRY POINT SYMBOL: "_c_int00"  address: 003f8688


MEMORY CONFIGURATION

         name            origin    length      used     unused   attr    fill
----------------------  --------  ---------  --------  --------  ----  --------
PAGE 0:
  PRAMH0                003f8000   00001000  000008ac  00000754  RWIX

PAGE 1:
  RAMM0                 00000000   00000400  00000000  00000400  RWIX
  RAMM1                 00000400   00000400  000003e8  00000018  RWIX
  DEV_EMU               00000880   00000180  000000d6  000000aa  RWIX
  FLASH_REGS            00000a80   00000060  00000008  00000058  RWIX
  CSM                   00000ae0   00000010  00000010  00000000  RWIX
  XINTF                 00000b20   00000020  00000020  00000000  RWIX
  CPU_TIMER0            00000c00   00000008  00000008  00000000  RWIX
  CPU_TIMER1            00000c08   00000008  00000008  00000000  RWIX
  CPU_TIMER2            00000c10   00000008  00000008  00000000  RWIX
  PIE_CTRL              00000ce0   00000020  0000001a  00000006  RWIX
  PIE_VECT              00000d00   00000100  00000100  00000000  RWIX
  ECAN_A                00006000   00000100  00000034  000000cc  RWIX
  ECAN_AMBOX            00006100   00000100  00000100  00000000  RWIX
  SYSTEM                00007010   00000020  00000020  00000000  RWIX
  SPI_A                 00007040   00000010  00000010  00000000  RWIX
  SCI_A                 00007050   00000010  00000010  00000000  RWIX
  XINTRUPT              00007070   00000010  00000010  00000000  RWIX
  GPIOMUX               000070c0   00000020  00000020  00000000  RWIX
  GPIODAT               000070e0   00000020  00000020  00000000  RWIX
  ADC                   00007100   00000020  0000001a  00000006  RWIX
  EV_A                  00007400   00000040  00000032  0000000e  RWIX
  EV_B                  00007500   00000040  00000032  0000000e  RWIX
  SPI_B                 00007740   00000010  00000000  00000010  RWIX
  SCI_B                 00007750   00000010  00000010  00000000  RWIX
  MCBSP_A               00007800   00000040  00000025  0000001b  RWIX
  CSM_PWL               003f7ff8   00000008  00000008  00000000  RWIX
  DRAMH0                003f9000   00001000  00000280  00000d80  RWIX


SECTION ALLOCATION MAP

 output                                  attributes/
section   page    origin      length       input sections
--------  ----  ----------  ----------   ----------------
.text      0    003f8000    0000086b     
                  003f8000    00000265     CCSSRM2812f.obj (.text)
                  003f8265    0000014a     DSP28_DefaultIsr.obj (.text)
                  003f83af    0000008c     rts2800n.lib : fs_add.obj (.text)
                  003f843b    00000083                  : fs_div.obj (.text)
                  003f84be    0000007d     DSP28_CpuTimers.obj (.text)
                  003f853b    0000007a     DSP28_Adc.obj (.text)
                  003f85b5    00000079     DSP28_Xintf.obj (.text)
                  003f862e    0000005a     rts2800n.lib : fs_mpy.obj (.text)
                  003f8688    0000004b                  : boot.obj (.text)
                  003f86d3    00000043     DSP28_Ev.obj (.text)
                  003f8716    0000003e     rts2800n.lib : exit.obj (.text)
                  003f8754    0000003b                  : fs_tol.obj (.text)
                  003f878f    00000038     DSP28_Gpio.obj (.text)
                  003f87c7    00000035     DSP28_SysCtrl.obj (.text)
                  003f87fc    00000022     DSP28_PieCtrl.obj (.text)
                  003f881e    00000020     DSP28_PieVect.obj (.text)
                  003f883e    00000016     Cotherfiles.obj (.text)
                  003f8854    00000010     rts2800n.lib : u_tofs.obj (.text)
                  003f8864    00000007                  : _lock.obj (.text)

.cinit     0    003f886b    0000003f     
                  003f886b    0000002a     CCSSRM2812f.obj (.cinit)
                  003f8895    0000000b     rts2800n.lib : exit.obj (.cinit)
                  003f88a0    00000008                  : _lock.obj (.cinit)
                  003f88a8    00000002     --HOLE-- [fill = 0]

.reset     0    003f88aa    00000002     
                  003f88aa    00000002     rts2800n.lib : boot.obj (.reset)

.stack     1    00000400    000003e8     UNINITIALIZED
                  00000400    000003e8     --HOLE--

DevEmuRegsFile 
*          1    00000880    000000d6     UNINITIALIZED
                  00000880    000000d6     DSP28_GlobalVariableDefs.obj (DevEmuRegsFile)

FlashRegsFile 
*          1    00000a80    00000008     UNINITIALIZED
                  00000a80    00000008     DSP28_GlobalVariableDefs.obj (FlashRegsFile)

CsmRegsFile 
*          1    00000ae0    00000010     UNINITIALIZED
                  00000ae0    00000010     DSP28_GlobalVariableDefs.obj (CsmRegsFile)

XintfRegsFile 
*          1    00000b20    00000020     UNINITIALIZED
                  00000b20    00000020     DSP28_GlobalVariableDefs.obj (XintfRegsFile)

CpuTimer0RegsFile 
*          1    00000c00    00000008     UNINITIALIZED
                  00000c00    00000008     DSP28_GlobalVariableDefs.obj (CpuTimer0RegsFile)

CpuTimer1RegsFile 
*          1    00000c08    00000008     UNINITIALIZED
                  00000c08    00000008     DSP28_GlobalVariableDefs.obj (CpuTimer1RegsFile)

CpuTimer2RegsFile 
*          1    00000c10    00000008     UNINITIALIZED
                  00000c10    00000008     DSP28_GlobalVariableDefs.obj (CpuTimer2RegsFile)

PieCtrlRegsFile 
*          1    00000ce0    0000001a     UNINITIALIZED
                  00000ce0    0000001a     DSP28_GlobalVariableDefs.obj (PieCtrlRegsFile)

PieVectTable 
*          1    00000d00    00000100     UNINITIALIZED
                  00000d00    00000100     DSP28_GlobalVariableDefs.obj (PieVectTable)

ECanaRegsFile 
*          1    00006000    00000034     UNINITIALIZED
                  00006000    00000034     DSP28_GlobalVariableDefs.obj (ECanaRegsFile)

ECanaMboxesFile 
*          1    00006100    00000100     UNINITIALIZED
                  00006100    00000100     DSP28_GlobalVariableDefs.obj (ECanaMboxesFile)

SysCtrlRegsFile 
*          1    00007010    00000020     UNINITIALIZED
                  00007010    00000020     DSP28_GlobalVariableDefs.obj (SysCtrlRegsFile)

SpiaRegsFile 
*          1    00007040    00000010     UNINITIALIZED
                  00007040    00000010     DSP28_GlobalVariableDefs.obj (SpiaRegsFile)

SciaRegsFile 
*          1    00007050    00000010     UNINITIALIZED
                  00007050    00000010     DSP28_GlobalVariableDefs.obj (SciaRegsFile)

XIntruptRegsFile 
*          1    00007070    00000010     UNINITIALIZED
                  00007070    00000010     DSP28_GlobalVariableDefs.obj (XIntruptRegsFile)

GpioMuxRegsFile 
*          1    000070c0    00000020     UNINITIALIZED
                  000070c0    00000020     DSP28_GlobalVariableDefs.obj (GpioMuxRegsFile)

GpioDataRegsFile 
*          1    000070e0    00000020     UNINITIALIZED
                  000070e0    00000020     DSP28_GlobalVariableDefs.obj (GpioDataRegsFile)

AdcRegsFile 
*          1    00007100    0000001a     UNINITIALIZED
                  00007100    0000001a     DSP28_GlobalVariableDefs.obj (AdcRegsFile)

EvaRegsFile 
*          1    00007400    00000032     UNINITIALIZED
                  00007400    00000032     DSP28_GlobalVariableDefs.obj (EvaRegsFile)

EvbRegsFile 
*          1    00007500    00000032     UNINITIALIZED
                  00007500    00000032     DSP28_GlobalVariableDefs.obj (EvbRegsFile)

ScibRegsFile 
*          1    00007750    00000010     UNINITIALIZED
                  00007750    00000010     DSP28_GlobalVariableDefs.obj (ScibRegsFile)

McbspaRegsFile 
*          1    00007800    00000025     UNINITIALIZED
                  00007800    00000025     DSP28_GlobalVariableDefs.obj (McbspaRegsFile)

CsmPwlFile 
*          1    003f7ff8    00000008     UNINITIALIZED
                  003f7ff8    00000008     DSP28_GlobalVariableDefs.obj (CsmPwlFile)

.econst    1    003f9000    00000100     
                  003f9000    00000100     DSP28_PieVect.obj (.econst)

.ebss      1    003f9100    000000da     UNINITIALIZED
                  003f9100    000000c2     CCSSRM2812f.obj (.ebss)
                  003f91c2    00000018     DSP28_CpuTimers.obj (.ebss)

.bss       1    003f91da    000000a6     UNINITIALIZED
                  003f91da    00000004     rts2800n.lib : _lock.obj (.bss)
                  003f91de    00000022     --HOLE--
                  003f9200    00000080                  : exit.obj (.bss)


GLOBAL SYMBOLS: SORTED ALPHABETICALLY BY Name 

address    name
--------   ----
003f91da   .bss
003f8000   .text
003f8735   C$$EXIT
003f83af   FS$$ADD
003f843b   FS$$DIV
003f862e   FS$$MPY
003f8754   FS$$TOL
003f8854   U$$TOFS
003f82ce   _ADCINT_ISR
003f9114   _ADResult
00007100   _AdcRegs
003f8319   _CAPINT1_ISR
003f831e   _CAPINT2_ISR
003f8323   _CAPINT3_ISR
003f8364   _CAPINT4_ISR
003f8369   _CAPINT5_ISR
003f836e   _CAPINT6_ISR
003f82e2   _CMP1INT_ISR
003f82e7   _CMP2INT_ISR
003f82ec   _CMP3INT_ISR
003f832d   _CMP4INT_ISR
003f8332   _CMP5INT_ISR
003f8337   _CMP6INT_ISR
003f84f7   _ConfigCpuTimer
003f91d2   _CpuTimer0
00000c00   _CpuTimer0Regs
003f91c2   _CpuTimer1
00000c08   _CpuTimer1Regs
003f91ca   _CpuTimer2
00000c10   _CpuTimer2Regs
003f7ff8   _CsmPwl
00000ae0   _CsmRegs
003f827e   _DATALOG_ISR
00000880   _DevEmuRegs
003f839b   _ECAN0INTA_ISR
003f83a0   _ECAN1INTA_ISR
00006100   _ECanaMboxes
00006000   _ECanaRegs
003f8288   _EMUINT_ISR
00007400   _EvaRegs
003f822f   _EvbCAP4ISR_INT
003f8241   _EvbCAP5ISR_INT
003f8253   _EvbCAP6ISR_INT
00007500   _EvbRegs
00000a80   _FlashRegs
000070e0   _GpioDataRegs
000070c0   _GpioMuxRegs
003f828d   _ILLEGAL_ISR
003f8265   _INT13_ISR
003f826a   _INT14_ISR
003f853b   _InitAdc
003f84be   _InitCpuTimers
003f8842   _InitECan
003f86d3   _InitEv
003f878f   _InitGpio
003f8841   _InitMcbsp
003f8843   _InitPeripherals
003f87fc   _InitPieCtrl
003f881e   _InitPieVectTable
003f8840   _InitSci
003f883f   _InitSpi
003f87c7   _InitSysCtrl
003f883e   _InitXIntrupt
003f85b5   _InitXintf
003f87f2   _KickDog
003f9105   _LEDvalue
003f8373   _MRINTA_ISR
003f8378   _MXINTA_ISR
00007800   _McbspaRegs
003f9107   _Msmt_Update
003f826f   _NMI_ISR
003f82dd   _PDPINTA_ISR
003f8328   _PDPINTB_ISR
003f83a5   _PIE_RESERVED
00000ce0   _PieCtrl
00000d00   _PieVectTable
003f9000   _PieVectTableInit
003f8283   _RTOSINT_ISR
003f8387   _SCIRXINTA_ISR
003f8391   _SCIRXINTB_ISR
003f838c   _SCITXINTA_ISR
003f8396   _SCITXINTB_ISR
003f837d   _SPIRXINTA_ISR
003f8382   _SPITXINTA_ISR
003f9140   _SRM
00007050   _SciaRegs
00007750   _ScibRegs
00007040   _SpiaRegs
00007010   _SysCtrlRegs
003f82f6   _T1CINT_ISR
003f8300   _T1OFINT_ISR
003f82f1   _T1PINT_ISR
003f82fb   _T1UFINT_ISR
003f830a   _T2CINT_ISR
003f8314   _T2OFINT_ISR
003f8305   _T2PINT_ISR
003f830f   _T2UFINT_ISR
003f8341   _T3CINT_ISR
003f834b   _T3OFINT_ISR
003f833c   _T3PINT_ISR
003f8346   _T3UFINT_ISR
003f8355   _T4CINT_ISR
003f835f   _T4OFINT_ISR
003f8350   _T4PINT_ISR
003f835a   _T4UFINT_ISR
003f82d3   _TINT0_ISR
003f9106   _Toggle_LED
003f8292   _USER0_ISR
003f82c4   _USER10_ISR
003f82c9   _USER11_ISR
003f8297   _USER1_ISR
003f829c   _USER2_ISR
003f82a1   _USER3_ISR
003f82a6   _USER4_ISR
003f82ab   _USER5_ISR
003f82b0   _USER6_ISR
003f82b5   _USER7_ISR
003f82ba   _USER8_ISR
003f82bf   _USER9_ISR
003f9101   _Update_Velocity
003f82d8   _WAKEINT_ISR
003f8274   _XINT1_ISR
003f8279   _XINT2_ISR
00007070   _XIntruptRegs
00000b20   _XintfRegs
000007e8   __STACK_END
000003e8   __STACK_SIZE
ffffffff   ___binit__
003f91da   ___bss__
ffffffff   ___c_args__
003f886b   ___cinit__
003f9280   ___end__
003f886b   ___etext__
ffffffff   ___pinit__
003f8000   ___text__
003f9204   __cleanup_ptr
003f9202   __dtors_ptr
003f91dc   __lock
003f8864   __nop
003f8865   __register_lock
003f8868   __register_unlock
003f91da   __unlock
003f8753   _abort
003f806b   _ad
003f910c   _adclo
003f8737   _atexit
003f8688   _c_int00
003f9102   _count
003f8716   _exit
003f9109   _i
003f9104   _iTest
003f9108   _k
003f8000   _main
003f9100   _old_count
003f83aa   _rsvd_ISR
003f910a   _simu6count
003f910e   _simu6pos
003f9103   _slice
ffffffff   binit
003f886b   cinit
003f9280   end
003f886b   etext
ffffffff   pinit


GLOBAL SYMBOLS: SORTED BY Symbol Address 

address    name
--------   ----
000003e8   __STACK_SIZE
000007e8   __STACK_END
00000880   _DevEmuRegs
00000a80   _FlashRegs
00000ae0   _CsmRegs
00000b20   _XintfRegs
00000c00   _CpuTimer0Regs
00000c08   _CpuTimer1Regs
00000c10   _CpuTimer2Regs
00000ce0   _PieCtrl
00000d00   _PieVectTable
00006000   _ECanaRegs
00006100   _ECanaMboxes
00007010   _SysCtrlRegs
00007040   _SpiaRegs
00007050   _SciaRegs
00007070   _XIntruptRegs
000070c0   _GpioMuxRegs
000070e0   _GpioDataRegs
00007100   _AdcRegs
00007400   _EvaRegs
00007500   _EvbRegs
00007750   _ScibRegs
00007800   _McbspaRegs
003f7ff8   _CsmPwl
003f8000   .text
003f8000   ___text__
003f8000   _main
003f806b   _ad
003f822f   _EvbCAP4ISR_INT
003f8241   _EvbCAP5ISR_INT
003f8253   _EvbCAP6ISR_INT
003f8265   _INT13_ISR
003f826a   _INT14_ISR
003f826f   _NMI_ISR
003f8274   _XINT1_ISR
003f8279   _XINT2_ISR
003f827e   _DATALOG_ISR
003f8283   _RTOSINT_ISR
003f8288   _EMUINT_ISR
003f828d   _ILLEGAL_ISR
003f8292   _USER0_ISR
003f8297   _USER1_ISR
003f829c   _USER2_ISR
003f82a1   _USER3_ISR
003f82a6   _USER4_ISR
003f82ab   _USER5_ISR
003f82b0   _USER6_ISR
003f82b5   _USER7_ISR
003f82ba   _USER8_ISR
003f82bf   _USER9_ISR
003f82c4   _USER10_ISR
003f82c9   _USER11_ISR
003f82ce   _ADCINT_ISR
003f82d3   _TINT0_ISR
003f82d8   _WAKEINT_ISR
003f82dd   _PDPINTA_ISR
003f82e2   _CMP1INT_ISR
003f82e7   _CMP2INT_ISR
003f82ec   _CMP3INT_ISR
003f82f1   _T1PINT_ISR
003f82f6   _T1CINT_ISR
003f82fb   _T1UFINT_ISR
003f8300   _T1OFINT_ISR
003f8305   _T2PINT_ISR
003f830a   _T2CINT_ISR
003f830f   _T2UFINT_ISR
003f8314   _T2OFINT_ISR
003f8319   _CAPINT1_ISR
003f831e   _CAPINT2_ISR
003f8323   _CAPINT3_ISR
003f8328   _PDPINTB_ISR
003f832d   _CMP4INT_ISR
003f8332   _CMP5INT_ISR
003f8337   _CMP6INT_ISR
003f833c   _T3PINT_ISR
003f8341   _T3CINT_ISR
003f8346   _T3UFINT_ISR
003f834b   _T3OFINT_ISR
003f8350   _T4PINT_ISR
003f8355   _T4CINT_ISR
003f835a   _T4UFINT_ISR
003f835f   _T4OFINT_ISR
003f8364   _CAPINT4_ISR
003f8369   _CAPINT5_ISR
003f836e   _CAPINT6_ISR
003f8373   _MRINTA_ISR
003f8378   _MXINTA_ISR
003f837d   _SPIRXINTA_ISR
003f8382   _SPITXINTA_ISR
003f8387   _SCIRXINTA_ISR
003f838c   _SCITXINTA_ISR
003f8391   _SCIRXINTB_ISR
003f8396   _SCITXINTB_ISR
003f839b   _ECAN0INTA_ISR
003f83a0   _ECAN1INTA_ISR
003f83a5   _PIE_RESERVED
003f83aa   _rsvd_ISR
003f83af   FS$$ADD
003f843b   FS$$DIV
003f84be   _InitCpuTimers
003f84f7   _ConfigCpuTimer
003f853b   _InitAdc
003f85b5   _InitXintf
003f862e   FS$$MPY
003f8688   _c_int00
003f86d3   _InitEv
003f8716   _exit
003f8735   C$$EXIT
003f8737   _atexit
003f8753   _abort
003f8754   FS$$TOL
003f878f   _InitGpio
003f87c7   _InitSysCtrl
003f87f2   _KickDog
003f87fc   _InitPieCtrl
003f881e   _InitPieVectTable
003f883e   _InitXIntrupt
003f883f   _InitSpi
003f8840   _InitSci
003f8841   _InitMcbsp
003f8842   _InitECan
003f8843   _InitPeripherals
003f8854   U$$TOFS
003f8864   __nop
003f8865   __register_lock
003f8868   __register_unlock
003f886b   ___cinit__
003f886b   ___etext__
003f886b   cinit
003f886b   etext
003f9000   _PieVectTableInit
003f9100   _old_count
003f9101   _Update_Velocity
003f9102   _count
003f9103   _slice
003f9104   _iTest
003f9105   _LEDvalue
003f9106   _Toggle_LED
003f9107   _Msmt_Update
003f9108   _k
003f9109   _i
003f910a   _simu6count
003f910c   _adclo
003f910e   _simu6pos
003f9114   _ADResult
003f9140   _SRM
003f91c2   _CpuTimer1
003f91ca   _CpuTimer2
003f91d2   _CpuTimer0
003f91da   .bss
003f91da   ___bss__
003f91da   __unlock
003f91dc   __lock
003f9202   __dtors_ptr
003f9204   __cleanup_ptr
003f9280   ___end__
003f9280   end
ffffffff   ___binit__
ffffffff   ___c_args__
ffffffff   ___pinit__
ffffffff   binit
ffffffff   pinit

[163 symbols]
