******************************************************************************
             TMS320C2000 Linker PC v5.2.1                      
******************************************************************************
>> Linked Tue May 13 14:41:58 2014

OUTPUT FILE NAME:   <./Debug/CCSSRM2812f.out>
ENTRY POINT SYMBOL: "_c_int00"  address: 003f8935


MEMORY CONFIGURATION

         name            origin    length      used     unused   attr    fill
----------------------  --------  ---------  --------  --------  ----  --------
PAGE 0:
  PRAMH0                003f8000   00001000  00000b97  00000469  RWIX

PAGE 1:
  RAMM0                 00000000   00000400  00000000  00000400  RWIX
  RAMM1                 00000400   00000400  000003e8  00000018  RWIX
  DEV_EMU               00000880   00000180  000000d6  000000aa  RWIX
  FLASH_REGS            00000a80   00000060  00000008  00000058  RWIX
  CSM                   00000ae0   00000010  00000010  00000000  RWIX
  XINTF                 00000b20   00000020  00000020  00000000  RWIX
  CPU_TIMER0            00000c00   00000008  00000008  00000000  RWIX
  CPU_TIMER1            00000c08   00000008  00000008  00000000  RWIX
  CPU_TIMER2            00000c10   00000008  00000008  00000000  RWIX
  PIE_CTRL              00000ce0   00000020  0000001a  00000006  RWIX
  PIE_VECT              00000d00   00000100  00000100  00000000  RWIX
  ECAN_A                00006000   00000100  00000034  000000cc  RWIX
  ECAN_AMBOX            00006100   00000100  00000100  00000000  RWIX
  SYSTEM                00007010   00000020  00000020  00000000  RWIX
  SPI_A                 00007040   00000010  00000010  00000000  RWIX
  SCI_A                 00007050   00000010  00000010  00000000  RWIX
  XINTRUPT              00007070   00000010  00000010  00000000  RWIX
  GPIOMUX               000070c0   00000020  00000020  00000000  RWIX
  GPIODAT               000070e0   00000020  00000020  00000000  RWIX
  ADC                   00007100   00000020  0000001a  00000006  RWIX
  EV_A                  00007400   00000040  00000032  0000000e  RWIX
  EV_B                  00007500   00000040  00000032  0000000e  RWIX
  SPI_B                 00007740   00000010  00000000  00000010  RWIX
  SCI_B                 00007750   00000010  00000010  00000000  RWIX
  MCBSP_A               00007800   00000040  00000025  0000001b  RWIX
  CSM_PWL               003f7ff8   00000008  00000008  00000000  RWIX
  DRAMH0                003f9000   00001000  00000280  00000d80  RWIX


SECTION ALLOCATION MAP

 output                                  attributes/
section   page    origin      length       input sections
--------  ----  ----------  ----------   ----------------
.text      0    003f8000    00000b56     
                  003f8000    00000512     CCSSRM2812f.obj (.text)
                  003f8512    0000014a     DSP28_DefaultIsr.obj (.text)
                  003f865c    0000008c     rts2800n.lib : fs_add.obj (.text)
                  003f86e8    00000083                  : fs_div.obj (.text)
                  003f876b    0000007d     DSP28_CpuTimers.obj (.text)
                  003f87e8    0000007a     DSP28_Adc.obj (.text)
                  003f8862    00000079     DSP28_Xintf.obj (.text)
                  003f88db    0000005a     rts2800n.lib : fs_mpy.obj (.text)
                  003f8935    0000004b                  : boot.obj (.text)
                  003f8980    00000042     DSP28_Ev.obj (.text)
                  003f89c2    0000003e     rts2800n.lib : exit.obj (.text)
                  003f8a00    0000003b                  : fs_tol.obj (.text)
                  003f8a3b    00000038     DSP28_Gpio.obj (.text)
                  003f8a73    00000035     DSP28_SysCtrl.obj (.text)
                  003f8aa8    00000022     DSP28_PieCtrl.obj (.text)
                  003f8aca    00000022     rts2800n.lib : i_div.obj (.text)
                  003f8aec    00000020     DSP28_PieVect.obj (.text)
                  003f8b0c    0000001d     rts2800n.lib : fs_tou.obj (.text)
                  003f8b29    00000016     Cotherfiles.obj (.text)
                  003f8b3f    00000010     rts2800n.lib : u_tofs.obj (.text)
                  003f8b4f    00000007                  : _lock.obj (.text)

.cinit     0    003f8b56    0000003f     
                  003f8b56    0000002a     CCSSRM2812f.obj (.cinit)
                  003f8b80    0000000b     rts2800n.lib : exit.obj (.cinit)
                  003f8b8b    00000008                  : _lock.obj (.cinit)
                  003f8b93    00000002     --HOLE-- [fill = 0]

.reset     0    003f8b95    00000002     
                  003f8b95    00000002     rts2800n.lib : boot.obj (.reset)

.stack     1    00000400    000003e8     UNINITIALIZED
                  00000400    000003e8     --HOLE--

DevEmuRegsFile 
*          1    00000880    000000d6     UNINITIALIZED
                  00000880    000000d6     DSP28_GlobalVariableDefs.obj (DevEmuRegsFile)

FlashRegsFile 
*          1    00000a80    00000008     UNINITIALIZED
                  00000a80    00000008     DSP28_GlobalVariableDefs.obj (FlashRegsFile)

CsmRegsFile 
*          1    00000ae0    00000010     UNINITIALIZED
                  00000ae0    00000010     DSP28_GlobalVariableDefs.obj (CsmRegsFile)

XintfRegsFile 
*          1    00000b20    00000020     UNINITIALIZED
                  00000b20    00000020     DSP28_GlobalVariableDefs.obj (XintfRegsFile)

CpuTimer0RegsFile 
*          1    00000c00    00000008     UNINITIALIZED
                  00000c00    00000008     DSP28_GlobalVariableDefs.obj (CpuTimer0RegsFile)

CpuTimer1RegsFile 
*          1    00000c08    00000008     UNINITIALIZED
                  00000c08    00000008     DSP28_GlobalVariableDefs.obj (CpuTimer1RegsFile)

CpuTimer2RegsFile 
*          1    00000c10    00000008     UNINITIALIZED
                  00000c10    00000008     DSP28_GlobalVariableDefs.obj (CpuTimer2RegsFile)

PieCtrlRegsFile 
*          1    00000ce0    0000001a     UNINITIALIZED
                  00000ce0    0000001a     DSP28_GlobalVariableDefs.obj (PieCtrlRegsFile)

PieVectTable 
*          1    00000d00    00000100     UNINITIALIZED
                  00000d00    00000100     DSP28_GlobalVariableDefs.obj (PieVectTable)

ECanaRegsFile 
*          1    00006000    00000034     UNINITIALIZED
                  00006000    00000034     DSP28_GlobalVariableDefs.obj (ECanaRegsFile)

ECanaMboxesFile 
*          1    00006100    00000100     UNINITIALIZED
                  00006100    00000100     DSP28_GlobalVariableDefs.obj (ECanaMboxesFile)

SysCtrlRegsFile 
*          1    00007010    00000020     UNINITIALIZED
                  00007010    00000020     DSP28_GlobalVariableDefs.obj (SysCtrlRegsFile)

SpiaRegsFile 
*          1    00007040    00000010     UNINITIALIZED
                  00007040    00000010     DSP28_GlobalVariableDefs.obj (SpiaRegsFile)

SciaRegsFile 
*          1    00007050    00000010     UNINITIALIZED
                  00007050    00000010     DSP28_GlobalVariableDefs.obj (SciaRegsFile)

XIntruptRegsFile 
*          1    00007070    00000010     UNINITIALIZED
                  00007070    00000010     DSP28_GlobalVariableDefs.obj (XIntruptRegsFile)

GpioMuxRegsFile 
*          1    000070c0    00000020     UNINITIALIZED
                  000070c0    00000020     DSP28_GlobalVariableDefs.obj (GpioMuxRegsFile)

GpioDataRegsFile 
*          1    000070e0    00000020     UNINITIALIZED
                  000070e0    00000020     DSP28_GlobalVariableDefs.obj (GpioDataRegsFile)

AdcRegsFile 
*          1    00007100    0000001a     UNINITIALIZED
                  00007100    0000001a     DSP28_GlobalVariableDefs.obj (AdcRegsFile)

EvaRegsFile 
*          1    00007400    00000032     UNINITIALIZED
                  00007400    00000032     DSP28_GlobalVariableDefs.obj (EvaRegsFile)

EvbRegsFile 
*          1    00007500    00000032     UNINITIALIZED
                  00007500    00000032     DSP28_GlobalVariableDefs.obj (EvbRegsFile)

ScibRegsFile 
*          1    00007750    00000010     UNINITIALIZED
                  00007750    00000010     DSP28_GlobalVariableDefs.obj (ScibRegsFile)

McbspaRegsFile 
*          1    00007800    00000025     UNINITIALIZED
                  00007800    00000025     DSP28_GlobalVariableDefs.obj (McbspaRegsFile)

CsmPwlFile 
*          1    003f7ff8    00000008     UNINITIALIZED
                  003f7ff8    00000008     DSP28_GlobalVariableDefs.obj (CsmPwlFile)

.econst    1    003f9000    00000100     
                  003f9000    00000100     DSP28_PieVect.obj (.econst)

.ebss      1    003f9100    000000d8     UNINITIALIZED
                  003f9100    000000c0     CCSSRM2812f.obj (.ebss)
                  003f91c0    00000018     DSP28_CpuTimers.obj (.ebss)

.bss       1    003f91d8    000000a8     UNINITIALIZED
                  003f91d8    00000004     rts2800n.lib : _lock.obj (.bss)
                  003f91dc    00000024     --HOLE--
                  003f9200    00000080                  : exit.obj (.bss)


GLOBAL SYMBOLS: SORTED ALPHABETICALLY BY Name 

address    name
--------   ----
003f91d8   .bss
003f8000   .text
003f89e1   C$$EXIT
003f865c   FS$$ADD
003f86e8   FS$$DIV
003f88db   FS$$MPY
003f8a00   FS$$TOL
003f8b0c   FS$$TOU
003f8aca   I$$DIV
003f8adb   I$$MOD
003f8b3f   U$$TOFS
003f857b   _ADCINT_ISR
00007100   _AdcRegs
003f85c6   _CAPINT1_ISR
003f85cb   _CAPINT2_ISR
003f85d0   _CAPINT3_ISR
003f8611   _CAPINT4_ISR
003f8616   _CAPINT5_ISR
003f861b   _CAPINT6_ISR
003f858f   _CMP1INT_ISR
003f8594   _CMP2INT_ISR
003f8599   _CMP3INT_ISR
003f85da   _CMP4INT_ISR
003f85df   _CMP5INT_ISR
003f85e4   _CMP6INT_ISR
003f84a1   _Commutation_Algorithm
003f87a4   _ConfigCpuTimer
003f91d0   _CpuTimer0
00000c00   _CpuTimer0Regs
003f91c0   _CpuTimer1
00000c08   _CpuTimer1Regs
003f91c8   _CpuTimer2
00000c10   _CpuTimer2Regs
003f7ff8   _CsmPwl
00000ae0   _CsmRegs
003f852b   _DATALOG_ISR
00000880   _DevEmuRegs
003f8648   _ECAN0INTA_ISR
003f864d   _ECAN1INTA_ISR
00006100   _ECanaMboxes
00006000   _ECanaRegs
003f8535   _EMUINT_ISR
00007400   _EvaRegs
003f815e   _EvbCAP4ISR_INT
003f81a3   _EvbCAP5ISR_INT
003f81e8   _EvbCAP6ISR_INT
00007500   _EvbRegs
00000a80   _FlashRegs
000070e0   _GpioDataRegs
000070c0   _GpioMuxRegs
003f853a   _ILLEGAL_ISR
003f8512   _INT13_ISR
003f8517   _INT14_ISR
003f87e8   _InitAdc
003f876b   _InitCpuTimers
003f8b2d   _InitECan
003f8980   _InitEv
003f8a3b   _InitGpio
003f8b2c   _InitMcbsp
003f8b2e   _InitPeripherals
003f8aa8   _InitPieCtrl
003f8aec   _InitPieVectTable
003f8b2b   _InitSci
003f8b2a   _InitSpi
003f8a73   _InitSysCtrl
003f8b29   _InitXIntrupt
003f8862   _InitXintf
003f8a9e   _KickDog
003f9106   _LEDvalue
003f8620   _MRINTA_ISR
003f8625   _MXINTA_ISR
00007800   _McbspaRegs
003f9101   _Msmt_Update
003f8418   _Msmt_Update_Position
003f8369   _Msmt_Update_Velocity
003f851c   _NMI_ISR
003f858a   _PDPINTA_ISR
003f85d5   _PDPINTB_ISR
003f8652   _PIE_RESERVED
00000ce0   _PieCtrl
00000d00   _PieVectTable
003f9000   _PieVectTableInit
003f8530   _RTOSINT_ISR
003f8634   _SCIRXINTA_ISR
003f863e   _SCIRXINTB_ISR
003f8639   _SCITXINTA_ISR
003f8643   _SCITXINTB_ISR
003f862a   _SPIRXINTA_ISR
003f862f   _SPITXINTA_ISR
003f9140   _SRM
00007050   _SciaRegs
00007750   _ScibRegs
00007040   _SpiaRegs
00007010   _SysCtrlRegs
003f85a3   _T1CINT_ISR
003f85ad   _T1OFINT_ISR
003f859e   _T1PINT_ISR
003f85a8   _T1UFINT_ISR
003f85b7   _T2CINT_ISR
003f85c1   _T2OFINT_ISR
003f85b2   _T2PINT_ISR
003f85bc   _T2UFINT_ISR
003f85ee   _T3CINT_ISR
003f85f8   _T3OFINT_ISR
003f85e9   _T3PINT_ISR
003f85f3   _T3UFINT_ISR
003f8602   _T4CINT_ISR
003f860c   _T4OFINT_ISR
003f85fd   _T4PINT_ISR
003f8607   _T4UFINT_ISR
003f8580   _TINT0_ISR
003f8464   _Time_Update_Position
003f853f   _USER0_ISR
003f8571   _USER10_ISR
003f8576   _USER11_ISR
003f8544   _USER1_ISR
003f8549   _USER2_ISR
003f854e   _USER3_ISR
003f8553   _USER4_ISR
003f8558   _USER5_ISR
003f855d   _USER6_ISR
003f8562   _USER7_ISR
003f8567   _USER8_ISR
003f856c   _USER9_ISR
003f9100   _Update_Velocity
003f8585   _WAKEINT_ISR
003f8521   _XINT1_ISR
003f8526   _XINT2_ISR
00007070   _XIntruptRegs
00000b20   _XintfRegs
000007e8   __STACK_END
000003e8   __STACK_SIZE
ffffffff   ___binit__
003f91d8   ___bss__
ffffffff   ___c_args__
003f8b56   ___cinit__
003f9280   ___end__
003f8b56   ___etext__
ffffffff   ___pinit__
003f8000   ___text__
003f9204   __cleanup_ptr
003f9202   __dtors_ptr
003f91da   __lock
003f8b4f   __nop
003f8b50   __register_lock
003f8b53   __register_unlock
003f91d8   __unlock
003f89ff   _abort
003f8082   _ad
003f910a   _adclo
003f89e3   _atexit
003f8935   _c_int00
003f9108   _count
003f83bc   _currentController
003f89c2   _exit
003f9105   _i
003f9107   _iTest
003f822d   _initializeSRM
003f8000   _main
003f9103   _old_count
003f8657   _rsvd_ISR
003f9104   _simu6count
003f910c   _simu6pos
003f9102   _slice
003f84e2   _switch_lowside
ffffffff   binit
003f8b56   cinit
003f9280   end
003f8b56   etext
ffffffff   pinit


GLOBAL SYMBOLS: SORTED BY Symbol Address 

address    name
--------   ----
000003e8   __STACK_SIZE
000007e8   __STACK_END
00000880   _DevEmuRegs
00000a80   _FlashRegs
00000ae0   _CsmRegs
00000b20   _XintfRegs
00000c00   _CpuTimer0Regs
00000c08   _CpuTimer1Regs
00000c10   _CpuTimer2Regs
00000ce0   _PieCtrl
00000d00   _PieVectTable
00006000   _ECanaRegs
00006100   _ECanaMboxes
00007010   _SysCtrlRegs
00007040   _SpiaRegs
00007050   _SciaRegs
00007070   _XIntruptRegs
000070c0   _GpioMuxRegs
000070e0   _GpioDataRegs
00007100   _AdcRegs
00007400   _EvaRegs
00007500   _EvbRegs
00007750   _ScibRegs
00007800   _McbspaRegs
003f7ff8   _CsmPwl
003f8000   .text
003f8000   ___text__
003f8000   _main
003f8082   _ad
003f815e   _EvbCAP4ISR_INT
003f81a3   _EvbCAP5ISR_INT
003f81e8   _EvbCAP6ISR_INT
003f822d   _initializeSRM
003f8369   _Msmt_Update_Velocity
003f83bc   _currentController
003f8418   _Msmt_Update_Position
003f8464   _Time_Update_Position
003f84a1   _Commutation_Algorithm
003f84e2   _switch_lowside
003f8512   _INT13_ISR
003f8517   _INT14_ISR
003f851c   _NMI_ISR
003f8521   _XINT1_ISR
003f8526   _XINT2_ISR
003f852b   _DATALOG_ISR
003f8530   _RTOSINT_ISR
003f8535   _EMUINT_ISR
003f853a   _ILLEGAL_ISR
003f853f   _USER0_ISR
003f8544   _USER1_ISR
003f8549   _USER2_ISR
003f854e   _USER3_ISR
003f8553   _USER4_ISR
003f8558   _USER5_ISR
003f855d   _USER6_ISR
003f8562   _USER7_ISR
003f8567   _USER8_ISR
003f856c   _USER9_ISR
003f8571   _USER10_ISR
003f8576   _USER11_ISR
003f857b   _ADCINT_ISR
003f8580   _TINT0_ISR
003f8585   _WAKEINT_ISR
003f858a   _PDPINTA_ISR
003f858f   _CMP1INT_ISR
003f8594   _CMP2INT_ISR
003f8599   _CMP3INT_ISR
003f859e   _T1PINT_ISR
003f85a3   _T1CINT_ISR
003f85a8   _T1UFINT_ISR
003f85ad   _T1OFINT_ISR
003f85b2   _T2PINT_ISR
003f85b7   _T2CINT_ISR
003f85bc   _T2UFINT_ISR
003f85c1   _T2OFINT_ISR
003f85c6   _CAPINT1_ISR
003f85cb   _CAPINT2_ISR
003f85d0   _CAPINT3_ISR
003f85d5   _PDPINTB_ISR
003f85da   _CMP4INT_ISR
003f85df   _CMP5INT_ISR
003f85e4   _CMP6INT_ISR
003f85e9   _T3PINT_ISR
003f85ee   _T3CINT_ISR
003f85f3   _T3UFINT_ISR
003f85f8   _T3OFINT_ISR
003f85fd   _T4PINT_ISR
003f8602   _T4CINT_ISR
003f8607   _T4UFINT_ISR
003f860c   _T4OFINT_ISR
003f8611   _CAPINT4_ISR
003f8616   _CAPINT5_ISR
003f861b   _CAPINT6_ISR
003f8620   _MRINTA_ISR
003f8625   _MXINTA_ISR
003f862a   _SPIRXINTA_ISR
003f862f   _SPITXINTA_ISR
003f8634   _SCIRXINTA_ISR
003f8639   _SCITXINTA_ISR
003f863e   _SCIRXINTB_ISR
003f8643   _SCITXINTB_ISR
003f8648   _ECAN0INTA_ISR
003f864d   _ECAN1INTA_ISR
003f8652   _PIE_RESERVED
003f8657   _rsvd_ISR
003f865c   FS$$ADD
003f86e8   FS$$DIV
003f876b   _InitCpuTimers
003f87a4   _ConfigCpuTimer
003f87e8   _InitAdc
003f8862   _InitXintf
003f88db   FS$$MPY
003f8935   _c_int00
003f8980   _InitEv
003f89c2   _exit
003f89e1   C$$EXIT
003f89e3   _atexit
003f89ff   _abort
003f8a00   FS$$TOL
003f8a3b   _InitGpio
003f8a73   _InitSysCtrl
003f8a9e   _KickDog
003f8aa8   _InitPieCtrl
003f8aca   I$$DIV
003f8adb   I$$MOD
003f8aec   _InitPieVectTable
003f8b0c   FS$$TOU
003f8b29   _InitXIntrupt
003f8b2a   _InitSpi
003f8b2b   _InitSci
003f8b2c   _InitMcbsp
003f8b2d   _InitECan
003f8b2e   _InitPeripherals
003f8b3f   U$$TOFS
003f8b4f   __nop
003f8b50   __register_lock
003f8b53   __register_unlock
003f8b56   ___cinit__
003f8b56   ___etext__
003f8b56   cinit
003f8b56   etext
003f9000   _PieVectTableInit
003f9100   _Update_Velocity
003f9101   _Msmt_Update
003f9102   _slice
003f9103   _old_count
003f9104   _simu6count
003f9105   _i
003f9106   _LEDvalue
003f9107   _iTest
003f9108   _count
003f910a   _adclo
003f910c   _simu6pos
003f9140   _SRM
003f91c0   _CpuTimer1
003f91c8   _CpuTimer2
003f91d0   _CpuTimer0
003f91d8   .bss
003f91d8   ___bss__
003f91d8   __unlock
003f91da   __lock
003f9202   __dtors_ptr
003f9204   __cleanup_ptr
003f9280   ___end__
003f9280   end
ffffffff   ___binit__
ffffffff   ___c_args__
ffffffff   ___pinit__
ffffffff   binit
ffffffff   pinit

[170 symbols]
