******************************************************************************
             TMS320C2000 Linker PC v5.2.1                      
******************************************************************************
>> Linked Mon May 12 22:25:54 2014

OUTPUT FILE NAME:   <./Debug/CCSSRM2812f.out>
ENTRY POINT SYMBOL: "_c_int00"  address: 003f8933


MEMORY CONFIGURATION

         name            origin    length      used     unused   attr    fill
----------------------  --------  ---------  --------  --------  ----  --------
PAGE 0:
  PRAMH0                003f8000   00001000  00000b95  0000046b  RWIX

PAGE 1:
  RAMM0                 00000000   00000400  00000000  00000400  RWIX
  RAMM1                 00000400   00000400  000003e8  00000018  RWIX
  DEV_EMU               00000880   00000180  000000d6  000000aa  RWIX
  FLASH_REGS            00000a80   00000060  00000008  00000058  RWIX
  CSM                   00000ae0   00000010  00000010  00000000  RWIX
  XINTF                 00000b20   00000020  00000020  00000000  RWIX
  CPU_TIMER0            00000c00   00000008  00000008  00000000  RWIX
  CPU_TIMER1            00000c08   00000008  00000008  00000000  RWIX
  CPU_TIMER2            00000c10   00000008  00000008  00000000  RWIX
  PIE_CTRL              00000ce0   00000020  0000001a  00000006  RWIX
  PIE_VECT              00000d00   00000100  00000100  00000000  RWIX
  ECAN_A                00006000   00000100  00000034  000000cc  RWIX
  ECAN_AMBOX            00006100   00000100  00000100  00000000  RWIX
  SYSTEM                00007010   00000020  00000020  00000000  RWIX
  SPI_A                 00007040   00000010  00000010  00000000  RWIX
  SCI_A                 00007050   00000010  00000010  00000000  RWIX
  XINTRUPT              00007070   00000010  00000010  00000000  RWIX
  GPIOMUX               000070c0   00000020  00000020  00000000  RWIX
  GPIODAT               000070e0   00000020  00000020  00000000  RWIX
  ADC                   00007100   00000020  0000001a  00000006  RWIX
  EV_A                  00007400   00000040  00000032  0000000e  RWIX
  EV_B                  00007500   00000040  00000032  0000000e  RWIX
  SPI_B                 00007740   00000010  00000000  00000010  RWIX
  SCI_B                 00007750   00000010  00000010  00000000  RWIX
  MCBSP_A               00007800   00000040  00000025  0000001b  RWIX
  CSM_PWL               003f7ff8   00000008  00000008  00000000  RWIX
  DRAMH0                003f9000   00001000  00000280  00000d80  RWIX


SECTION ALLOCATION MAP

 output                                  attributes/
section   page    origin      length       input sections
--------  ----  ----------  ----------   ----------------
.text      0    003f8000    00000b54     
                  003f8000    00000510     CCSSRM2812f.obj (.text)
                  003f8510    0000014a     DSP28_DefaultIsr.obj (.text)
                  003f865a    0000008c     rts2800n.lib : fs_add.obj (.text)
                  003f86e6    00000083                  : fs_div.obj (.text)
                  003f8769    0000007d     DSP28_CpuTimers.obj (.text)
                  003f87e6    0000007a     DSP28_Adc.obj (.text)
                  003f8860    00000079     DSP28_Xintf.obj (.text)
                  003f88d9    0000005a     rts2800n.lib : fs_mpy.obj (.text)
                  003f8933    0000004b                  : boot.obj (.text)
                  003f897e    00000042     DSP28_Ev.obj (.text)
                  003f89c0    0000003e     rts2800n.lib : exit.obj (.text)
                  003f89fe    0000003b                  : fs_tol.obj (.text)
                  003f8a39    00000038     DSP28_Gpio.obj (.text)
                  003f8a71    00000035     DSP28_SysCtrl.obj (.text)
                  003f8aa6    00000022     DSP28_PieCtrl.obj (.text)
                  003f8ac8    00000022     rts2800n.lib : i_div.obj (.text)
                  003f8aea    00000020     DSP28_PieVect.obj (.text)
                  003f8b0a    0000001d     rts2800n.lib : fs_tou.obj (.text)
                  003f8b27    00000016     Cotherfiles.obj (.text)
                  003f8b3d    00000010     rts2800n.lib : u_tofs.obj (.text)
                  003f8b4d    00000007                  : _lock.obj (.text)

.cinit     0    003f8b54    0000003f     
                  003f8b54    0000002a     CCSSRM2812f.obj (.cinit)
                  003f8b7e    0000000b     rts2800n.lib : exit.obj (.cinit)
                  003f8b89    00000008                  : _lock.obj (.cinit)
                  003f8b91    00000002     --HOLE-- [fill = 0]

.reset     0    003f8b93    00000002     
                  003f8b93    00000002     rts2800n.lib : boot.obj (.reset)

.stack     1    00000400    000003e8     UNINITIALIZED
                  00000400    000003e8     --HOLE--

DevEmuRegsFile 
*          1    00000880    000000d6     UNINITIALIZED
                  00000880    000000d6     DSP28_GlobalVariableDefs.obj (DevEmuRegsFile)

FlashRegsFile 
*          1    00000a80    00000008     UNINITIALIZED
                  00000a80    00000008     DSP28_GlobalVariableDefs.obj (FlashRegsFile)

CsmRegsFile 
*          1    00000ae0    00000010     UNINITIALIZED
                  00000ae0    00000010     DSP28_GlobalVariableDefs.obj (CsmRegsFile)

XintfRegsFile 
*          1    00000b20    00000020     UNINITIALIZED
                  00000b20    00000020     DSP28_GlobalVariableDefs.obj (XintfRegsFile)

CpuTimer0RegsFile 
*          1    00000c00    00000008     UNINITIALIZED
                  00000c00    00000008     DSP28_GlobalVariableDefs.obj (CpuTimer0RegsFile)

CpuTimer1RegsFile 
*          1    00000c08    00000008     UNINITIALIZED
                  00000c08    00000008     DSP28_GlobalVariableDefs.obj (CpuTimer1RegsFile)

CpuTimer2RegsFile 
*          1    00000c10    00000008     UNINITIALIZED
                  00000c10    00000008     DSP28_GlobalVariableDefs.obj (CpuTimer2RegsFile)

PieCtrlRegsFile 
*          1    00000ce0    0000001a     UNINITIALIZED
                  00000ce0    0000001a     DSP28_GlobalVariableDefs.obj (PieCtrlRegsFile)

PieVectTable 
*          1    00000d00    00000100     UNINITIALIZED
                  00000d00    00000100     DSP28_GlobalVariableDefs.obj (PieVectTable)

ECanaRegsFile 
*          1    00006000    00000034     UNINITIALIZED
                  00006000    00000034     DSP28_GlobalVariableDefs.obj (ECanaRegsFile)

ECanaMboxesFile 
*          1    00006100    00000100     UNINITIALIZED
                  00006100    00000100     DSP28_GlobalVariableDefs.obj (ECanaMboxesFile)

SysCtrlRegsFile 
*          1    00007010    00000020     UNINITIALIZED
                  00007010    00000020     DSP28_GlobalVariableDefs.obj (SysCtrlRegsFile)

SpiaRegsFile 
*          1    00007040    00000010     UNINITIALIZED
                  00007040    00000010     DSP28_GlobalVariableDefs.obj (SpiaRegsFile)

SciaRegsFile 
*          1    00007050    00000010     UNINITIALIZED
                  00007050    00000010     DSP28_GlobalVariableDefs.obj (SciaRegsFile)

XIntruptRegsFile 
*          1    00007070    00000010     UNINITIALIZED
                  00007070    00000010     DSP28_GlobalVariableDefs.obj (XIntruptRegsFile)

GpioMuxRegsFile 
*          1    000070c0    00000020     UNINITIALIZED
                  000070c0    00000020     DSP28_GlobalVariableDefs.obj (GpioMuxRegsFile)

GpioDataRegsFile 
*          1    000070e0    00000020     UNINITIALIZED
                  000070e0    00000020     DSP28_GlobalVariableDefs.obj (GpioDataRegsFile)

AdcRegsFile 
*          1    00007100    0000001a     UNINITIALIZED
                  00007100    0000001a     DSP28_GlobalVariableDefs.obj (AdcRegsFile)

EvaRegsFile 
*          1    00007400    00000032     UNINITIALIZED
                  00007400    00000032     DSP28_GlobalVariableDefs.obj (EvaRegsFile)

EvbRegsFile 
*          1    00007500    00000032     UNINITIALIZED
                  00007500    00000032     DSP28_GlobalVariableDefs.obj (EvbRegsFile)

ScibRegsFile 
*          1    00007750    00000010     UNINITIALIZED
                  00007750    00000010     DSP28_GlobalVariableDefs.obj (ScibRegsFile)

McbspaRegsFile 
*          1    00007800    00000025     UNINITIALIZED
                  00007800    00000025     DSP28_GlobalVariableDefs.obj (McbspaRegsFile)

CsmPwlFile 
*          1    003f7ff8    00000008     UNINITIALIZED
                  003f7ff8    00000008     DSP28_GlobalVariableDefs.obj (CsmPwlFile)

.econst    1    003f9000    00000100     
                  003f9000    00000100     DSP28_PieVect.obj (.econst)

.ebss      1    003f9100    000000d8     UNINITIALIZED
                  003f9100    000000c0     CCSSRM2812f.obj (.ebss)
                  003f91c0    00000018     DSP28_CpuTimers.obj (.ebss)

.bss       1    003f91d8    000000a8     UNINITIALIZED
                  003f91d8    00000004     rts2800n.lib : _lock.obj (.bss)
                  003f91dc    00000024     --HOLE--
                  003f9200    00000080                  : exit.obj (.bss)


GLOBAL SYMBOLS: SORTED ALPHABETICALLY BY Name 

address    name
--------   ----
003f91d8   .bss
003f8000   .text
003f89df   C$$EXIT
003f865a   FS$$ADD
003f86e6   FS$$DIV
003f88d9   FS$$MPY
003f89fe   FS$$TOL
003f8b0a   FS$$TOU
003f8ac8   I$$DIV
003f8ad9   I$$MOD
003f8b3d   U$$TOFS
003f8579   _ADCINT_ISR
00007100   _AdcRegs
003f85c4   _CAPINT1_ISR
003f85c9   _CAPINT2_ISR
003f85ce   _CAPINT3_ISR
003f860f   _CAPINT4_ISR
003f8614   _CAPINT5_ISR
003f8619   _CAPINT6_ISR
003f858d   _CMP1INT_ISR
003f8592   _CMP2INT_ISR
003f8597   _CMP3INT_ISR
003f85d8   _CMP4INT_ISR
003f85dd   _CMP5INT_ISR
003f85e2   _CMP6INT_ISR
003f849f   _Commutation_Algorithm
003f87a2   _ConfigCpuTimer
003f91d0   _CpuTimer0
00000c00   _CpuTimer0Regs
003f91c0   _CpuTimer1
00000c08   _CpuTimer1Regs
003f91c8   _CpuTimer2
00000c10   _CpuTimer2Regs
003f7ff8   _CsmPwl
00000ae0   _CsmRegs
003f8529   _DATALOG_ISR
00000880   _DevEmuRegs
003f8646   _ECAN0INTA_ISR
003f864b   _ECAN1INTA_ISR
00006100   _ECanaMboxes
00006000   _ECanaRegs
003f8533   _EMUINT_ISR
00007400   _EvaRegs
003f815c   _EvbCAP4ISR_INT
003f81a1   _EvbCAP5ISR_INT
003f81e6   _EvbCAP6ISR_INT
00007500   _EvbRegs
00000a80   _FlashRegs
000070e0   _GpioDataRegs
000070c0   _GpioMuxRegs
003f8538   _ILLEGAL_ISR
003f8510   _INT13_ISR
003f8515   _INT14_ISR
003f87e6   _InitAdc
003f8769   _InitCpuTimers
003f8b2b   _InitECan
003f897e   _InitEv
003f8a39   _InitGpio
003f8b2a   _InitMcbsp
003f8b2c   _InitPeripherals
003f8aa6   _InitPieCtrl
003f8aea   _InitPieVectTable
003f8b29   _InitSci
003f8b28   _InitSpi
003f8a71   _InitSysCtrl
003f8b27   _InitXIntrupt
003f8860   _InitXintf
003f8a9c   _KickDog
003f9106   _LEDvalue
003f861e   _MRINTA_ISR
003f8623   _MXINTA_ISR
00007800   _McbspaRegs
003f9101   _Msmt_Update
003f8416   _Msmt_Update_Position
003f8367   _Msmt_Update_Velocity
003f851a   _NMI_ISR
003f8588   _PDPINTA_ISR
003f85d3   _PDPINTB_ISR
003f8650   _PIE_RESERVED
00000ce0   _PieCtrl
00000d00   _PieVectTable
003f9000   _PieVectTableInit
003f852e   _RTOSINT_ISR
003f8632   _SCIRXINTA_ISR
003f863c   _SCIRXINTB_ISR
003f8637   _SCITXINTA_ISR
003f8641   _SCITXINTB_ISR
003f8628   _SPIRXINTA_ISR
003f862d   _SPITXINTA_ISR
003f9140   _SRM
00007050   _SciaRegs
00007750   _ScibRegs
00007040   _SpiaRegs
00007010   _SysCtrlRegs
003f85a1   _T1CINT_ISR
003f85ab   _T1OFINT_ISR
003f859c   _T1PINT_ISR
003f85a6   _T1UFINT_ISR
003f85b5   _T2CINT_ISR
003f85bf   _T2OFINT_ISR
003f85b0   _T2PINT_ISR
003f85ba   _T2UFINT_ISR
003f85ec   _T3CINT_ISR
003f85f6   _T3OFINT_ISR
003f85e7   _T3PINT_ISR
003f85f1   _T3UFINT_ISR
003f8600   _T4CINT_ISR
003f860a   _T4OFINT_ISR
003f85fb   _T4PINT_ISR
003f8605   _T4UFINT_ISR
003f857e   _TINT0_ISR
003f8462   _Time_Update_Position
003f853d   _USER0_ISR
003f856f   _USER10_ISR
003f8574   _USER11_ISR
003f8542   _USER1_ISR
003f8547   _USER2_ISR
003f854c   _USER3_ISR
003f8551   _USER4_ISR
003f8556   _USER5_ISR
003f855b   _USER6_ISR
003f8560   _USER7_ISR
003f8565   _USER8_ISR
003f856a   _USER9_ISR
003f9100   _Update_Velocity
003f8583   _WAKEINT_ISR
003f851f   _XINT1_ISR
003f8524   _XINT2_ISR
00007070   _XIntruptRegs
00000b20   _XintfRegs
000007e8   __STACK_END
000003e8   __STACK_SIZE
ffffffff   ___binit__
003f91d8   ___bss__
ffffffff   ___c_args__
003f8b54   ___cinit__
003f9280   ___end__
003f8b54   ___etext__
ffffffff   ___pinit__
003f8000   ___text__
003f9204   __cleanup_ptr
003f9202   __dtors_ptr
003f91da   __lock
003f8b4d   __nop
003f8b4e   __register_lock
003f8b51   __register_unlock
003f91d8   __unlock
003f89fd   _abort
003f806f   _ad
003f910a   _adclo
003f89e1   _atexit
003f8933   _c_int00
003f9108   _count
003f83ba   _currentController
003f89c0   _exit
003f9105   _i
003f9107   _iTest
003f822b   _initializeSRM
003f8000   _main
003f9103   _old_count
003f8655   _rsvd_ISR
003f9104   _simu6count
003f910c   _simu6pos
003f9102   _slice
003f84e0   _switch_lowside
ffffffff   binit
003f8b54   cinit
003f9280   end
003f8b54   etext
ffffffff   pinit


GLOBAL SYMBOLS: SORTED BY Symbol Address 

address    name
--------   ----
000003e8   __STACK_SIZE
000007e8   __STACK_END
00000880   _DevEmuRegs
00000a80   _FlashRegs
00000ae0   _CsmRegs
00000b20   _XintfRegs
00000c00   _CpuTimer0Regs
00000c08   _CpuTimer1Regs
00000c10   _CpuTimer2Regs
00000ce0   _PieCtrl
00000d00   _PieVectTable
00006000   _ECanaRegs
00006100   _ECanaMboxes
00007010   _SysCtrlRegs
00007040   _SpiaRegs
00007050   _SciaRegs
00007070   _XIntruptRegs
000070c0   _GpioMuxRegs
000070e0   _GpioDataRegs
00007100   _AdcRegs
00007400   _EvaRegs
00007500   _EvbRegs
00007750   _ScibRegs
00007800   _McbspaRegs
003f7ff8   _CsmPwl
003f8000   .text
003f8000   ___text__
003f8000   _main
003f806f   _ad
003f815c   _EvbCAP4ISR_INT
003f81a1   _EvbCAP5ISR_INT
003f81e6   _EvbCAP6ISR_INT
003f822b   _initializeSRM
003f8367   _Msmt_Update_Velocity
003f83ba   _currentController
003f8416   _Msmt_Update_Position
003f8462   _Time_Update_Position
003f849f   _Commutation_Algorithm
003f84e0   _switch_lowside
003f8510   _INT13_ISR
003f8515   _INT14_ISR
003f851a   _NMI_ISR
003f851f   _XINT1_ISR
003f8524   _XINT2_ISR
003f8529   _DATALOG_ISR
003f852e   _RTOSINT_ISR
003f8533   _EMUINT_ISR
003f8538   _ILLEGAL_ISR
003f853d   _USER0_ISR
003f8542   _USER1_ISR
003f8547   _USER2_ISR
003f854c   _USER3_ISR
003f8551   _USER4_ISR
003f8556   _USER5_ISR
003f855b   _USER6_ISR
003f8560   _USER7_ISR
003f8565   _USER8_ISR
003f856a   _USER9_ISR
003f856f   _USER10_ISR
003f8574   _USER11_ISR
003f8579   _ADCINT_ISR
003f857e   _TINT0_ISR
003f8583   _WAKEINT_ISR
003f8588   _PDPINTA_ISR
003f858d   _CMP1INT_ISR
003f8592   _CMP2INT_ISR
003f8597   _CMP3INT_ISR
003f859c   _T1PINT_ISR
003f85a1   _T1CINT_ISR
003f85a6   _T1UFINT_ISR
003f85ab   _T1OFINT_ISR
003f85b0   _T2PINT_ISR
003f85b5   _T2CINT_ISR
003f85ba   _T2UFINT_ISR
003f85bf   _T2OFINT_ISR
003f85c4   _CAPINT1_ISR
003f85c9   _CAPINT2_ISR
003f85ce   _CAPINT3_ISR
003f85d3   _PDPINTB_ISR
003f85d8   _CMP4INT_ISR
003f85dd   _CMP5INT_ISR
003f85e2   _CMP6INT_ISR
003f85e7   _T3PINT_ISR
003f85ec   _T3CINT_ISR
003f85f1   _T3UFINT_ISR
003f85f6   _T3OFINT_ISR
003f85fb   _T4PINT_ISR
003f8600   _T4CINT_ISR
003f8605   _T4UFINT_ISR
003f860a   _T4OFINT_ISR
003f860f   _CAPINT4_ISR
003f8614   _CAPINT5_ISR
003f8619   _CAPINT6_ISR
003f861e   _MRINTA_ISR
003f8623   _MXINTA_ISR
003f8628   _SPIRXINTA_ISR
003f862d   _SPITXINTA_ISR
003f8632   _SCIRXINTA_ISR
003f8637   _SCITXINTA_ISR
003f863c   _SCIRXINTB_ISR
003f8641   _SCITXINTB_ISR
003f8646   _ECAN0INTA_ISR
003f864b   _ECAN1INTA_ISR
003f8650   _PIE_RESERVED
003f8655   _rsvd_ISR
003f865a   FS$$ADD
003f86e6   FS$$DIV
003f8769   _InitCpuTimers
003f87a2   _ConfigCpuTimer
003f87e6   _InitAdc
003f8860   _InitXintf
003f88d9   FS$$MPY
003f8933   _c_int00
003f897e   _InitEv
003f89c0   _exit
003f89df   C$$EXIT
003f89e1   _atexit
003f89fd   _abort
003f89fe   FS$$TOL
003f8a39   _InitGpio
003f8a71   _InitSysCtrl
003f8a9c   _KickDog
003f8aa6   _InitPieCtrl
003f8ac8   I$$DIV
003f8ad9   I$$MOD
003f8aea   _InitPieVectTable
003f8b0a   FS$$TOU
003f8b27   _InitXIntrupt
003f8b28   _InitSpi
003f8b29   _InitSci
003f8b2a   _InitMcbsp
003f8b2b   _InitECan
003f8b2c   _InitPeripherals
003f8b3d   U$$TOFS
003f8b4d   __nop
003f8b4e   __register_lock
003f8b51   __register_unlock
003f8b54   ___cinit__
003f8b54   ___etext__
003f8b54   cinit
003f8b54   etext
003f9000   _PieVectTableInit
003f9100   _Update_Velocity
003f9101   _Msmt_Update
003f9102   _slice
003f9103   _old_count
003f9104   _simu6count
003f9105   _i
003f9106   _LEDvalue
003f9107   _iTest
003f9108   _count
003f910a   _adclo
003f910c   _simu6pos
003f9140   _SRM
003f91c0   _CpuTimer1
003f91c8   _CpuTimer2
003f91d0   _CpuTimer0
003f91d8   .bss
003f91d8   ___bss__
003f91d8   __unlock
003f91da   __lock
003f9202   __dtors_ptr
003f9204   __cleanup_ptr
003f9280   ___end__
003f9280   end
ffffffff   ___binit__
ffffffff   ___c_args__
ffffffff   ___pinit__
ffffffff   binit
ffffffff   pinit

[170 symbols]
