******************************************************************************
             TMS320C2000 Linker PC v5.2.1                      
******************************************************************************
>> Linked Wed May 07 10:58:31 2014

OUTPUT FILE NAME:   <./Debug/CCSSRM2812e.out>
ENTRY POINT SYMBOL: "_c_int00"  address: 003f8a4f


MEMORY CONFIGURATION

         name            origin    length      used     unused   attr    fill
----------------------  --------  ---------  --------  --------  ----  --------
PAGE 0:
  PRAMH0                003f8000   00001000  00000c1f  000003e1  RWIX

PAGE 1:
  RAMM0                 00000000   00000400  00000000  00000400  RWIX
  RAMM1                 00000400   00000400  00000320  000000e0  RWIX
  DEV_EMU               00000880   00000180  000000d6  000000aa  RWIX
  FLASH_REGS            00000a80   00000060  00000008  00000058  RWIX
  CSM                   00000ae0   00000010  00000010  00000000  RWIX
  XINTF                 00000b20   00000020  00000020  00000000  RWIX
  CPU_TIMER0            00000c00   00000008  00000008  00000000  RWIX
  CPU_TIMER1            00000c08   00000008  00000008  00000000  RWIX
  CPU_TIMER2            00000c10   00000008  00000008  00000000  RWIX
  PIE_CTRL              00000ce0   00000020  0000001a  00000006  RWIX
  PIE_VECT              00000d00   00000100  00000100  00000000  RWIX
  ECAN_A                00006000   00000100  00000034  000000cc  RWIX
  ECAN_AMBOX            00006100   00000100  00000100  00000000  RWIX
  SYSTEM                00007010   00000020  00000020  00000000  RWIX
  SPI_A                 00007040   00000010  00000010  00000000  RWIX
  SCI_A                 00007050   00000010  00000010  00000000  RWIX
  XINTRUPT              00007070   00000010  00000010  00000000  RWIX
  GPIOMUX               000070c0   00000020  00000020  00000000  RWIX
  GPIODAT               000070e0   00000020  00000020  00000000  RWIX
  ADC                   00007100   00000020  0000001a  00000006  RWIX
  EV_A                  00007400   00000040  00000032  0000000e  RWIX
  EV_B                  00007500   00000040  00000032  0000000e  RWIX
  SPI_B                 00007740   00000010  00000000  00000010  RWIX
  SCI_B                 00007750   00000010  00000010  00000000  RWIX
  MCBSP_A               00007800   00000040  00000025  0000001b  RWIX
  CSM_PWL               003f7ff8   00000008  00000008  00000000  RWIX
  DRAMH0                003f9000   00001000  00000280  00000d80  RWIX


SECTION ALLOCATION MAP

 output                                  attributes/
section   page    origin      length       input sections
--------  ----  ----------  ----------   ----------------
.text      0    003f8000    00000c08     
                  003f8000    00000407     srm.obj (.text)
                  003f8407    000001e9     main.obj (.text)
                  003f85f0    0000014a     DSP28_DefaultIsr.obj (.text)
                  003f873a    00000142     Evmgr.obj (.text)
                  003f887c    00000083     rts2800n.lib : fs_div.obj (.text)
                  003f88ff    0000007d     DSP28_CpuTimers.obj (.text)
                  003f897c    00000079     DSP28_Xintf.obj (.text)
                  003f89f5    0000005a     rts2800n.lib : fs_mpy.obj (.text)
                  003f8a4f    0000004b                  : boot.obj (.text)
                  003f8a9a    0000003e                  : exit.obj (.text)
                  003f8ad8    0000003b                  : fs_tol.obj (.text)
                  003f8b13    00000032     DSP28_SysCtrl.obj (.text)
                  003f8b45    0000002f     DSP28_Spi.obj (.text)
                  003f8b74    00000021     DSP28_PieCtrl.obj (.text)
                  003f8b95    00000020     DSP28_PieVect.obj (.text)
                  003f8bb5    0000001d     rts2800n.lib : fs_tou.obj (.text)
                  003f8bd2    00000012     DSP28_Gpio.obj (.text)
                  003f8be4    00000010     rts2800n.lib : u_tofs.obj (.text)
                  003f8bf4    00000007     DSP28_InitPeripherals.obj (.text)
                  003f8bfb    00000007     rts2800n.lib : _lock.obj (.text)
                  003f8c02    00000001     DSP28_Adc.obj (.text)
                  003f8c03    00000001     DSP28_ECan.obj (.text)
                  003f8c04    00000001     DSP28_Ev.obj (.text)
                  003f8c05    00000001     DSP28_Mcbsp.obj (.text)
                  003f8c06    00000001     DSP28_Sci.obj (.text)
                  003f8c07    00000001     DSP28_XIntrupt.obj (.text)

.cinit     0    003f8c08    00000015     
                  003f8c08    0000000b     rts2800n.lib : exit.obj (.cinit)
                  003f8c13    00000008                  : _lock.obj (.cinit)
                  003f8c1b    00000002     --HOLE-- [fill = 0]

.reset     0    003f8c1d    00000002     
                  003f8c1d    00000002     rts2800n.lib : boot.obj (.reset)

.stack     1    00000400    00000320     UNINITIALIZED
                  00000400    00000320     --HOLE--

DevEmuRegsFile 
*          1    00000880    000000d6     UNINITIALIZED
                  00000880    000000d6     DSP28_GlobalVariableDefs.obj (DevEmuRegsFile)

FlashRegsFile 
*          1    00000a80    00000008     UNINITIALIZED
                  00000a80    00000008     DSP28_GlobalVariableDefs.obj (FlashRegsFile)

CsmRegsFile 
*          1    00000ae0    00000010     UNINITIALIZED
                  00000ae0    00000010     DSP28_GlobalVariableDefs.obj (CsmRegsFile)

XintfRegsFile 
*          1    00000b20    00000020     UNINITIALIZED
                  00000b20    00000020     DSP28_GlobalVariableDefs.obj (XintfRegsFile)

CpuTimer0RegsFile 
*          1    00000c00    00000008     UNINITIALIZED
                  00000c00    00000008     DSP28_GlobalVariableDefs.obj (CpuTimer0RegsFile)

CpuTimer1RegsFile 
*          1    00000c08    00000008     UNINITIALIZED
                  00000c08    00000008     DSP28_GlobalVariableDefs.obj (CpuTimer1RegsFile)

CpuTimer2RegsFile 
*          1    00000c10    00000008     UNINITIALIZED
                  00000c10    00000008     DSP28_GlobalVariableDefs.obj (CpuTimer2RegsFile)

PieCtrlRegsFile 
*          1    00000ce0    0000001a     UNINITIALIZED
                  00000ce0    0000001a     DSP28_GlobalVariableDefs.obj (PieCtrlRegsFile)

PieVectTable 
*          1    00000d00    00000100     UNINITIALIZED
                  00000d00    00000100     DSP28_GlobalVariableDefs.obj (PieVectTable)

ECanaRegsFile 
*          1    00006000    00000034     UNINITIALIZED
                  00006000    00000034     DSP28_GlobalVariableDefs.obj (ECanaRegsFile)

ECanaMboxesFile 
*          1    00006100    00000100     UNINITIALIZED
                  00006100    00000100     DSP28_GlobalVariableDefs.obj (ECanaMboxesFile)

SysCtrlRegsFile 
*          1    00007010    00000020     UNINITIALIZED
                  00007010    00000020     DSP28_GlobalVariableDefs.obj (SysCtrlRegsFile)

SpiaRegsFile 
*          1    00007040    00000010     UNINITIALIZED
                  00007040    00000010     DSP28_GlobalVariableDefs.obj (SpiaRegsFile)

SciaRegsFile 
*          1    00007050    00000010     UNINITIALIZED
                  00007050    00000010     DSP28_GlobalVariableDefs.obj (SciaRegsFile)

XIntruptRegsFile 
*          1    00007070    00000010     UNINITIALIZED
                  00007070    00000010     DSP28_GlobalVariableDefs.obj (XIntruptRegsFile)

GpioMuxRegsFile 
*          1    000070c0    00000020     UNINITIALIZED
                  000070c0    00000020     DSP28_GlobalVariableDefs.obj (GpioMuxRegsFile)

GpioDataRegsFile 
*          1    000070e0    00000020     UNINITIALIZED
                  000070e0    00000020     DSP28_GlobalVariableDefs.obj (GpioDataRegsFile)

AdcRegsFile 
*          1    00007100    0000001a     UNINITIALIZED
                  00007100    0000001a     DSP28_GlobalVariableDefs.obj (AdcRegsFile)

EvaRegsFile 
*          1    00007400    00000032     UNINITIALIZED
                  00007400    00000032     DSP28_GlobalVariableDefs.obj (EvaRegsFile)

EvbRegsFile 
*          1    00007500    00000032     UNINITIALIZED
                  00007500    00000032     DSP28_GlobalVariableDefs.obj (EvbRegsFile)

ScibRegsFile 
*          1    00007750    00000010     UNINITIALIZED
                  00007750    00000010     DSP28_GlobalVariableDefs.obj (ScibRegsFile)

McbspaRegsFile 
*          1    00007800    00000025     UNINITIALIZED
                  00007800    00000025     DSP28_GlobalVariableDefs.obj (McbspaRegsFile)

CsmPwlFile 
*          1    003f7ff8    00000008     UNINITIALIZED
                  003f7ff8    00000008     DSP28_GlobalVariableDefs.obj (CsmPwlFile)

.econst    1    003f9000    00000100     
                  003f9000    00000100     DSP28_PieVect.obj (.econst)

.ebss      1    003f9100    000000da     UNINITIALIZED
                  003f9100    000000c2     main.obj (.ebss)
                  003f91c2    00000018     DSP28_CpuTimers.obj (.ebss)

.bss       1    003f91da    000000a6     UNINITIALIZED
                  003f91da    00000004     rts2800n.lib : _lock.obj (.bss)
                  003f91de    00000022     --HOLE--
                  003f9200    00000080                  : exit.obj (.bss)


GLOBAL SYMBOLS: SORTED ALPHABETICALLY BY Name 

address    name
--------   ----
003f91da   .bss
003f8000   .text
003f8ab9   C$$EXIT
003f887c   FS$$DIV
003f89f5   FS$$MPY
003f8ad8   FS$$TOL
003f8bb5   FS$$TOU
003f8be4   U$$TOFS
003f8659   _ADCINT_ISR
003f8484   _AdcInt_ISR
00007100   _AdcRegs
003f910a   _BrakeFlag
003f86a4   _CAPINT1_ISR
003f86a9   _CAPINT2_ISR
003f86ae   _CAPINT3_ISR
003f86ef   _CAPINT4_ISR
003f86f4   _CAPINT5_ISR
003f86f9   _CAPINT6_ISR
003f866d   _CMP1INT_ISR
003f8672   _CMP2INT_ISR
003f8677   _CMP3INT_ISR
003f86b8   _CMP4INT_ISR
003f86bd   _CMP5INT_ISR
003f86c2   _CMP6INT_ISR
003f80d1   _Commutation_Algorithm
003f8938   _ConfigCpuTimer
003f91d2   _CpuTimer0
00000c00   _CpuTimer0Regs
003f91c2   _CpuTimer1
00000c08   _CpuTimer1Regs
003f91ca   _CpuTimer2
00000c10   _CpuTimer2Regs
003f7ff8   _CsmPwl
00000ae0   _CsmRegs
003f8609   _DATALOG_ISR
00000880   _DevEmuRegs
003f8726   _ECAN0INTA_ISR
003f872b   _ECAN1INTA_ISR
00006100   _ECanaMboxes
00006000   _ECanaRegs
003f8613   _EMUINT_ISR
003f9104   _Error1
00007400   _EvaRegs
003f8545   _EvbCAPISR_INT
00007500   _EvbRegs
00000a80   _FlashRegs
000070e0   _GpioDataRegs
000070c0   _GpioMuxRegs
003f8618   _ILLEGAL_ISR
003f85f0   _INT13_ISR
003f85f5   _INT14_ISR
003f8c02   _InitAdc
003f88ff   _InitCpuTimers
003f8c03   _InitECan
003f8c04   _InitEv
003f8bd2   _InitGpio
003f8c05   _InitMcbsp
003f8bf4   _InitPeripherals
003f8b74   _InitPieCtrl
003f8b95   _InitPieVectTable
003f8c06   _InitSci
003f8b45   _InitSpi
003f8b13   _InitSysCtrl
003f8c07   _InitXIntrupt
003f897c   _InitXintf
003f8b3b   _KickDog
003f9107   _LEDvalue
003f910d   _LastOprMode
003f86fe   _MRINTA_ISR
003f8703   _MXINTA_ISR
00007800   _McbspaRegs
003f9101   _Msmt_Update
003f803d   _Msmt_Update_Position
003f807e   _Msmt_Update_Velocity
003f85fa   _NMI_ISR
003f9106   _OprMode
003f8668   _PDPINTA_ISR
003f86b3   _PDPINTB_ISR
003f8730   _PIE_RESERVED
00000ce0   _PieCtrl
00000d00   _PieVectTable
003f9000   _PieVectTableInit
003f9105   _PosError
003f860e   _RTOSINT_ISR
003f8712   _SCIRXINTA_ISR
003f871c   _SCIRXINTB_ISR
003f8717   _SCITXINTA_ISR
003f8721   _SCITXINTB_ISR
003f8708   _SPIRXINTA_ISR
003f870d   _SPITXINTA_ISR
003f9140   _SRM
00007050   _SciaRegs
00007750   _ScibRegs
003f910e   _SlowDownFlag
003f8b66   _Spi_RxReady
003f8b57   _Spi_TxReady
00007040   _SpiaRegs
003f9108   _StartEn
00007010   _SysCtrlRegs
003f8681   _T1CINT_ISR
003f868b   _T1OFINT_ISR
003f867c   _T1PINT_ISR
003f8686   _T1UFINT_ISR
003f8695   _T2CINT_ISR
003f869f   _T2OFINT_ISR
003f8690   _T2PINT_ISR
003f869a   _T2UFINT_ISR
003f86cc   _T3CINT_ISR
003f86d6   _T3OFINT_ISR
003f86c7   _T3PINT_ISR
003f86d1   _T3UFINT_ISR
003f86e0   _T4CINT_ISR
003f86ea   _T4OFINT_ISR
003f86db   _T4PINT_ISR
003f86e5   _T4UFINT_ISR
003f865e   _TINT0_ISR
003f8000   _Time_Update_Position
003f9100   _Toggle_LED
003f861d   _USER0_ISR
003f864f   _USER10_ISR
003f8654   _USER11_ISR
003f8622   _USER1_ISR
003f8627   _USER2_ISR
003f862c   _USER3_ISR
003f8631   _USER4_ISR
003f8636   _USER5_ISR
003f863b   _USER6_ISR
003f8640   _USER7_ISR
003f8645   _USER8_ISR
003f864a   _USER9_ISR
003f9103   _Update_Velocity
003f8663   _WAKEINT_ISR
003f85ff   _XINT1_ISR
003f8604   _XINT2_ISR
00007070   _XIntruptRegs
00000b20   _XintfRegs
00000720   __STACK_END
00000320   __STACK_SIZE
ffffffff   ___binit__
003f91da   ___bss__
ffffffff   ___c_args__
003f8c08   ___cinit__
003f9280   ___end__
003f8c08   ___etext__
ffffffff   ___pinit__
003f8000   ___text__
003f9204   __cleanup_ptr
003f9202   __dtors_ptr
003f91dc   __lock
003f8bfb   __nop
003f8bfc   __register_lock
003f8bff   __register_unlock
003f91da   __unlock
003f8ad7   _abort
003f8abb   _atexit
003f8a4f   _c_int00
003f85d0   _check_for_stall
003f910b   _count
003f821f   _currentController
003f85cc   _enable_interrupts
003f873a   _eventmgr_init
003f8a9a   _exit
003f9109   _i
003f82bb   _initializeSRM
003f85c1   _initialize_counters_and_flags
003f8407   _main
003f9102   _old_count
003f87eb   _read_a2d
003f8851   _read_fifo
003f8735   _rsvd_ISR
003f910c   _slice
003f8436   _start_background
003f87fd   _switch_lowside
003f81b2   _velocityController
ffffffff   binit
003f8c08   cinit
003f9280   end
003f8c08   etext
ffffffff   pinit


GLOBAL SYMBOLS: SORTED BY Symbol Address 

address    name
--------   ----
00000320   __STACK_SIZE
00000720   __STACK_END
00000880   _DevEmuRegs
00000a80   _FlashRegs
00000ae0   _CsmRegs
00000b20   _XintfRegs
00000c00   _CpuTimer0Regs
00000c08   _CpuTimer1Regs
00000c10   _CpuTimer2Regs
00000ce0   _PieCtrl
00000d00   _PieVectTable
00006000   _ECanaRegs
00006100   _ECanaMboxes
00007010   _SysCtrlRegs
00007040   _SpiaRegs
00007050   _SciaRegs
00007070   _XIntruptRegs
000070c0   _GpioMuxRegs
000070e0   _GpioDataRegs
00007100   _AdcRegs
00007400   _EvaRegs
00007500   _EvbRegs
00007750   _ScibRegs
00007800   _McbspaRegs
003f7ff8   _CsmPwl
003f8000   .text
003f8000   _Time_Update_Position
003f8000   ___text__
003f803d   _Msmt_Update_Position
003f807e   _Msmt_Update_Velocity
003f80d1   _Commutation_Algorithm
003f81b2   _velocityController
003f821f   _currentController
003f82bb   _initializeSRM
003f8407   _main
003f8436   _start_background
003f8484   _AdcInt_ISR
003f8545   _EvbCAPISR_INT
003f85c1   _initialize_counters_and_flags
003f85cc   _enable_interrupts
003f85d0   _check_for_stall
003f85f0   _INT13_ISR
003f85f5   _INT14_ISR
003f85fa   _NMI_ISR
003f85ff   _XINT1_ISR
003f8604   _XINT2_ISR
003f8609   _DATALOG_ISR
003f860e   _RTOSINT_ISR
003f8613   _EMUINT_ISR
003f8618   _ILLEGAL_ISR
003f861d   _USER0_ISR
003f8622   _USER1_ISR
003f8627   _USER2_ISR
003f862c   _USER3_ISR
003f8631   _USER4_ISR
003f8636   _USER5_ISR
003f863b   _USER6_ISR
003f8640   _USER7_ISR
003f8645   _USER8_ISR
003f864a   _USER9_ISR
003f864f   _USER10_ISR
003f8654   _USER11_ISR
003f8659   _ADCINT_ISR
003f865e   _TINT0_ISR
003f8663   _WAKEINT_ISR
003f8668   _PDPINTA_ISR
003f866d   _CMP1INT_ISR
003f8672   _CMP2INT_ISR
003f8677   _CMP3INT_ISR
003f867c   _T1PINT_ISR
003f8681   _T1CINT_ISR
003f8686   _T1UFINT_ISR
003f868b   _T1OFINT_ISR
003f8690   _T2PINT_ISR
003f8695   _T2CINT_ISR
003f869a   _T2UFINT_ISR
003f869f   _T2OFINT_ISR
003f86a4   _CAPINT1_ISR
003f86a9   _CAPINT2_ISR
003f86ae   _CAPINT3_ISR
003f86b3   _PDPINTB_ISR
003f86b8   _CMP4INT_ISR
003f86bd   _CMP5INT_ISR
003f86c2   _CMP6INT_ISR
003f86c7   _T3PINT_ISR
003f86cc   _T3CINT_ISR
003f86d1   _T3UFINT_ISR
003f86d6   _T3OFINT_ISR
003f86db   _T4PINT_ISR
003f86e0   _T4CINT_ISR
003f86e5   _T4UFINT_ISR
003f86ea   _T4OFINT_ISR
003f86ef   _CAPINT4_ISR
003f86f4   _CAPINT5_ISR
003f86f9   _CAPINT6_ISR
003f86fe   _MRINTA_ISR
003f8703   _MXINTA_ISR
003f8708   _SPIRXINTA_ISR
003f870d   _SPITXINTA_ISR
003f8712   _SCIRXINTA_ISR
003f8717   _SCITXINTA_ISR
003f871c   _SCIRXINTB_ISR
003f8721   _SCITXINTB_ISR
003f8726   _ECAN0INTA_ISR
003f872b   _ECAN1INTA_ISR
003f8730   _PIE_RESERVED
003f8735   _rsvd_ISR
003f873a   _eventmgr_init
003f87eb   _read_a2d
003f87fd   _switch_lowside
003f8851   _read_fifo
003f887c   FS$$DIV
003f88ff   _InitCpuTimers
003f8938   _ConfigCpuTimer
003f897c   _InitXintf
003f89f5   FS$$MPY
003f8a4f   _c_int00
003f8a9a   _exit
003f8ab9   C$$EXIT
003f8abb   _atexit
003f8ad7   _abort
003f8ad8   FS$$TOL
003f8b13   _InitSysCtrl
003f8b3b   _KickDog
003f8b45   _InitSpi
003f8b57   _Spi_TxReady
003f8b66   _Spi_RxReady
003f8b74   _InitPieCtrl
003f8b95   _InitPieVectTable
003f8bb5   FS$$TOU
003f8bd2   _InitGpio
003f8be4   U$$TOFS
003f8bf4   _InitPeripherals
003f8bfb   __nop
003f8bfc   __register_lock
003f8bff   __register_unlock
003f8c02   _InitAdc
003f8c03   _InitECan
003f8c04   _InitEv
003f8c05   _InitMcbsp
003f8c06   _InitSci
003f8c07   _InitXIntrupt
003f8c08   ___cinit__
003f8c08   ___etext__
003f8c08   cinit
003f8c08   etext
003f9000   _PieVectTableInit
003f9100   _Toggle_LED
003f9101   _Msmt_Update
003f9102   _old_count
003f9103   _Update_Velocity
003f9104   _Error1
003f9105   _PosError
003f9106   _OprMode
003f9107   _LEDvalue
003f9108   _StartEn
003f9109   _i
003f910a   _BrakeFlag
003f910b   _count
003f910c   _slice
003f910d   _LastOprMode
003f910e   _SlowDownFlag
003f9140   _SRM
003f91c2   _CpuTimer1
003f91ca   _CpuTimer2
003f91d2   _CpuTimer0
003f91da   .bss
003f91da   ___bss__
003f91da   __unlock
003f91dc   __lock
003f9202   __dtors_ptr
003f9204   __cleanup_ptr
003f9280   ___end__
003f9280   end
ffffffff   ___binit__
ffffffff   ___c_args__
ffffffff   ___pinit__
ffffffff   binit
ffffffff   pinit

[179 symbols]
