<?xml version="1.0"?>
<link_info>
   <banner>TMS320C2000 Linker PC v6.2.7</banner>
   <copyright>Copyright (c) 1996-2014 Texas Instruments Incorporated</copyright>
   <link_time>0x54de0177</link_time>
   <link_errors>0x0</link_errors>
   <output_file>Jfl3PiTwoPhaseStart2TesPos3TestAphase1.out</output_file>
   <entry_point>
      <name>_c_int00</name>
      <address>0x3f8dd0</address>
   </entry_point>
   <input_file_list>
      <input_file id="fl-2">
         <path>.\</path>
         <kind>object</kind>
         <file>DSP281x_Adc.obj</file>
         <name>DSP281x_Adc.obj</name>
      </input_file>
      <input_file id="fl-3">
         <path>.\</path>
         <kind>object</kind>
         <file>DSP281x_CodeStartBranch.obj</file>
         <name>DSP281x_CodeStartBranch.obj</name>
      </input_file>
      <input_file id="fl-4">
         <path>.\</path>
         <kind>object</kind>
         <file>DSP281x_CpuTimers.obj</file>
         <name>DSP281x_CpuTimers.obj</name>
      </input_file>
      <input_file id="fl-5">
         <path>.\</path>
         <kind>object</kind>
         <file>DSP281x_DefaultIsr.obj</file>
         <name>DSP281x_DefaultIsr.obj</name>
      </input_file>
      <input_file id="fl-6">
         <path>.\</path>
         <kind>object</kind>
         <file>DSP281x_Ev.obj</file>
         <name>DSP281x_Ev.obj</name>
      </input_file>
      <input_file id="fl-7">
         <path>.\</path>
         <kind>object</kind>
         <file>DSP281x_GlobalVariableDefs.obj</file>
         <name>DSP281x_GlobalVariableDefs.obj</name>
      </input_file>
      <input_file id="fl-8">
         <path>.\</path>
         <kind>object</kind>
         <file>DSP281x_Gpio.obj</file>
         <name>DSP281x_Gpio.obj</name>
      </input_file>
      <input_file id="fl-9">
         <path>.\</path>
         <kind>object</kind>
         <file>DSP281x_MemCopy.obj</file>
         <name>DSP281x_MemCopy.obj</name>
      </input_file>
      <input_file id="fl-a">
         <path>.\</path>
         <kind>object</kind>
         <file>DSP281x_PieCtrl.obj</file>
         <name>DSP281x_PieCtrl.obj</name>
      </input_file>
      <input_file id="fl-b">
         <path>.\</path>
         <kind>object</kind>
         <file>DSP281x_PieVect.obj</file>
         <name>DSP281x_PieVect.obj</name>
      </input_file>
      <input_file id="fl-c">
         <path>.\</path>
         <kind>object</kind>
         <file>DSP281x_Sci.obj</file>
         <name>DSP281x_Sci.obj</name>
      </input_file>
      <input_file id="fl-d">
         <path>.\</path>
         <kind>object</kind>
         <file>DSP281x_SysCtrl.obj</file>
         <name>DSP281x_SysCtrl.obj</name>
      </input_file>
      <input_file id="fl-e">
         <path>.\</path>
         <kind>object</kind>
         <file>Ifl1.obj</file>
         <name>Ifl1.obj</name>
      </input_file>
      <input_file id="fl-13">
         <path>..\</path>
         <kind>archive</kind>
         <file>rts2800_ml.lib</file>
         <name>boot.obj</name>
      </input_file>
      <input_file id="fl-14">
         <path>..\</path>
         <kind>archive</kind>
         <file>rts2800_ml.lib</file>
         <name>exit.obj</name>
      </input_file>
      <input_file id="fl-15">
         <path>..\</path>
         <kind>archive</kind>
         <file>rts2800_ml.lib</file>
         <name>fs_cmp.obj</name>
      </input_file>
      <input_file id="fl-16">
         <path>..\</path>
         <kind>archive</kind>
         <file>rts2800_ml.lib</file>
         <name>fs_mpy.obj</name>
      </input_file>
      <input_file id="fl-17">
         <path>..\</path>
         <kind>archive</kind>
         <file>rts2800_ml.lib</file>
         <name>fs_tol.obj</name>
      </input_file>
      <input_file id="fl-18">
         <path>..\</path>
         <kind>archive</kind>
         <file>rts2800_ml.lib</file>
         <name>i_div.obj</name>
      </input_file>
      <input_file id="fl-19">
         <path>..\</path>
         <kind>archive</kind>
         <file>rts2800_ml.lib</file>
         <name>l_div.obj</name>
      </input_file>
      <input_file id="fl-1a">
         <path>..\</path>
         <kind>archive</kind>
         <file>rts2800_ml.lib</file>
         <name>l_tofs.obj</name>
      </input_file>
      <input_file id="fl-1b">
         <path>..\</path>
         <kind>archive</kind>
         <file>rts2800_ml.lib</file>
         <name>u_tofs.obj</name>
      </input_file>
      <input_file id="fl-1c">
         <path>..\</path>
         <kind>archive</kind>
         <file>rts2800_ml.lib</file>
         <name>_lock.obj</name>
      </input_file>
      <input_file id="fl-1d">
         <path>..\</path>
         <kind>archive</kind>
         <file>rts2800_ml.lib</file>
         <name>args_main.obj</name>
      </input_file>
   </input_file_list>
   <object_component_list>
      <object_component id="oc-58">
         <name>PieVectTableFile</name>
         <uninitialized>true</uninitialized>
         <run_address>0xd00</run_address>
         <size>0x100</size>
         <input_file_ref idref="fl-7"/>
      </object_component>
      <object_component id="oc-57">
         <name>DevEmuRegsFile</name>
         <uninitialized>true</uninitialized>
         <run_address>0x880</run_address>
         <size>0xd0</size>
         <input_file_ref idref="fl-7"/>
      </object_component>
      <object_component id="oc-41">
         <name>FlashRegsFile</name>
         <uninitialized>true</uninitialized>
         <run_address>0xa80</run_address>
         <size>0x8</size>
         <input_file_ref idref="fl-7"/>
      </object_component>
      <object_component id="oc-48">
         <name>CsmRegsFile</name>
         <uninitialized>true</uninitialized>
         <run_address>0xae0</run_address>
         <size>0x10</size>
         <input_file_ref idref="fl-7"/>
      </object_component>
      <object_component id="oc-4c">
         <name>XintfRegsFile</name>
         <uninitialized>true</uninitialized>
         <run_address>0xb20</run_address>
         <size>0x20</size>
         <input_file_ref idref="fl-7"/>
      </object_component>
      <object_component id="oc-42">
         <name>CpuTimer0RegsFile</name>
         <uninitialized>true</uninitialized>
         <run_address>0xc00</run_address>
         <size>0x8</size>
         <input_file_ref idref="fl-7"/>
      </object_component>
      <object_component id="oc-43">
         <name>CpuTimer1RegsFile</name>
         <uninitialized>true</uninitialized>
         <run_address>0xc08</run_address>
         <size>0x8</size>
         <input_file_ref idref="fl-7"/>
      </object_component>
      <object_component id="oc-40">
         <name>CpuTimer2RegsFile</name>
         <uninitialized>true</uninitialized>
         <run_address>0xc10</run_address>
         <size>0x8</size>
         <input_file_ref idref="fl-7"/>
      </object_component>
      <object_component id="oc-4b">
         <name>PieCtrlRegsFile</name>
         <uninitialized>true</uninitialized>
         <run_address>0xce0</run_address>
         <size>0x1a</size>
         <input_file_ref idref="fl-7"/>
      </object_component>
      <object_component id="oc-53">
         <name>ECanaRegsFile</name>
         <uninitialized>true</uninitialized>
         <run_address>0x6000</run_address>
         <size>0x34</size>
         <input_file_ref idref="fl-7"/>
      </object_component>
      <object_component id="oc-55">
         <name>ECanaLAMRegsFile</name>
         <uninitialized>true</uninitialized>
         <run_address>0x6040</run_address>
         <size>0x40</size>
         <input_file_ref idref="fl-7"/>
      </object_component>
      <object_component id="oc-59">
         <name>ECanaMboxesFile</name>
         <uninitialized>true</uninitialized>
         <run_address>0x6100</run_address>
         <size>0x100</size>
         <input_file_ref idref="fl-7"/>
      </object_component>
      <object_component id="oc-54">
         <name>ECanaMOTSRegsFile</name>
         <uninitialized>true</uninitialized>
         <run_address>0x6080</run_address>
         <size>0x40</size>
         <input_file_ref idref="fl-7"/>
      </object_component>
      <object_component id="oc-56">
         <name>ECanaMOTORegsFile</name>
         <uninitialized>true</uninitialized>
         <run_address>0x60c0</run_address>
         <size>0x40</size>
         <input_file_ref idref="fl-7"/>
      </object_component>
      <object_component id="oc-4d">
         <name>SysCtrlRegsFile</name>
         <uninitialized>true</uninitialized>
         <run_address>0x7010</run_address>
         <size>0x20</size>
         <input_file_ref idref="fl-7"/>
      </object_component>
      <object_component id="oc-46">
         <name>SpiaRegsFile</name>
         <uninitialized>true</uninitialized>
         <run_address>0x7040</run_address>
         <size>0x10</size>
         <input_file_ref idref="fl-7"/>
      </object_component>
      <object_component id="oc-47">
         <name>SciaRegsFile</name>
         <uninitialized>true</uninitialized>
         <run_address>0x7050</run_address>
         <size>0x10</size>
         <input_file_ref idref="fl-7"/>
      </object_component>
      <object_component id="oc-49">
         <name>XIntruptRegsFile</name>
         <uninitialized>true</uninitialized>
         <run_address>0x7070</run_address>
         <size>0x10</size>
         <input_file_ref idref="fl-7"/>
      </object_component>
      <object_component id="oc-4e">
         <name>GpioMuxRegsFile</name>
         <uninitialized>true</uninitialized>
         <run_address>0x70c0</run_address>
         <size>0x20</size>
         <input_file_ref idref="fl-7"/>
      </object_component>
      <object_component id="oc-4f">
         <name>GpioDataRegsFile</name>
         <uninitialized>true</uninitialized>
         <run_address>0x70e0</run_address>
         <size>0x20</size>
         <input_file_ref idref="fl-7"/>
      </object_component>
      <object_component id="oc-4a">
         <name>AdcRegsFile</name>
         <uninitialized>true</uninitialized>
         <run_address>0x7100</run_address>
         <size>0x1a</size>
         <input_file_ref idref="fl-7"/>
      </object_component>
      <object_component id="oc-51">
         <name>EvaRegsFile</name>
         <uninitialized>true</uninitialized>
         <run_address>0x7400</run_address>
         <size>0x32</size>
         <input_file_ref idref="fl-7"/>
      </object_component>
      <object_component id="oc-52">
         <name>EvbRegsFile</name>
         <uninitialized>true</uninitialized>
         <run_address>0x7500</run_address>
         <size>0x32</size>
         <input_file_ref idref="fl-7"/>
      </object_component>
      <object_component id="oc-45">
         <name>ScibRegsFile</name>
         <uninitialized>true</uninitialized>
         <run_address>0x7750</run_address>
         <size>0x10</size>
         <input_file_ref idref="fl-7"/>
      </object_component>
      <object_component id="oc-50">
         <name>McbspaRegsFile</name>
         <uninitialized>true</uninitialized>
         <run_address>0x7800</run_address>
         <size>0x25</size>
         <input_file_ref idref="fl-7"/>
      </object_component>
      <object_component id="oc-44">
         <name>CsmPwlFile</name>
         <uninitialized>true</uninitialized>
         <run_address>0x3f7ff8</run_address>
         <size>0x8</size>
         <input_file_ref idref="fl-7"/>
      </object_component>
      <object_component id="oc-2d">
         <name>codestart</name>
         <load_address>0x3f8000</load_address>
         <run_address>0x3f8000</run_address>
         <size>0x2</size>
         <input_file_ref idref="fl-3"/>
      </object_component>
      <object_component id="oc-b1">
         <name>ramfuncs</name>
         <load_address>0x3f8fb5</load_address>
         <run_address>0x3f8fb5</run_address>
         <size>0x19</size>
         <input_file_ref idref="fl-d"/>
      </object_component>
      <object_component id="oc-ad">
         <name>.text</name>
         <load_address>0x3f8002</load_address>
         <run_address>0x3f8002</run_address>
         <size>0x69d</size>
         <input_file_ref idref="fl-e"/>
      </object_component>
      <object_component id="oc-77">
         <name>.text:retain</name>
         <load_address>0x3f869f</load_address>
         <run_address>0x3f869f</run_address>
         <size>0x365</size>
         <input_file_ref idref="fl-e"/>
      </object_component>
      <object_component id="oc-37">
         <name>.text:retain</name>
         <load_address>0x3f8a04</load_address>
         <run_address>0x3f8a04</run_address>
         <size>0x15c</size>
         <input_file_ref idref="fl-5"/>
      </object_component>
      <object_component id="oc-ae">
         <name>.text</name>
         <load_address>0x3f8b60</load_address>
         <run_address>0x3f8b60</run_address>
         <size>0x9e</size>
         <input_file_ref idref="fl-d"/>
      </object_component>
      <object_component id="oc-b3">
         <name>.text</name>
         <load_address>0x3f8bfe</load_address>
         <run_address>0x3f8bfe</run_address>
         <size>0x7a</size>
         <input_file_ref idref="fl-2"/>
      </object_component>
      <object_component id="oc-b4">
         <name>.text</name>
         <load_address>0x3f8c78</load_address>
         <run_address>0x3f8c78</run_address>
         <size>0x5c</size>
         <input_file_ref idref="fl-6"/>
      </object_component>
      <object_component id="oc-8a">
         <name>.text</name>
         <load_address>0x3f8cd4</load_address>
         <run_address>0x3f8cd4</run_address>
         <size>0x5a</size>
         <input_file_ref idref="fl-16"/>
      </object_component>
      <object_component id="oc-b2">
         <name>.text</name>
         <load_address>0x3f8d2e</load_address>
         <run_address>0x3f8d2e</run_address>
         <size>0x58</size>
         <input_file_ref idref="fl-8"/>
      </object_component>
      <object_component id="oc-80">
         <name>.text</name>
         <load_address>0x3f8d86</load_address>
         <run_address>0x3f8d86</run_address>
         <size>0x4a</size>
         <input_file_ref idref="fl-14"/>
      </object_component>
      <object_component id="oc-27">
         <name>.text</name>
         <load_address>0x3f8dd0</load_address>
         <run_address>0x3f8dd0</run_address>
         <size>0x44</size>
         <input_file_ref idref="fl-13"/>
      </object_component>
      <object_component id="oc-ac">
         <name>.text</name>
         <load_address>0x3f8e14</load_address>
         <run_address>0x3f8e14</run_address>
         <size>0x36</size>
         <input_file_ref idref="fl-c"/>
      </object_component>
      <object_component id="oc-96">
         <name>.text</name>
         <load_address>0x3f8e4a</load_address>
         <run_address>0x3f8e4a</run_address>
         <size>0x2a</size>
         <input_file_ref idref="fl-19"/>
      </object_component>
      <object_component id="oc-8e">
         <name>.text</name>
         <load_address>0x3f8e74</load_address>
         <run_address>0x3f8e74</run_address>
         <size>0x29</size>
         <input_file_ref idref="fl-17"/>
      </object_component>
      <object_component id="oc-af">
         <name>.text</name>
         <load_address>0x3f8e9d</load_address>
         <run_address>0x3f8e9d</run_address>
         <size>0x28</size>
         <input_file_ref idref="fl-a"/>
      </object_component>
      <object_component id="oc-92">
         <name>.text</name>
         <load_address>0x3f8ec5</load_address>
         <run_address>0x3f8ec5</run_address>
         <size>0x22</size>
         <input_file_ref idref="fl-18"/>
      </object_component>
      <object_component id="oc-b0">
         <name>.text</name>
         <load_address>0x3f8ee7</load_address>
         <run_address>0x3f8ee7</run_address>
         <size>0x20</size>
         <input_file_ref idref="fl-b"/>
      </object_component>
      <object_component id="oc-9a">
         <name>.text</name>
         <load_address>0x3f8f07</load_address>
         <run_address>0x3f8f07</run_address>
         <size>0x1a</size>
         <input_file_ref idref="fl-1a"/>
      </object_component>
      <object_component id="oc-86">
         <name>.text</name>
         <load_address>0x3f8f21</load_address>
         <run_address>0x3f8f21</run_address>
         <size>0x17</size>
         <input_file_ref idref="fl-15"/>
      </object_component>
      <object_component id="oc-a8">
         <name>.text</name>
         <load_address>0x3f8f38</load_address>
         <run_address>0x3f8f38</run_address>
         <size>0x14</size>
         <input_file_ref idref="fl-1d"/>
      </object_component>
      <object_component id="oc-9e">
         <name>.text</name>
         <load_address>0x3f8f4c</load_address>
         <run_address>0x3f8f4c</run_address>
         <size>0x10</size>
         <input_file_ref idref="fl-1b"/>
      </object_component>
      <object_component id="oc-a2">
         <name>.text</name>
         <load_address>0x3f8f5c</load_address>
         <run_address>0x3f8f5c</run_address>
         <size>0x9</size>
         <input_file_ref idref="fl-1c"/>
      </object_component>
      <object_component id="oc-2c">
         <name>.text</name>
         <load_address>0x3f8f65</load_address>
         <run_address>0x3f8f65</run_address>
         <size>0x8</size>
         <input_file_ref idref="fl-3"/>
      </object_component>
      <object_component id="oc-75">
         <name>.cinit</name>
         <load_address>0x3f8f6d</load_address>
         <run_address>0x3f8f6d</run_address>
         <size>0x2e</size>
         <input_file_ref idref="fl-e"/>
      </object_component>
      <object_component id="oc-81">
         <name>.cinit</name>
         <load_address>0x3f8f9b</load_address>
         <run_address>0x3f8f9b</run_address>
         <size>0xe</size>
         <input_file_ref idref="fl-14"/>
      </object_component>
      <object_component id="oc-a3">
         <name>.cinit</name>
         <load_address>0x3f8fa9</load_address>
         <run_address>0x3f8fa9</run_address>
         <size>0xa</size>
         <input_file_ref idref="fl-1c"/>
      </object_component>
      <object_component id="oc-7c">
         <name>.reset</name>
         <load_address>0x3fffc0</load_address>
         <run_address>0x3fffc0</run_address>
         <size>0x2</size>
         <input_file_ref idref="fl-13"/>
      </object_component>
      <object_component id="oc-7b">
         <name>.stack</name>
         <uninitialized>true</uninitialized>
         <run_address>0x400</run_address>
         <size>0x0</size>
         <input_file_ref idref="fl-13"/>
      </object_component>
      <object_component id="oc-e3">
         <name>.stack</name>
         <uninitialized>true</uninitialized>
         <run_address>0x400</run_address>
         <size>0x0</size>
      </object_component>
      <object_component id="oc-32">
         <name>.ebss</name>
         <uninitialized>true</uninitialized>
         <run_address>0x3f90cc</run_address>
         <size>0x18</size>
         <input_file_ref idref="fl-4"/>
      </object_component>
      <object_component id="oc-76">
         <name>.ebss</name>
         <uninitialized>true</uninitialized>
         <run_address>0x3f9000</run_address>
         <size>0xcc</size>
         <input_file_ref idref="fl-e"/>
      </object_component>
      <object_component id="oc-82">
         <name>.ebss</name>
         <uninitialized>true</uninitialized>
         <run_address>0x3f9100</run_address>
         <size>0x80</size>
         <input_file_ref idref="fl-14"/>
      </object_component>
      <object_component id="oc-a4">
         <name>.ebss</name>
         <uninitialized>true</uninitialized>
         <run_address>0x3f90e4</run_address>
         <size>0x4</size>
         <input_file_ref idref="fl-1c"/>
      </object_component>
      <object_component id="oc-68">
         <name>.econst</name>
         <load_address>0x3f9180</load_address>
         <run_address>0x3f9180</run_address>
         <size>0x100</size>
         <input_file_ref idref="fl-b"/>
      </object_component>
      <object_component id="oc-28">
         <name>.debug_info</name>
         <load_address>0x0</load_address>
         <run_address>0x0</run_address>
         <size>0x1091</size>
         <input_file_ref idref="fl-2"/>
      </object_component>
      <object_component id="oc-2e">
         <name>.debug_info</name>
         <load_address>0x1091</load_address>
         <run_address>0x1091</run_address>
         <size>0x12d</size>
         <input_file_ref idref="fl-3"/>
      </object_component>
      <object_component id="oc-31">
         <name>.debug_info</name>
         <load_address>0x11be</load_address>
         <run_address>0x11be</run_address>
         <size>0x76a</size>
         <input_file_ref idref="fl-4"/>
      </object_component>
      <object_component id="oc-36">
         <name>.debug_info</name>
         <load_address>0x1928</load_address>
         <run_address>0x1928</run_address>
         <size>0x2b72</size>
         <input_file_ref idref="fl-5"/>
      </object_component>
      <object_component id="oc-3b">
         <name>.debug_info</name>
         <load_address>0x449a</load_address>
         <run_address>0x449a</run_address>
         <size>0x290f</size>
         <input_file_ref idref="fl-6"/>
      </object_component>
      <object_component id="oc-3f">
         <name>.debug_info</name>
         <load_address>0x6da9</load_address>
         <run_address>0x6da9</run_address>
         <size>0x1303b</size>
         <input_file_ref idref="fl-7"/>
      </object_component>
      <object_component id="oc-5b">
         <name>.debug_info</name>
         <load_address>0x19de4</load_address>
         <run_address>0x19de4</run_address>
         <size>0x1a62</size>
         <input_file_ref idref="fl-8"/>
      </object_component>
      <object_component id="oc-5f">
         <name>.debug_info</name>
         <load_address>0x1b846</load_address>
         <run_address>0x1b846</run_address>
         <size>0x2c9</size>
         <input_file_ref idref="fl-9"/>
      </object_component>
      <object_component id="oc-63">
         <name>.debug_info</name>
         <load_address>0x1bb0f</load_address>
         <run_address>0x1bb0f</run_address>
         <size>0xa72</size>
         <input_file_ref idref="fl-a"/>
      </object_component>
      <object_component id="oc-67">
         <name>.debug_info</name>
         <load_address>0x1c581</load_address>
         <run_address>0x1c581</run_address>
         <size>0x1fa8</size>
         <input_file_ref idref="fl-b"/>
      </object_component>
      <object_component id="oc-6c">
         <name>.debug_info</name>
         <load_address>0x1e529</load_address>
         <run_address>0x1e529</run_address>
         <size>0x2554</size>
         <input_file_ref idref="fl-c"/>
      </object_component>
      <object_component id="oc-70">
         <name>.debug_info</name>
         <load_address>0x20a7d</load_address>
         <run_address>0x20a7d</run_address>
         <size>0x1482</size>
         <input_file_ref idref="fl-d"/>
      </object_component>
      <object_component id="oc-74">
         <name>.debug_info</name>
         <load_address>0x21eff</load_address>
         <run_address>0x21eff</run_address>
         <size>0x90b8</size>
         <input_file_ref idref="fl-e"/>
      </object_component>
      <object_component id="oc-7e">
         <name>.debug_info</name>
         <load_address>0x2afb7</load_address>
         <run_address>0x2afb7</run_address>
         <size>0xc4</size>
         <input_file_ref idref="fl-13"/>
      </object_component>
      <object_component id="oc-84">
         <name>.debug_info</name>
         <load_address>0x2b07b</load_address>
         <run_address>0x2b07b</run_address>
         <size>0x4bf</size>
         <input_file_ref idref="fl-14"/>
      </object_component>
      <object_component id="oc-88">
         <name>.debug_info</name>
         <load_address>0x2b53a</load_address>
         <run_address>0x2b53a</run_address>
         <size>0xa6</size>
         <input_file_ref idref="fl-15"/>
      </object_component>
      <object_component id="oc-8c">
         <name>.debug_info</name>
         <load_address>0x2b5e0</load_address>
         <run_address>0x2b5e0</run_address>
         <size>0xa6</size>
         <input_file_ref idref="fl-16"/>
      </object_component>
      <object_component id="oc-90">
         <name>.debug_info</name>
         <load_address>0x2b686</load_address>
         <run_address>0x2b686</run_address>
         <size>0xb2</size>
         <input_file_ref idref="fl-17"/>
      </object_component>
      <object_component id="oc-94">
         <name>.debug_info</name>
         <load_address>0x2b738</load_address>
         <run_address>0x2b738</run_address>
         <size>0xd2</size>
         <input_file_ref idref="fl-18"/>
      </object_component>
      <object_component id="oc-98">
         <name>.debug_info</name>
         <load_address>0x2b80a</load_address>
         <run_address>0x2b80a</run_address>
         <size>0x134</size>
         <input_file_ref idref="fl-19"/>
      </object_component>
      <object_component id="oc-9c">
         <name>.debug_info</name>
         <load_address>0x2b93e</load_address>
         <run_address>0x2b93e</run_address>
         <size>0xac</size>
         <input_file_ref idref="fl-1a"/>
      </object_component>
      <object_component id="oc-a0">
         <name>.debug_info</name>
         <load_address>0x2b9ea</load_address>
         <run_address>0x2b9ea</run_address>
         <size>0xa6</size>
         <input_file_ref idref="fl-1b"/>
      </object_component>
      <object_component id="oc-a6">
         <name>.debug_info</name>
         <load_address>0x2ba90</load_address>
         <run_address>0x2ba90</run_address>
         <size>0x301</size>
         <input_file_ref idref="fl-1c"/>
      </object_component>
      <object_component id="oc-aa">
         <name>.debug_info</name>
         <load_address>0x2bd91</load_address>
         <run_address>0x2bd91</run_address>
         <size>0x2c5</size>
         <input_file_ref idref="fl-1d"/>
      </object_component>
      <object_component id="oc-e4">
         <name>.debug_info</name>
         <load_address>0x2c056</load_address>
         <run_address>0x2c056</run_address>
         <size>0x6f</size>
      </object_component>
      <object_component id="oc-29">
         <name>.debug_frame</name>
         <load_address>0x0</load_address>
         <run_address>0x0</run_address>
         <size>0x83</size>
         <input_file_ref idref="fl-2"/>
      </object_component>
      <object_component id="oc-33">
         <name>.debug_frame</name>
         <load_address>0x83</load_address>
         <run_address>0x83</run_address>
         <size>0x64</size>
         <input_file_ref idref="fl-4"/>
      </object_component>
      <object_component id="oc-38">
         <name>.debug_frame</name>
         <load_address>0xe7</load_address>
         <run_address>0xe7</run_address>
         <size>0x6ac</size>
         <input_file_ref idref="fl-5"/>
      </object_component>
      <object_component id="oc-3c">
         <name>.debug_frame</name>
         <load_address>0x793</load_address>
         <run_address>0x793</run_address>
         <size>0x83</size>
         <input_file_ref idref="fl-6"/>
      </object_component>
      <object_component id="oc-5c">
         <name>.debug_frame</name>
         <load_address>0x816</load_address>
         <run_address>0x816</run_address>
         <size>0x7c</size>
         <input_file_ref idref="fl-8"/>
      </object_component>
      <object_component id="oc-60">
         <name>.debug_frame</name>
         <load_address>0x892</load_address>
         <run_address>0x892</run_address>
         <size>0x64</size>
         <input_file_ref idref="fl-9"/>
      </object_component>
      <object_component id="oc-64">
         <name>.debug_frame</name>
         <load_address>0x8f6</load_address>
         <run_address>0x8f6</run_address>
         <size>0x94</size>
         <input_file_ref idref="fl-a"/>
      </object_component>
      <object_component id="oc-69">
         <name>.debug_frame</name>
         <load_address>0x98a</load_address>
         <run_address>0x98a</run_address>
         <size>0x82</size>
         <input_file_ref idref="fl-b"/>
      </object_component>
      <object_component id="oc-6d">
         <name>.debug_frame</name>
         <load_address>0xa0c</load_address>
         <run_address>0xa0c</run_address>
         <size>0xb8</size>
         <input_file_ref idref="fl-c"/>
      </object_component>
      <object_component id="oc-71">
         <name>.debug_frame</name>
         <load_address>0xac4</load_address>
         <run_address>0xac4</run_address>
         <size>0x11e</size>
         <input_file_ref idref="fl-d"/>
      </object_component>
      <object_component id="oc-78">
         <name>.debug_frame</name>
         <load_address>0xbe2</load_address>
         <run_address>0xbe2</run_address>
         <size>0x2be</size>
         <input_file_ref idref="fl-e"/>
      </object_component>
      <object_component id="oc-2a">
         <name>.debug_line</name>
         <load_address>0x0</load_address>
         <run_address>0x0</run_address>
         <size>0x88</size>
         <input_file_ref idref="fl-2"/>
      </object_component>
      <object_component id="oc-2f">
         <name>.debug_line</name>
         <load_address>0x88</load_address>
         <run_address>0x88</run_address>
         <size>0x5d</size>
         <input_file_ref idref="fl-3"/>
      </object_component>
      <object_component id="oc-34">
         <name>.debug_line</name>
         <load_address>0xe5</load_address>
         <run_address>0xe5</run_address>
         <size>0x34</size>
         <input_file_ref idref="fl-4"/>
      </object_component>
      <object_component id="oc-39">
         <name>.debug_line</name>
         <load_address>0x119</load_address>
         <run_address>0x119</run_address>
         <size>0x633</size>
         <input_file_ref idref="fl-5"/>
      </object_component>
      <object_component id="oc-3d">
         <name>.debug_line</name>
         <load_address>0x74c</load_address>
         <run_address>0x74c</run_address>
         <size>0x66</size>
         <input_file_ref idref="fl-6"/>
      </object_component>
      <object_component id="oc-5d">
         <name>.debug_line</name>
         <load_address>0x7b2</load_address>
         <run_address>0x7b2</run_address>
         <size>0x6f</size>
         <input_file_ref idref="fl-8"/>
      </object_component>
      <object_component id="oc-61">
         <name>.debug_line</name>
         <load_address>0x821</load_address>
         <run_address>0x821</run_address>
         <size>0x32</size>
         <input_file_ref idref="fl-9"/>
      </object_component>
      <object_component id="oc-65">
         <name>.debug_line</name>
         <load_address>0x853</load_address>
         <run_address>0x853</run_address>
         <size>0x81</size>
         <input_file_ref idref="fl-a"/>
      </object_component>
      <object_component id="oc-6a">
         <name>.debug_line</name>
         <load_address>0x8d4</load_address>
         <run_address>0x8d4</run_address>
         <size>0x64</size>
         <input_file_ref idref="fl-b"/>
      </object_component>
      <object_component id="oc-6e">
         <name>.debug_line</name>
         <load_address>0x938</load_address>
         <run_address>0x938</run_address>
         <size>0x96</size>
         <input_file_ref idref="fl-c"/>
      </object_component>
      <object_component id="oc-72">
         <name>.debug_line</name>
         <load_address>0x9ce</load_address>
         <run_address>0x9ce</run_address>
         <size>0x135</size>
         <input_file_ref idref="fl-d"/>
      </object_component>
      <object_component id="oc-79">
         <name>.debug_line</name>
         <load_address>0xb03</load_address>
         <run_address>0xb03</run_address>
         <size>0x6cc</size>
         <input_file_ref idref="fl-e"/>
      </object_component>
      <object_component id="oc-7f">
         <name>.debug_line</name>
         <load_address>0x11cf</load_address>
         <run_address>0x11cf</run_address>
         <size>0x74</size>
         <input_file_ref idref="fl-13"/>
      </object_component>
      <object_component id="oc-85">
         <name>.debug_line</name>
         <load_address>0x1243</load_address>
         <run_address>0x1243</run_address>
         <size>0x68</size>
         <input_file_ref idref="fl-14"/>
      </object_component>
      <object_component id="oc-89">
         <name>.debug_line</name>
         <load_address>0x12ab</load_address>
         <run_address>0x12ab</run_address>
         <size>0x4e</size>
         <input_file_ref idref="fl-15"/>
      </object_component>
      <object_component id="oc-8d">
         <name>.debug_line</name>
         <load_address>0x12f9</load_address>
         <run_address>0x12f9</run_address>
         <size>0x95</size>
         <input_file_ref idref="fl-16"/>
      </object_component>
      <object_component id="oc-91">
         <name>.debug_line</name>
         <load_address>0x138e</load_address>
         <run_address>0x138e</run_address>
         <size>0x5e</size>
         <input_file_ref idref="fl-17"/>
      </object_component>
      <object_component id="oc-95">
         <name>.debug_line</name>
         <load_address>0x13ec</load_address>
         <run_address>0x13ec</run_address>
         <size>0x66</size>
         <input_file_ref idref="fl-18"/>
      </object_component>
      <object_component id="oc-99">
         <name>.debug_line</name>
         <load_address>0x1452</load_address>
         <run_address>0x1452</run_address>
         <size>0x86</size>
         <input_file_ref idref="fl-19"/>
      </object_component>
      <object_component id="oc-9d">
         <name>.debug_line</name>
         <load_address>0x14d8</load_address>
         <run_address>0x14d8</run_address>
         <size>0x51</size>
         <input_file_ref idref="fl-1a"/>
      </object_component>
      <object_component id="oc-a1">
         <name>.debug_line</name>
         <load_address>0x1529</load_address>
         <run_address>0x1529</run_address>
         <size>0x47</size>
         <input_file_ref idref="fl-1b"/>
      </object_component>
      <object_component id="oc-a7">
         <name>.debug_line</name>
         <load_address>0x1570</load_address>
         <run_address>0x1570</run_address>
         <size>0x58</size>
         <input_file_ref idref="fl-1c"/>
      </object_component>
      <object_component id="oc-ab">
         <name>.debug_line</name>
         <load_address>0x15c8</load_address>
         <run_address>0x15c8</run_address>
         <size>0x3b</size>
         <input_file_ref idref="fl-1d"/>
      </object_component>
      <object_component id="oc-2b">
         <name>.debug_abbrev</name>
         <load_address>0x0</load_address>
         <run_address>0x0</run_address>
         <size>0xc9</size>
         <input_file_ref idref="fl-2"/>
      </object_component>
      <object_component id="oc-30">
         <name>.debug_abbrev</name>
         <load_address>0xc9</load_address>
         <run_address>0xc9</run_address>
         <size>0x20</size>
         <input_file_ref idref="fl-3"/>
      </object_component>
      <object_component id="oc-35">
         <name>.debug_abbrev</name>
         <load_address>0xe9</load_address>
         <run_address>0xe9</run_address>
         <size>0xfe</size>
         <input_file_ref idref="fl-4"/>
      </object_component>
      <object_component id="oc-3a">
         <name>.debug_abbrev</name>
         <load_address>0x1e7</load_address>
         <run_address>0x1e7</run_address>
         <size>0x136</size>
         <input_file_ref idref="fl-5"/>
      </object_component>
      <object_component id="oc-3e">
         <name>.debug_abbrev</name>
         <load_address>0x31d</load_address>
         <run_address>0x31d</run_address>
         <size>0xdb</size>
         <input_file_ref idref="fl-6"/>
      </object_component>
      <object_component id="oc-5a">
         <name>.debug_abbrev</name>
         <load_address>0x3f8</load_address>
         <run_address>0x3f8</run_address>
         <size>0xb3</size>
         <input_file_ref idref="fl-7"/>
      </object_component>
      <object_component id="oc-5e">
         <name>.debug_abbrev</name>
         <load_address>0x4ab</load_address>
         <run_address>0x4ab</run_address>
         <size>0xcd</size>
         <input_file_ref idref="fl-8"/>
      </object_component>
      <object_component id="oc-62">
         <name>.debug_abbrev</name>
         <load_address>0x578</load_address>
         <run_address>0x578</run_address>
         <size>0x8a</size>
         <input_file_ref idref="fl-9"/>
      </object_component>
      <object_component id="oc-66">
         <name>.debug_abbrev</name>
         <load_address>0x602</load_address>
         <run_address>0x602</run_address>
         <size>0xbb</size>
         <input_file_ref idref="fl-a"/>
      </object_component>
      <object_component id="oc-6b">
         <name>.debug_abbrev</name>
         <load_address>0x6bd</load_address>
         <run_address>0x6bd</run_address>
         <size>0x107</size>
         <input_file_ref idref="fl-b"/>
      </object_component>
      <object_component id="oc-6f">
         <name>.debug_abbrev</name>
         <load_address>0x7c4</load_address>
         <run_address>0x7c4</run_address>
         <size>0x102</size>
         <input_file_ref idref="fl-c"/>
      </object_component>
      <object_component id="oc-73">
         <name>.debug_abbrev</name>
         <load_address>0x8c6</load_address>
         <run_address>0x8c6</run_address>
         <size>0x110</size>
         <input_file_ref idref="fl-d"/>
      </object_component>
      <object_component id="oc-7a">
         <name>.debug_abbrev</name>
         <load_address>0x9d6</load_address>
         <run_address>0x9d6</run_address>
         <size>0x192</size>
         <input_file_ref idref="fl-e"/>
      </object_component>
      <object_component id="oc-7d">
         <name>.debug_abbrev</name>
         <load_address>0xb68</load_address>
         <run_address>0xb68</run_address>
         <size>0x42</size>
         <input_file_ref idref="fl-13"/>
      </object_component>
      <object_component id="oc-83">
         <name>.debug_abbrev</name>
         <load_address>0xbaa</load_address>
         <run_address>0xbaa</run_address>
         <size>0x127</size>
         <input_file_ref idref="fl-14"/>
      </object_component>
      <object_component id="oc-87">
         <name>.debug_abbrev</name>
         <load_address>0xcd1</load_address>
         <run_address>0xcd1</run_address>
         <size>0x34</size>
         <input_file_ref idref="fl-15"/>
      </object_component>
      <object_component id="oc-8b">
         <name>.debug_abbrev</name>
         <load_address>0xd05</load_address>
         <run_address>0xd05</run_address>
         <size>0x34</size>
         <input_file_ref idref="fl-16"/>
      </object_component>
      <object_component id="oc-8f">
         <name>.debug_abbrev</name>
         <load_address>0xd39</load_address>
         <run_address>0xd39</run_address>
         <size>0x34</size>
         <input_file_ref idref="fl-17"/>
      </object_component>
      <object_component id="oc-93">
         <name>.debug_abbrev</name>
         <load_address>0xd6d</load_address>
         <run_address>0xd6d</run_address>
         <size>0x34</size>
         <input_file_ref idref="fl-18"/>
      </object_component>
      <object_component id="oc-97">
         <name>.debug_abbrev</name>
         <load_address>0xda1</load_address>
         <run_address>0xda1</run_address>
         <size>0x34</size>
         <input_file_ref idref="fl-19"/>
      </object_component>
      <object_component id="oc-9b">
         <name>.debug_abbrev</name>
         <load_address>0xdd5</load_address>
         <run_address>0xdd5</run_address>
         <size>0x34</size>
         <input_file_ref idref="fl-1a"/>
      </object_component>
      <object_component id="oc-9f">
         <name>.debug_abbrev</name>
         <load_address>0xe09</load_address>
         <run_address>0xe09</run_address>
         <size>0x34</size>
         <input_file_ref idref="fl-1b"/>
      </object_component>
      <object_component id="oc-a5">
         <name>.debug_abbrev</name>
         <load_address>0xe3d</load_address>
         <run_address>0xe3d</run_address>
         <size>0x8e</size>
         <input_file_ref idref="fl-1c"/>
      </object_component>
      <object_component id="oc-a9">
         <name>.debug_abbrev</name>
         <load_address>0xecb</load_address>
         <run_address>0xecb</run_address>
         <size>0xe3</size>
         <input_file_ref idref="fl-1d"/>
      </object_component>
      <object_component id="oc-e5">
         <name>.debug_abbrev</name>
         <load_address>0xfae</load_address>
         <run_address>0xfae</run_address>
         <size>0xd</size>
      </object_component>
   </object_component_list>
   <logical_group_list>
      <logical_group id="lg-2" display="no" color="cyan">
         <name>PieVectTableFile</name>
         <run_address>0xd00</run_address>
         <size>0x100</size>
         <contents>
            <object_component_ref idref="oc-58"/>
         </contents>
      </logical_group>
      <logical_group id="lg-3" display="no" color="cyan">
         <name>DevEmuRegsFile</name>
         <run_address>0x880</run_address>
         <size>0xd0</size>
         <contents>
            <object_component_ref idref="oc-57"/>
         </contents>
      </logical_group>
      <logical_group id="lg-4" display="no" color="cyan">
         <name>FlashRegsFile</name>
         <run_address>0xa80</run_address>
         <size>0x8</size>
         <contents>
            <object_component_ref idref="oc-41"/>
         </contents>
      </logical_group>
      <logical_group id="lg-5" display="no" color="cyan">
         <name>CsmRegsFile</name>
         <run_address>0xae0</run_address>
         <size>0x10</size>
         <contents>
            <object_component_ref idref="oc-48"/>
         </contents>
      </logical_group>
      <logical_group id="lg-6" display="no" color="cyan">
         <name>XintfRegsFile</name>
         <run_address>0xb20</run_address>
         <size>0x20</size>
         <contents>
            <object_component_ref idref="oc-4c"/>
         </contents>
      </logical_group>
      <logical_group id="lg-7" display="no" color="cyan">
         <name>CpuTimer0RegsFile</name>
         <run_address>0xc00</run_address>
         <size>0x8</size>
         <contents>
            <object_component_ref idref="oc-42"/>
         </contents>
      </logical_group>
      <logical_group id="lg-8" display="no" color="cyan">
         <name>CpuTimer1RegsFile</name>
         <run_address>0xc08</run_address>
         <size>0x8</size>
         <contents>
            <object_component_ref idref="oc-43"/>
         </contents>
      </logical_group>
      <logical_group id="lg-9" display="no" color="cyan">
         <name>CpuTimer2RegsFile</name>
         <run_address>0xc10</run_address>
         <size>0x8</size>
         <contents>
            <object_component_ref idref="oc-40"/>
         </contents>
      </logical_group>
      <logical_group id="lg-a" display="no" color="cyan">
         <name>PieCtrlRegsFile</name>
         <run_address>0xce0</run_address>
         <size>0x1a</size>
         <contents>
            <object_component_ref idref="oc-4b"/>
         </contents>
      </logical_group>
      <logical_group id="lg-b" display="no" color="cyan">
         <name>ECanaRegsFile</name>
         <run_address>0x6000</run_address>
         <size>0x34</size>
         <contents>
            <object_component_ref idref="oc-53"/>
         </contents>
      </logical_group>
      <logical_group id="lg-c" display="no" color="cyan">
         <name>ECanaLAMRegsFile</name>
         <run_address>0x6040</run_address>
         <size>0x40</size>
         <contents>
            <object_component_ref idref="oc-55"/>
         </contents>
      </logical_group>
      <logical_group id="lg-d" display="no" color="cyan">
         <name>ECanaMboxesFile</name>
         <run_address>0x6100</run_address>
         <size>0x100</size>
         <contents>
            <object_component_ref idref="oc-59"/>
         </contents>
      </logical_group>
      <logical_group id="lg-e" display="no" color="cyan">
         <name>ECanaMOTSRegsFile</name>
         <run_address>0x6080</run_address>
         <size>0x40</size>
         <contents>
            <object_component_ref idref="oc-54"/>
         </contents>
      </logical_group>
      <logical_group id="lg-f" display="no" color="cyan">
         <name>ECanaMOTORegsFile</name>
         <run_address>0x60c0</run_address>
         <size>0x40</size>
         <contents>
            <object_component_ref idref="oc-56"/>
         </contents>
      </logical_group>
      <logical_group id="lg-10" display="no" color="cyan">
         <name>SysCtrlRegsFile</name>
         <run_address>0x7010</run_address>
         <size>0x20</size>
         <contents>
            <object_component_ref idref="oc-4d"/>
         </contents>
      </logical_group>
      <logical_group id="lg-11" display="no" color="cyan">
         <name>SpiaRegsFile</name>
         <run_address>0x7040</run_address>
         <size>0x10</size>
         <contents>
            <object_component_ref idref="oc-46"/>
         </contents>
      </logical_group>
      <logical_group id="lg-12" display="no" color="cyan">
         <name>SciaRegsFile</name>
         <run_address>0x7050</run_address>
         <size>0x10</size>
         <contents>
            <object_component_ref idref="oc-47"/>
         </contents>
      </logical_group>
      <logical_group id="lg-13" display="no" color="cyan">
         <name>XIntruptRegsFile</name>
         <run_address>0x7070</run_address>
         <size>0x10</size>
         <contents>
            <object_component_ref idref="oc-49"/>
         </contents>
      </logical_group>
      <logical_group id="lg-14" display="no" color="cyan">
         <name>GpioMuxRegsFile</name>
         <run_address>0x70c0</run_address>
         <size>0x20</size>
         <contents>
            <object_component_ref idref="oc-4e"/>
         </contents>
      </logical_group>
      <logical_group id="lg-15" display="no" color="cyan">
         <name>GpioDataRegsFile</name>
         <run_address>0x70e0</run_address>
         <size>0x20</size>
         <contents>
            <object_component_ref idref="oc-4f"/>
         </contents>
      </logical_group>
      <logical_group id="lg-16" display="no" color="cyan">
         <name>AdcRegsFile</name>
         <run_address>0x7100</run_address>
         <size>0x1a</size>
         <contents>
            <object_component_ref idref="oc-4a"/>
         </contents>
      </logical_group>
      <logical_group id="lg-17" display="no" color="cyan">
         <name>EvaRegsFile</name>
         <run_address>0x7400</run_address>
         <size>0x32</size>
         <contents>
            <object_component_ref idref="oc-51"/>
         </contents>
      </logical_group>
      <logical_group id="lg-18" display="no" color="cyan">
         <name>EvbRegsFile</name>
         <run_address>0x7500</run_address>
         <size>0x32</size>
         <contents>
            <object_component_ref idref="oc-52"/>
         </contents>
      </logical_group>
      <logical_group id="lg-19" display="no" color="cyan">
         <name>ScibRegsFile</name>
         <run_address>0x7750</run_address>
         <size>0x10</size>
         <contents>
            <object_component_ref idref="oc-45"/>
         </contents>
      </logical_group>
      <logical_group id="lg-1a" display="no" color="cyan">
         <name>McbspaRegsFile</name>
         <run_address>0x7800</run_address>
         <size>0x25</size>
         <contents>
            <object_component_ref idref="oc-50"/>
         </contents>
      </logical_group>
      <logical_group id="lg-1b" display="no" color="cyan">
         <name>CsmPwlFile</name>
         <run_address>0x3f7ff8</run_address>
         <size>0x8</size>
         <contents>
            <object_component_ref idref="oc-44"/>
         </contents>
      </logical_group>
      <logical_group id="lg-1c" display="no" color="cyan">
         <name>codestart</name>
         <load_address>0x3f8000</load_address>
         <run_address>0x3f8000</run_address>
         <size>0x2</size>
         <contents>
            <object_component_ref idref="oc-2d"/>
         </contents>
      </logical_group>
      <logical_group id="lg-1d" display="no" color="cyan">
         <name>ramfuncs</name>
         <load_address>0x3f8fb5</load_address>
         <run_address>0x3f8fb5</run_address>
         <size>0x19</size>
         <contents>
            <object_component_ref idref="oc-b1"/>
         </contents>
      </logical_group>
      <logical_group id="lg-1e" display="no" color="cyan">
         <name>.text</name>
         <load_address>0x3f8002</load_address>
         <run_address>0x3f8002</run_address>
         <size>0xf6b</size>
         <contents>
            <object_component_ref idref="oc-ad"/>
            <object_component_ref idref="oc-77"/>
            <object_component_ref idref="oc-37"/>
            <object_component_ref idref="oc-ae"/>
            <object_component_ref idref="oc-b3"/>
            <object_component_ref idref="oc-b4"/>
            <object_component_ref idref="oc-8a"/>
            <object_component_ref idref="oc-b2"/>
            <object_component_ref idref="oc-80"/>
            <object_component_ref idref="oc-27"/>
            <object_component_ref idref="oc-ac"/>
            <object_component_ref idref="oc-96"/>
            <object_component_ref idref="oc-8e"/>
            <object_component_ref idref="oc-af"/>
            <object_component_ref idref="oc-92"/>
            <object_component_ref idref="oc-b0"/>
            <object_component_ref idref="oc-9a"/>
            <object_component_ref idref="oc-86"/>
            <object_component_ref idref="oc-a8"/>
            <object_component_ref idref="oc-9e"/>
            <object_component_ref idref="oc-a2"/>
            <object_component_ref idref="oc-2c"/>
         </contents>
      </logical_group>
      <logical_group id="lg-1f" display="no" color="cyan">
         <name>.cinit</name>
         <load_address>0x3f8f6d</load_address>
         <run_address>0x3f8f6d</run_address>
         <size>0x48</size>
         <contents>
            <object_component_ref idref="oc-75"/>
            <object_component_ref idref="oc-81"/>
            <object_component_ref idref="oc-a3"/>
         </contents>
      </logical_group>
      <logical_group id="lg-20" display="no" color="cyan">
         <name>.pinit</name>
         <run_address>0x0</run_address>
         <size>0x0</size>
         <contents>
         </contents>
      </logical_group>
      <logical_group id="lg-21" display="no" color="cyan">
         <name>.switch</name>
         <run_address>0x0</run_address>
         <size>0x0</size>
         <contents>
         </contents>
      </logical_group>
      <logical_group id="lg-22" display="no" color="cyan">
         <name>.reset</name>
         <load_address>0x3fffc0</load_address>
         <run_address>0x3fffc0</run_address>
         <size>0x2</size>
         <contents>
            <object_component_ref idref="oc-7c"/>
         </contents>
      </logical_group>
      <logical_group id="lg-23" display="no" color="cyan">
         <name>.stack</name>
         <run_address>0x400</run_address>
         <size>0x190</size>
         <contents>
            <object_component_ref idref="oc-7b"/>
            <object_component_ref idref="oc-e3"/>
         </contents>
      </logical_group>
      <logical_group id="lg-24" display="no" color="cyan">
         <name>.ebss</name>
         <run_address>0x3f9000</run_address>
         <size>0x180</size>
         <contents>
            <object_component_ref idref="oc-32"/>
            <object_component_ref idref="oc-76"/>
            <object_component_ref idref="oc-82"/>
            <object_component_ref idref="oc-a4"/>
         </contents>
      </logical_group>
      <logical_group id="lg-25" display="no" color="cyan">
         <name>.econst</name>
         <load_address>0x3f9180</load_address>
         <run_address>0x3f9180</run_address>
         <size>0x100</size>
         <contents>
            <object_component_ref idref="oc-68"/>
         </contents>
      </logical_group>
      <logical_group id="lg-26" display="no" color="cyan">
         <name>.esysmem</name>
         <run_address>0x0</run_address>
         <size>0x0</size>
         <contents>
         </contents>
      </logical_group>
      <logical_group id="lg-da" display="never" color="cyan">
         <name>.debug_info</name>
         <load_address>0x0</load_address>
         <run_address>0x0</run_address>
         <size>0x2c0c5</size>
         <contents>
            <object_component_ref idref="oc-28"/>
            <object_component_ref idref="oc-2e"/>
            <object_component_ref idref="oc-31"/>
            <object_component_ref idref="oc-36"/>
            <object_component_ref idref="oc-3b"/>
            <object_component_ref idref="oc-3f"/>
            <object_component_ref idref="oc-5b"/>
            <object_component_ref idref="oc-5f"/>
            <object_component_ref idref="oc-63"/>
            <object_component_ref idref="oc-67"/>
            <object_component_ref idref="oc-6c"/>
            <object_component_ref idref="oc-70"/>
            <object_component_ref idref="oc-74"/>
            <object_component_ref idref="oc-7e"/>
            <object_component_ref idref="oc-84"/>
            <object_component_ref idref="oc-88"/>
            <object_component_ref idref="oc-8c"/>
            <object_component_ref idref="oc-90"/>
            <object_component_ref idref="oc-94"/>
            <object_component_ref idref="oc-98"/>
            <object_component_ref idref="oc-9c"/>
            <object_component_ref idref="oc-a0"/>
            <object_component_ref idref="oc-a6"/>
            <object_component_ref idref="oc-aa"/>
            <object_component_ref idref="oc-e4"/>
         </contents>
      </logical_group>
      <logical_group id="lg-dc" display="never" color="cyan">
         <name>.debug_frame</name>
         <load_address>0x0</load_address>
         <run_address>0x0</run_address>
         <size>0xea0</size>
         <contents>
            <object_component_ref idref="oc-29"/>
            <object_component_ref idref="oc-33"/>
            <object_component_ref idref="oc-38"/>
            <object_component_ref idref="oc-3c"/>
            <object_component_ref idref="oc-5c"/>
            <object_component_ref idref="oc-60"/>
            <object_component_ref idref="oc-64"/>
            <object_component_ref idref="oc-69"/>
            <object_component_ref idref="oc-6d"/>
            <object_component_ref idref="oc-71"/>
            <object_component_ref idref="oc-78"/>
         </contents>
      </logical_group>
      <logical_group id="lg-de" display="never" color="cyan">
         <name>.debug_line</name>
         <load_address>0x0</load_address>
         <run_address>0x0</run_address>
         <size>0x1603</size>
         <contents>
            <object_component_ref idref="oc-2a"/>
            <object_component_ref idref="oc-2f"/>
            <object_component_ref idref="oc-34"/>
            <object_component_ref idref="oc-39"/>
            <object_component_ref idref="oc-3d"/>
            <object_component_ref idref="oc-5d"/>
            <object_component_ref idref="oc-61"/>
            <object_component_ref idref="oc-65"/>
            <object_component_ref idref="oc-6a"/>
            <object_component_ref idref="oc-6e"/>
            <object_component_ref idref="oc-72"/>
            <object_component_ref idref="oc-79"/>
            <object_component_ref idref="oc-7f"/>
            <object_component_ref idref="oc-85"/>
            <object_component_ref idref="oc-89"/>
            <object_component_ref idref="oc-8d"/>
            <object_component_ref idref="oc-91"/>
            <object_component_ref idref="oc-95"/>
            <object_component_ref idref="oc-99"/>
            <object_component_ref idref="oc-9d"/>
            <object_component_ref idref="oc-a1"/>
            <object_component_ref idref="oc-a7"/>
            <object_component_ref idref="oc-ab"/>
         </contents>
      </logical_group>
      <logical_group id="lg-e0" display="never" color="cyan">
         <name>.debug_abbrev</name>
         <load_address>0x0</load_address>
         <run_address>0x0</run_address>
         <size>0xfbb</size>
         <contents>
            <object_component_ref idref="oc-2b"/>
            <object_component_ref idref="oc-30"/>
            <object_component_ref idref="oc-35"/>
            <object_component_ref idref="oc-3a"/>
            <object_component_ref idref="oc-3e"/>
            <object_component_ref idref="oc-5a"/>
            <object_component_ref idref="oc-5e"/>
            <object_component_ref idref="oc-62"/>
            <object_component_ref idref="oc-66"/>
            <object_component_ref idref="oc-6b"/>
            <object_component_ref idref="oc-6f"/>
            <object_component_ref idref="oc-73"/>
            <object_component_ref idref="oc-7a"/>
            <object_component_ref idref="oc-7d"/>
            <object_component_ref idref="oc-83"/>
            <object_component_ref idref="oc-87"/>
            <object_component_ref idref="oc-8b"/>
            <object_component_ref idref="oc-8f"/>
            <object_component_ref idref="oc-93"/>
            <object_component_ref idref="oc-97"/>
            <object_component_ref idref="oc-9b"/>
            <object_component_ref idref="oc-9f"/>
            <object_component_ref idref="oc-a5"/>
            <object_component_ref idref="oc-a9"/>
            <object_component_ref idref="oc-e5"/>
         </contents>
      </logical_group>
   </logical_group_list>
   <placement_map>
      <memory_area display="yes" color="green">
         <name>RAMM0</name>
         <page_id>0x0</page_id>
         <origin>0x0</origin>
         <length>0x400</length>
         <used_space>0x0</used_space>
         <unused_space>0x400</unused_space>
         <attributes>RWIX</attributes>
         <usage_details>
         </usage_details>
      </memory_area>
      <memory_area display="no" color="green">
         <name>BEGIN</name>
         <page_id>0x0</page_id>
         <origin>0x3f8000</origin>
         <length>0x2</length>
         <used_space>0x2</used_space>
         <unused_space>0x0</unused_space>
         <attributes>RWIX</attributes>
         <usage_details>
            <allocated_space>
               <start_address>0x3f8000</start_address>
               <size>0x2</size>
               <logical_group_ref idref="lg-1c"/>
            </allocated_space>
         </usage_details>
      </memory_area>
      <memory_area display="yes" color="green">
         <name>PRAMH0</name>
         <page_id>0x0</page_id>
         <origin>0x3f8002</origin>
         <length>0xffe</length>
         <used_space>0xfcc</used_space>
         <unused_space>0x32</unused_space>
         <attributes>RWIX</attributes>
         <usage_details>
            <allocated_space>
               <start_address>0x3f8002</start_address>
               <size>0xf6b</size>
               <logical_group_ref idref="lg-1e"/>
            </allocated_space>
            <allocated_space>
               <start_address>0x3f8f6d</start_address>
               <size>0x48</size>
               <logical_group_ref idref="lg-1f"/>
            </allocated_space>
            <allocated_space>
               <start_address>0x3f8fb5</start_address>
               <size>0x19</size>
               <logical_group_ref idref="lg-1d"/>
            </allocated_space>
            <available_space>
               <start_address>0x3f8fce</start_address>
               <size>0x32</size>
            </available_space>
         </usage_details>
      </memory_area>
      <memory_area display="no" color="green">
         <name>RESET</name>
         <page_id>0x0</page_id>
         <origin>0x3fffc0</origin>
         <length>0x2</length>
         <used_space>0x0</used_space>
         <unused_space>0x2</unused_space>
         <attributes>RWIX</attributes>
         <usage_details>
         </usage_details>
      </memory_area>
      <memory_area display="yes" color="green">
         <name>RAMM1</name>
         <page_id>0x1</page_id>
         <origin>0x400</origin>
         <length>0x400</length>
         <used_space>0x190</used_space>
         <unused_space>0x270</unused_space>
         <attributes>RWIX</attributes>
         <usage_details>
            <allocated_space>
               <start_address>0x400</start_address>
               <size>0x190</size>
               <logical_group_ref idref="lg-23"/>
            </allocated_space>
            <available_space>
               <start_address>0x590</start_address>
               <size>0x270</size>
            </available_space>
         </usage_details>
      </memory_area>
      <memory_area display="yes" color="green">
         <name>DEV_EMU</name>
         <page_id>0x1</page_id>
         <origin>0x880</origin>
         <length>0x180</length>
         <used_space>0xd0</used_space>
         <unused_space>0xb0</unused_space>
         <attributes>RWIX</attributes>
         <usage_details>
            <allocated_space>
               <start_address>0x880</start_address>
               <size>0xd0</size>
               <logical_group_ref idref="lg-3"/>
            </allocated_space>
            <available_space>
               <start_address>0x950</start_address>
               <size>0xb0</size>
            </available_space>
         </usage_details>
      </memory_area>
      <memory_area display="no" color="green">
         <name>FLASH_REGS</name>
         <page_id>0x1</page_id>
         <origin>0xa80</origin>
         <length>0x60</length>
         <used_space>0x8</used_space>
         <unused_space>0x58</unused_space>
         <attributes>RWIX</attributes>
         <usage_details>
            <allocated_space>
               <start_address>0xa80</start_address>
               <size>0x8</size>
               <logical_group_ref idref="lg-4"/>
            </allocated_space>
            <available_space>
               <start_address>0xa88</start_address>
               <size>0x58</size>
            </available_space>
         </usage_details>
      </memory_area>
      <memory_area display="no" color="green">
         <name>CSM</name>
         <page_id>0x1</page_id>
         <origin>0xae0</origin>
         <length>0x10</length>
         <used_space>0x10</used_space>
         <unused_space>0x0</unused_space>
         <attributes>RWIX</attributes>
         <usage_details>
            <allocated_space>
               <start_address>0xae0</start_address>
               <size>0x10</size>
               <logical_group_ref idref="lg-5"/>
            </allocated_space>
         </usage_details>
      </memory_area>
      <memory_area display="no" color="green">
         <name>XINTF</name>
         <page_id>0x1</page_id>
         <origin>0xb20</origin>
         <length>0x20</length>
         <used_space>0x20</used_space>
         <unused_space>0x0</unused_space>
         <attributes>RWIX</attributes>
         <usage_details>
            <allocated_space>
               <start_address>0xb20</start_address>
               <size>0x20</size>
               <logical_group_ref idref="lg-6"/>
            </allocated_space>
         </usage_details>
      </memory_area>
      <memory_area display="no" color="green">
         <name>CPU_TIMER0</name>
         <page_id>0x1</page_id>
         <origin>0xc00</origin>
         <length>0x8</length>
         <used_space>0x8</used_space>
         <unused_space>0x0</unused_space>
         <attributes>RWIX</attributes>
         <usage_details>
            <allocated_space>
               <start_address>0xc00</start_address>
               <size>0x8</size>
               <logical_group_ref idref="lg-7"/>
            </allocated_space>
         </usage_details>
      </memory_area>
      <memory_area display="no" color="green">
         <name>CPU_TIMER1</name>
         <page_id>0x1</page_id>
         <origin>0xc08</origin>
         <length>0x8</length>
         <used_space>0x8</used_space>
         <unused_space>0x0</unused_space>
         <attributes>RWIX</attributes>
         <usage_details>
            <allocated_space>
               <start_address>0xc08</start_address>
               <size>0x8</size>
               <logical_group_ref idref="lg-8"/>
            </allocated_space>
         </usage_details>
      </memory_area>
      <memory_area display="no" color="green">
         <name>CPU_TIMER2</name>
         <page_id>0x1</page_id>
         <origin>0xc10</origin>
         <length>0x8</length>
         <used_space>0x8</used_space>
         <unused_space>0x0</unused_space>
         <attributes>RWIX</attributes>
         <usage_details>
            <allocated_space>
               <start_address>0xc10</start_address>
               <size>0x8</size>
               <logical_group_ref idref="lg-9"/>
            </allocated_space>
         </usage_details>
      </memory_area>
      <memory_area display="no" color="green">
         <name>PIE_CTRL</name>
         <page_id>0x1</page_id>
         <origin>0xce0</origin>
         <length>0x20</length>
         <used_space>0x1a</used_space>
         <unused_space>0x6</unused_space>
         <attributes>RWIX</attributes>
         <usage_details>
            <allocated_space>
               <start_address>0xce0</start_address>
               <size>0x1a</size>
               <logical_group_ref idref="lg-a"/>
            </allocated_space>
            <available_space>
               <start_address>0xcfa</start_address>
               <size>0x6</size>
            </available_space>
         </usage_details>
      </memory_area>
      <memory_area display="yes" color="green">
         <name>PIE_VECT</name>
         <page_id>0x1</page_id>
         <origin>0xd00</origin>
         <length>0x100</length>
         <used_space>0x100</used_space>
         <unused_space>0x0</unused_space>
         <attributes>RWIX</attributes>
         <usage_details>
            <allocated_space>
               <start_address>0xd00</start_address>
               <size>0x100</size>
               <logical_group_ref idref="lg-2"/>
            </allocated_space>
         </usage_details>
      </memory_area>
      <memory_area display="no" color="green">
         <name>ECANA</name>
         <page_id>0x1</page_id>
         <origin>0x6000</origin>
         <length>0x40</length>
         <used_space>0x34</used_space>
         <unused_space>0xc</unused_space>
         <attributes>RWIX</attributes>
         <usage_details>
            <allocated_space>
               <start_address>0x6000</start_address>
               <size>0x34</size>
               <logical_group_ref idref="lg-b"/>
            </allocated_space>
            <available_space>
               <start_address>0x6034</start_address>
               <size>0xc</size>
            </available_space>
         </usage_details>
      </memory_area>
      <memory_area display="no" color="green">
         <name>ECANA_LAM</name>
         <page_id>0x1</page_id>
         <origin>0x6040</origin>
         <length>0x40</length>
         <used_space>0x40</used_space>
         <unused_space>0x0</unused_space>
         <attributes>RWIX</attributes>
         <usage_details>
            <allocated_space>
               <start_address>0x6040</start_address>
               <size>0x40</size>
               <logical_group_ref idref="lg-c"/>
            </allocated_space>
         </usage_details>
      </memory_area>
      <memory_area display="no" color="green">
         <name>ECANA_MOTS</name>
         <page_id>0x1</page_id>
         <origin>0x6080</origin>
         <length>0x40</length>
         <used_space>0x40</used_space>
         <unused_space>0x0</unused_space>
         <attributes>RWIX</attributes>
         <usage_details>
            <allocated_space>
               <start_address>0x6080</start_address>
               <size>0x40</size>
               <logical_group_ref idref="lg-e"/>
            </allocated_space>
         </usage_details>
      </memory_area>
      <memory_area display="no" color="green">
         <name>ECANA_MOTO</name>
         <page_id>0x1</page_id>
         <origin>0x60c0</origin>
         <length>0x40</length>
         <used_space>0x40</used_space>
         <unused_space>0x0</unused_space>
         <attributes>RWIX</attributes>
         <usage_details>
            <allocated_space>
               <start_address>0x60c0</start_address>
               <size>0x40</size>
               <logical_group_ref idref="lg-f"/>
            </allocated_space>
         </usage_details>
      </memory_area>
      <memory_area display="yes" color="green">
         <name>ECANA_MBOX</name>
         <page_id>0x1</page_id>
         <origin>0x6100</origin>
         <length>0x100</length>
         <used_space>0x100</used_space>
         <unused_space>0x0</unused_space>
         <attributes>RWIX</attributes>
         <usage_details>
            <allocated_space>
               <start_address>0x6100</start_address>
               <size>0x100</size>
               <logical_group_ref idref="lg-d"/>
            </allocated_space>
         </usage_details>
      </memory_area>
      <memory_area display="no" color="green">
         <name>SYSTEM</name>
         <page_id>0x1</page_id>
         <origin>0x7010</origin>
         <length>0x20</length>
         <used_space>0x20</used_space>
         <unused_space>0x0</unused_space>
         <attributes>RWIX</attributes>
         <usage_details>
            <allocated_space>
               <start_address>0x7010</start_address>
               <size>0x20</size>
               <logical_group_ref idref="lg-10"/>
            </allocated_space>
         </usage_details>
      </memory_area>
      <memory_area display="no" color="green">
         <name>SPIA</name>
         <page_id>0x1</page_id>
         <origin>0x7040</origin>
         <length>0x10</length>
         <used_space>0x10</used_space>
         <unused_space>0x0</unused_space>
         <attributes>RWIX</attributes>
         <usage_details>
            <allocated_space>
               <start_address>0x7040</start_address>
               <size>0x10</size>
               <logical_group_ref idref="lg-11"/>
            </allocated_space>
         </usage_details>
      </memory_area>
      <memory_area display="no" color="green">
         <name>SCIA</name>
         <page_id>0x1</page_id>
         <origin>0x7050</origin>
         <length>0x10</length>
         <used_space>0x10</used_space>
         <unused_space>0x0</unused_space>
         <attributes>RWIX</attributes>
         <usage_details>
            <allocated_space>
               <start_address>0x7050</start_address>
               <size>0x10</size>
               <logical_group_ref idref="lg-12"/>
            </allocated_space>
         </usage_details>
      </memory_area>
      <memory_area display="no" color="green">
         <name>XINTRUPT</name>
         <page_id>0x1</page_id>
         <origin>0x7070</origin>
         <length>0x10</length>
         <used_space>0x10</used_space>
         <unused_space>0x0</unused_space>
         <attributes>RWIX</attributes>
         <usage_details>
            <allocated_space>
               <start_address>0x7070</start_address>
               <size>0x10</size>
               <logical_group_ref idref="lg-13"/>
            </allocated_space>
         </usage_details>
      </memory_area>
      <memory_area display="no" color="green">
         <name>GPIOMUX</name>
         <page_id>0x1</page_id>
         <origin>0x70c0</origin>
         <length>0x20</length>
         <used_space>0x20</used_space>
         <unused_space>0x0</unused_space>
         <attributes>RWIX</attributes>
         <usage_details>
            <allocated_space>
               <start_address>0x70c0</start_address>
               <size>0x20</size>
               <logical_group_ref idref="lg-14"/>
            </allocated_space>
         </usage_details>
      </memory_area>
      <memory_area display="no" color="green">
         <name>GPIODAT</name>
         <page_id>0x1</page_id>
         <origin>0x70e0</origin>
         <length>0x20</length>
         <used_space>0x20</used_space>
         <unused_space>0x0</unused_space>
         <attributes>RWIX</attributes>
         <usage_details>
            <allocated_space>
               <start_address>0x70e0</start_address>
               <size>0x20</size>
               <logical_group_ref idref="lg-15"/>
            </allocated_space>
         </usage_details>
      </memory_area>
      <memory_area display="no" color="green">
         <name>ADC</name>
         <page_id>0x1</page_id>
         <origin>0x7100</origin>
         <length>0x20</length>
         <used_space>0x1a</used_space>
         <unused_space>0x6</unused_space>
         <attributes>RWIX</attributes>
         <usage_details>
            <allocated_space>
               <start_address>0x7100</start_address>
               <size>0x1a</size>
               <logical_group_ref idref="lg-16"/>
            </allocated_space>
            <available_space>
               <start_address>0x711a</start_address>
               <size>0x6</size>
            </available_space>
         </usage_details>
      </memory_area>
      <memory_area display="no" color="green">
         <name>EVA</name>
         <page_id>0x1</page_id>
         <origin>0x7400</origin>
         <length>0x40</length>
         <used_space>0x32</used_space>
         <unused_space>0xe</unused_space>
         <attributes>RWIX</attributes>
         <usage_details>
            <allocated_space>
               <start_address>0x7400</start_address>
               <size>0x32</size>
               <logical_group_ref idref="lg-17"/>
            </allocated_space>
            <available_space>
               <start_address>0x7432</start_address>
               <size>0xe</size>
            </available_space>
         </usage_details>
      </memory_area>
      <memory_area display="no" color="green">
         <name>EVB</name>
         <page_id>0x1</page_id>
         <origin>0x7500</origin>
         <length>0x40</length>
         <used_space>0x32</used_space>
         <unused_space>0xe</unused_space>
         <attributes>RWIX</attributes>
         <usage_details>
            <allocated_space>
               <start_address>0x7500</start_address>
               <size>0x32</size>
               <logical_group_ref idref="lg-18"/>
            </allocated_space>
            <available_space>
               <start_address>0x7532</start_address>
               <size>0xe</size>
            </available_space>
         </usage_details>
      </memory_area>
      <memory_area display="no" color="green">
         <name>SCIB</name>
         <page_id>0x1</page_id>
         <origin>0x7750</origin>
         <length>0x10</length>
         <used_space>0x10</used_space>
         <unused_space>0x0</unused_space>
         <attributes>RWIX</attributes>
         <usage_details>
            <allocated_space>
               <start_address>0x7750</start_address>
               <size>0x10</size>
               <logical_group_ref idref="lg-19"/>
            </allocated_space>
         </usage_details>
      </memory_area>
      <memory_area display="no" color="green">
         <name>MCBSPA</name>
         <page_id>0x1</page_id>
         <origin>0x7800</origin>
         <length>0x40</length>
         <used_space>0x25</used_space>
         <unused_space>0x1b</unused_space>
         <attributes>RWIX</attributes>
         <usage_details>
            <allocated_space>
               <start_address>0x7800</start_address>
               <size>0x25</size>
               <logical_group_ref idref="lg-1a"/>
            </allocated_space>
            <available_space>
               <start_address>0x7825</start_address>
               <size>0x1b</size>
            </available_space>
         </usage_details>
      </memory_area>
      <memory_area display="no" color="green">
         <name>CSM_PWL</name>
         <page_id>0x1</page_id>
         <origin>0x3f7ff8</origin>
         <length>0x8</length>
         <used_space>0x8</used_space>
         <unused_space>0x0</unused_space>
         <attributes>RWIX</attributes>
         <usage_details>
            <allocated_space>
               <start_address>0x3f7ff8</start_address>
               <size>0x8</size>
               <logical_group_ref idref="lg-1b"/>
            </allocated_space>
         </usage_details>
      </memory_area>
      <memory_area display="yes" color="green">
         <name>DRAMH0</name>
         <page_id>0x1</page_id>
         <origin>0x3f9000</origin>
         <length>0x1000</length>
         <used_space>0x280</used_space>
         <unused_space>0xd80</unused_space>
         <attributes>RWIX</attributes>
         <usage_details>
            <allocated_space>
               <start_address>0x3f9000</start_address>
               <size>0x180</size>
               <logical_group_ref idref="lg-24"/>
            </allocated_space>
            <allocated_space>
               <start_address>0x3f9180</start_address>
               <size>0x100</size>
               <logical_group_ref idref="lg-25"/>
            </allocated_space>
            <available_space>
               <start_address>0x3f9280</start_address>
               <size>0xd80</size>
            </available_space>
         </usage_details>
      </memory_area>
   </placement_map>
   <symbol_table>
      <symbol id="sm-0">
         <name>cinit</name>
         <value>0x3f8f6d</value>
      </symbol>
      <symbol id="sm-1">
         <name>___cinit__</name>
         <value>0x3f8f6d</value>
      </symbol>
      <symbol id="sm-2">
         <name>pinit</name>
         <value>0xffffffff</value>
      </symbol>
      <symbol id="sm-3">
         <name>___pinit__</name>
         <value>0xffffffff</value>
      </symbol>
      <symbol id="sm-4">
         <name>binit</name>
         <value>0xffffffff</value>
      </symbol>
      <symbol id="sm-5">
         <name>___binit__</name>
         <value>0xffffffff</value>
      </symbol>
      <symbol id="sm-6">
         <name>__STACK_SIZE</name>
         <value>0x190</value>
      </symbol>
      <symbol id="sm-7">
         <name>__STACK_END</name>
         <value>0x590</value>
      </symbol>
      <symbol id="sm-8">
         <name>___c_args__</name>
         <value>0xffffffff</value>
      </symbol>
      <symbol id="sm-9">
         <name>.text</name>
         <value>0x3f8002</value>
      </symbol>
      <symbol id="sm-a">
         <name>___text__</name>
         <value>0x3f8002</value>
      </symbol>
      <symbol id="sm-b">
         <name>etext</name>
         <value>0x3f8f6d</value>
      </symbol>
      <symbol id="sm-c">
         <name>___etext__</name>
         <value>0x3f8f6d</value>
      </symbol>
      <symbol id="sm-6c">
         <name>_InitAdc</name>
         <value>0x3f8bfe</value>
         <object_component_ref idref="oc-b3"/>
      </symbol>
      <symbol id="sm-81">
         <name>_CpuTimer2</name>
         <value>0x3f90d4</value>
         <object_component_ref idref="oc-32"/>
      </symbol>
      <symbol id="sm-82">
         <name>_CpuTimer0</name>
         <value>0x3f90dc</value>
         <object_component_ref idref="oc-32"/>
      </symbol>
      <symbol id="sm-83">
[...]
         <object_component_ref idref="oc-37"/>
      </symbol>
      <symbol id="sm-f8">
         <name>_T4OFINT_ISR</name>
         <value>0x3f8afe</value>
         <object_component_ref idref="oc-37"/>
      </symbol>
      <symbol id="sm-f9">
         <name>_USER12_ISR</name>
         <value>0x3f8a5e</value>
         <object_component_ref idref="oc-37"/>
      </symbol>
      <symbol id="sm-fa">
         <name>_ADCINT_ISR</name>
         <value>0x3f8a77</value>
         <object_component_ref idref="oc-37"/>
      </symbol>
      <symbol id="sm-fb">
         <name>_USER1_ISR</name>
         <value>0x3f8a27</value>
         <object_component_ref idref="oc-37"/>
      </symbol>
      <symbol id="sm-fc">
         <name>_NMI_ISR</name>
         <value>0x3f8a1d</value>
         <object_component_ref idref="oc-37"/>
      </symbol>
      <symbol id="sm-fd">
         <name>_SCITXINTB_ISR</name>
         <value>0x3f8b42</value>
         <object_component_ref idref="oc-37"/>
      </symbol>
      <symbol id="sm-fe">
         <name>_SCIRXINTB_ISR</name>
         <value>0x3f8b3d</value>
         <object_component_ref idref="oc-37"/>
      </symbol>
      <symbol id="sm-ff">
         <name>_T1CINT_ISR</name>
         <value>0x3f8a9a</value>
         <object_component_ref idref="oc-37"/>
      </symbol>
      <symbol id="sm-100">
         <name>_CAPINT4_ISR</name>
         <value>0x3f8b03</value>
         <object_component_ref idref="oc-37"/>
      </symbol>
      <symbol id="sm-101">
         <name>_ECAN1INTA_ISR</name>
         <value>0x3f8b4c</value>
         <object_component_ref idref="oc-37"/>
      </symbol>
      <symbol id="sm-102">
         <name>_PIE_RESERVED</name>
         <value>0x3f8b56</value>
         <object_component_ref idref="oc-37"/>
      </symbol>
      <symbol id="sm-103">
         <name>_XINT2_ISR</name>
         <value>0x3f8a72</value>
         <object_component_ref idref="oc-37"/>
      </symbol>
      <symbol id="sm-104">
         <name>_RTOSINT_ISR</name>
         <value>0x3f8a13</value>
         <object_component_ref idref="oc-37"/>
      </symbol>
      <symbol id="sm-105">
         <name>_USER9_ISR</name>
         <value>0x3f8a4f</value>
         <object_component_ref idref="oc-37"/>
      </symbol>
      <symbol id="sm-106">
         <name>_USER3_ISR</name>
         <value>0x3f8a31</value>
         <object_component_ref idref="oc-37"/>
      </symbol>
      <symbol id="sm-107">
         <name>_CAPINT6_ISR</name>
         <value>0x3f8b0d</value>
         <object_component_ref idref="oc-37"/>
      </symbol>
      <symbol id="sm-108">
         <name>_T4PINT_ISR</name>
         <value>0x3f8aef</value>
         <object_component_ref idref="oc-37"/>
      </symbol>
      <symbol id="sm-109">
         <name>_T3PINT_ISR</name>
         <value>0x3f8adb</value>
         <object_component_ref idref="oc-37"/>
      </symbol>
      <symbol id="sm-10a">
         <name>_USER8_ISR</name>
         <value>0x3f8a4a</value>
         <object_component_ref idref="oc-37"/>
      </symbol>
      <symbol id="sm-10b">
         <name>_USER2_ISR</name>
         <value>0x3f8a2c</value>
         <object_component_ref idref="oc-37"/>
      </symbol>
      <symbol id="sm-10c">
         <name>_SCITXINTA_ISR</name>
         <value>0x3f8b38</value>
         <object_component_ref idref="oc-37"/>
      </symbol>
      <symbol id="sm-10d">
         <name>_SCIRXINTA_ISR</name>
         <value>0x3f8b26</value>
         <object_component_ref idref="oc-37"/>
      </symbol>
      <symbol id="sm-10e">
         <name>_PDPINTA_ISR</name>
         <value>0x3f8a63</value>
         <object_component_ref idref="oc-37"/>
      </symbol>
      <symbol id="sm-10f">
         <name>_rsvd_ISR</name>
         <value>0x3f8b5b</value>
         <object_component_ref idref="oc-37"/>
      </symbol>
      <symbol id="sm-110">
         <name>_CAPINT1_ISR</name>
         <value>0x3f8abd</value>
         <object_component_ref idref="oc-37"/>
      </symbol>
      <symbol id="sm-11a">
         <name>_InitEv</name>
         <value>0x3f8c78</value>
         <object_component_ref idref="oc-b4"/>
      </symbol>
      <symbol id="sm-154">
         <name>_PieVectTable</name>
         <value>0xd00</value>
         <object_component_ref idref="oc-58"/>
      </symbol>
      <symbol id="sm-155">
         <name>_CsmRegs</name>
         <value>0xae0</value>
         <object_component_ref idref="oc-48"/>
      </symbol>
      <symbol id="sm-156">
         <name>_ECanaLAMRegs</name>
         <value>0x6040</value>
         <object_component_ref idref="oc-55"/>
      </symbol>
      <symbol id="sm-157">
         <name>_EvaRegs</name>
         <value>0x7400</value>
         <object_component_ref idref="oc-51"/>
      </symbol>
      <symbol id="sm-158">
         <name>_GpioMuxRegs</name>
         <value>0x70c0</value>
         <object_component_ref idref="oc-4e"/>
      </symbol>
      <symbol id="sm-159">
         <name>_EvbRegs</name>
         <value>0x7500</value>
         <object_component_ref idref="oc-52"/>
      </symbol>
      <symbol id="sm-15a">
         <name>_CpuTimer1Regs</name>
         <value>0xc08</value>
         <object_component_ref idref="oc-43"/>
      </symbol>
      <symbol id="sm-15b">
         <name>_SysCtrlRegs</name>
         <value>0x7010</value>
         <object_component_ref idref="oc-4d"/>
      </symbol>
      <symbol id="sm-15c">
         <name>_SpiaRegs</name>
         <value>0x7040</value>
         <object_component_ref idref="oc-46"/>
      </symbol>
      <symbol id="sm-15d">
         <name>_ECanaMOTSRegs</name>
         <value>0x6080</value>
         <object_component_ref idref="oc-54"/>
      </symbol>
      <symbol id="sm-15e">
         <name>_FlashRegs</name>
         <value>0xa80</value>
         <object_component_ref idref="oc-41"/>
      </symbol>
      <symbol id="sm-15f">
         <name>_CpuTimer0Regs</name>
         <value>0xc00</value>
         <object_component_ref idref="oc-42"/>
      </symbol>
      <symbol id="sm-160">
         <name>_DevEmuRegs</name>
         <value>0x880</value>
         <object_component_ref idref="oc-57"/>
      </symbol>
      <symbol id="sm-161">
         <name>_SciaRegs</name>
         <value>0x7050</value>
         <object_component_ref idref="oc-47"/>
      </symbol>
      <symbol id="sm-162">
         <name>_GpioDataRegs</name>
         <value>0x70e0</value>
         <object_component_ref idref="oc-4f"/>
      </symbol>
      <symbol id="sm-163">
         <name>_CsmPwl</name>
         <value>0x3f7ff8</value>
         <object_component_ref idref="oc-44"/>
      </symbol>
      <symbol id="sm-164">
         <name>_AdcRegs</name>
         <value>0x7100</value>
         <object_component_ref idref="oc-4a"/>
      </symbol>
      <symbol id="sm-165">
         <name>_XIntruptRegs</name>
         <value>0x7070</value>
         <object_component_ref idref="oc-49"/>
      </symbol>
      <symbol id="sm-166">
         <name>_CpuTimer2Regs</name>
         <value>0xc10</value>
         <object_component_ref idref="oc-40"/>
      </symbol>
      <symbol id="sm-167">
         <name>_PieCtrlRegs</name>
         <value>0xce0</value>
         <object_component_ref idref="oc-4b"/>
      </symbol>
      <symbol id="sm-168">
         <name>_ECanaRegs</name>
         <value>0x6000</value>
         <object_component_ref idref="oc-53"/>
      </symbol>
      <symbol id="sm-169">
         <name>_XintfRegs</name>
         <value>0xb20</value>
         <object_component_ref idref="oc-4c"/>
      </symbol>
      <symbol id="sm-16a">
         <name>_McbspaRegs</name>
         <value>0x7800</value>
         <object_component_ref idref="oc-50"/>
      </symbol>
      <symbol id="sm-16b">
         <name>_ScibRegs</name>
         <value>0x7750</value>
         <object_component_ref idref="oc-45"/>
      </symbol>
      <symbol id="sm-16c">
         <name>_ECanaMboxes</name>
         <value>0x6100</value>
         <object_component_ref idref="oc-59"/>
      </symbol>
      <symbol id="sm-16d">
         <name>_ECanaMOTORegs</name>
         <value>0x60c0</value>
         <object_component_ref idref="oc-56"/>
      </symbol>
      <symbol id="sm-177">
         <name>_InitGpio</name>
         <value>0x3f8d2e</value>
         <object_component_ref idref="oc-b2"/>
      </symbol>
      <symbol id="sm-188">
         <name>_InitPieCtrl</name>
         <value>0x3f8e9d</value>
         <object_component_ref idref="oc-af"/>
      </symbol>
      <symbol id="sm-189">
         <name>_EnableInterrupts</name>
         <value>0x3f8ebc</value>
         <object_component_ref idref="oc-af"/>
      </symbol>
      <symbol id="sm-197">
         <name>_PieVectTableInit</name>
         <value>0x3f9180</value>
         <object_component_ref idref="oc-68"/>
      </symbol>
      <symbol id="sm-198">
         <name>_InitPieVectTable</name>
         <value>0x3f8ee7</value>
         <object_component_ref idref="oc-b0"/>
      </symbol>
      <symbol id="sm-1a6">
         <name>_SciaRx_Ready</name>
         <value>0x3f8e3b</value>
         <object_component_ref idref="oc-ac"/>
      </symbol>
      <symbol id="sm-1a7">
         <name>_SciaTx_Ready</name>
         <value>0x3f8e2c</value>
         <object_component_ref idref="oc-ac"/>
      </symbol>
      <symbol id="sm-1a8">
         <name>_InitSci</name>
         <value>0x3f8e14</value>
         <object_component_ref idref="oc-ac"/>
      </symbol>
      <symbol id="sm-1ba">
         <name>_InitPll</name>
         <value>0x3f8b94</value>
         <object_component_ref idref="oc-ae"/>
      </symbol>
      <symbol id="sm-1bb">
         <name>_DisableDog</name>
         <value>0x3f8b82</value>
         <object_component_ref idref="oc-ae"/>
      </symbol>
      <symbol id="sm-1bc">
         <name>_InitPeripheralClocks</name>
         <value>0x3f8bb3</value>
         <object_component_ref idref="oc-ae"/>
      </symbol>
      <symbol id="sm-1bd">
         <name>_KickDog</name>
         <value>0x3f8b8a</value>
         <object_component_ref idref="oc-ae"/>
      </symbol>
      <symbol id="sm-1be">
         <name>_InitFlash</name>
         <value>0x3f8fb5</value>
         <object_component_ref idref="oc-b1"/>
      </symbol>
      <symbol id="sm-1bf">
         <name>_CsmUnlock</name>
         <value>0x3f8bcd</value>
         <object_component_ref idref="oc-ae"/>
      </symbol>
      <symbol id="sm-1c0">
         <name>_InitSysCtrl</name>
         <value>0x3f8b60</value>
         <object_component_ref idref="oc-ae"/>
      </symbol>
      <symbol id="sm-24e">
         <name>_LEDvalue</name>
         <value>0x3f9005</value>
         <object_component_ref idref="oc-76"/>
      </symbol>
      <symbol id="sm-24f">
         <name>_Time_Update_Position</name>
         <value>0x3f8386</value>
         <object_component_ref idref="oc-ad"/>
      </symbol>
      <symbol id="sm-250">
         <name>_main</name>
         <value>0x3f8002</value>
         <object_component_ref idref="oc-ad"/>
      </symbol>
      <symbol id="sm-251">
         <name>_CurrentControllerFlag</name>
         <value>0x3f9008</value>
         <object_component_ref idref="oc-76"/>
      </symbol>
      <symbol id="sm-252">
         <name>_QuickSort</name>
         <value>0x3f8634</value>
         <object_component_ref idref="oc-ad"/>
      </symbol>
      <symbol id="sm-253">
         <name>_initializeSRM</name>
         <value>0x3f81c6</value>
         <object_component_ref idref="oc-ad"/>
      </symbol>
      <symbol id="sm-254">
         <name>_SpeedPiFlag</name>
         <value>0x3f9011</value>
         <object_component_ref idref="oc-76"/>
      </symbol>
      <symbol id="sm-255">
         <name>_SpeedFlag</name>
         <value>0x3f9002</value>
         <object_component_ref idref="oc-76"/>
      </symbol>
      <symbol id="sm-256">
         <name>_StartFlag</name>
         <value>0x3f9007</value>
         <object_component_ref idref="oc-76"/>
      </symbol>
      <symbol id="sm-257">
         <name>_simu6pos</name>
         <value>0x3f901a</value>
         <object_component_ref idref="oc-76"/>
      </symbol>
      <symbol id="sm-258">
         <name>_OvercurrentNum</name>
         <value>0x3f9010</value>
         <object_component_ref idref="oc-76"/>
      </symbol>
      <symbol id="sm-259">
         <name>_SciTemp</name>
         <value>0x3f9006</value>
         <object_component_ref idref="oc-76"/>
      </symbol>
      <symbol id="sm-25a">
         <name>_switch_lowside</name>
         <value>0x3f85a7</value>
         <object_component_ref idref="oc-ad"/>
      </symbol>
      <symbol id="sm-25b">
         <name>_speed_error</name>
         <value>0x3f9016</value>
         <object_component_ref idref="oc-76"/>
      </symbol>
      <symbol id="sm-25c">
         <name>_UpdateVelocity</name>
         <value>0x3f830a</value>
         <object_component_ref idref="oc-ad"/>
      </symbol>
      <symbol id="sm-25d">
         <name>_Time_Update_PositionFlag</name>
         <value>0x3f900c</value>
         <object_component_ref idref="oc-76"/>
      </symbol>
      <symbol id="sm-25e">
         <name>_SRM</name>
         <value>0x3f9040</value>
         <object_component_ref idref="oc-76"/>
      </symbol>
      <symbol id="sm-25f">
         <name>_PhaseControl</name>
         <value>0x3f8532</value>
         <object_component_ref idref="oc-ad"/>
      </symbol>
      <symbol id="sm-260">
         <name>_watchdogcount</name>
         <value>0x3f9003</value>
         <object_component_ref idref="oc-76"/>
      </symbol>
      <symbol id="sm-261">
         <name>_EvbCAP4ISR_INT</name>
         <value>0x3f8770</value>
         <object_component_ref idref="oc-77"/>
      </symbol>
      <symbol id="sm-262">
         <name>_PhaseControlFlag</name>
         <value>0x3f900f</value>
         <object_component_ref idref="oc-76"/>
      </symbol>
      <symbol id="sm-263">
         <name>_count_old</name>
         <value>0x3f9000</value>
         <object_component_ref idref="oc-76"/>
      </symbol>
      <symbol id="sm-264">
         <name>_CapCount</name>
         <value>0x3f9009</value>
         <object_component_ref idref="oc-76"/>
      </symbol>
      <symbol id="sm-265">
         <name>_adclo</name>
         <value>0x3f9014</value>
         <object_component_ref idref="oc-76"/>
      </symbol>
      <symbol id="sm-266">
         <name>_UpdateVelocityFlag</name>
         <value>0x3f9001</value>
         <object_component_ref idref="oc-76"/>
      </symbol>
      <symbol id="sm-267">
         <name>_SCiRxData</name>
         <value>0x3f900b</value>
         <object_component_ref idref="oc-76"/>
      </symbol>
      <symbol id="sm-268">
         <name>_ad</name>
         <value>0x3f869f</value>
         <object_component_ref idref="oc-77"/>
      </symbol>
      <symbol id="sm-269">
         <name>_EvbCAP5ISR_INT</name>
         <value>0x3f880e</value>
         <object_component_ref idref="oc-77"/>
      </symbol>
      <symbol id="sm-26a">
         <name>_iDes</name>
         <value>0x3f9018</value>
         <object_component_ref idref="oc-76"/>
      </symbol>
      <symbol id="sm-26b">
         <name>_positionang</name>
         <value>0x3f9012</value>
         <object_component_ref idref="oc-76"/>
      </symbol>
      <symbol id="sm-26c">
         <name>_WatchdogFlag</name>
         <value>0x3f900a</value>
         <object_component_ref idref="oc-76"/>
      </symbol>
      <symbol id="sm-26d">
         <name>_i</name>
         <value>0x3f900e</value>
         <object_component_ref idref="oc-76"/>
      </symbol>
      <symbol id="sm-26e">
         <name>_simu6count</name>
         <value>0x3f900d</value>
         <object_component_ref idref="oc-76"/>
      </symbol>
      <symbol id="sm-26f">
         <name>_count</name>
         <value>0x3f9004</value>
         <object_component_ref idref="oc-76"/>
      </symbol>
      <symbol id="sm-270">
         <name>_currentController</name>
         <value>0x3f85e6</value>
         <object_component_ref idref="oc-ad"/>
      </symbol>
      <symbol id="sm-271">
         <name>_EvbCAP6ISR_INT</name>
         <value>0x3f8967</value>
         <object_component_ref idref="oc-77"/>
      </symbol>
      <symbol id="sm-27f">
         <name>_c_int00</name>
         <value>0x3f8dd0</value>
         <object_component_ref idref="oc-27"/>
      </symbol>
      <symbol id="sm-28d">
         <name>_atexit</name>
         <value>0x3f8dae</value>
         <object_component_ref idref="oc-80"/>
      </symbol>
      <symbol id="sm-28e">
         <name>__dtors_ptr</name>
         <value>0x3f9102</value>
         <object_component_ref idref="oc-82"/>
      </symbol>
      <symbol id="sm-28f">
         <name>__cleanup_ptr</name>
         <value>0x3f9104</value>
         <object_component_ref idref="oc-82"/>
      </symbol>
      <symbol id="sm-290">
         <name>_abort</name>
         <value>0x3f8dcf</value>
         <object_component_ref idref="oc-80"/>
      </symbol>
      <symbol id="sm-291">
         <name>C$$EXIT</name>
         <value>0x3f8dac</value>
         <object_component_ref idref="oc-80"/>
      </symbol>
      <symbol id="sm-292">
         <name>_exit</name>
         <value>0x3f8d86</value>
         <object_component_ref idref="oc-80"/>
      </symbol>
      <symbol id="sm-29c">
         <name>FS$$CMP</name>
         <value>0x3f8f21</value>
         <object_component_ref idref="oc-86"/>
      </symbol>
      <symbol id="sm-2a6">
         <name>FS$$MPY</name>
         <value>0x3f8cd4</value>
         <object_component_ref idref="oc-8a"/>
      </symbol>
      <symbol id="sm-2b0">
         <name>FS$$TOL</name>
         <value>0x3f8e74</value>
         <object_component_ref idref="oc-8e"/>
      </symbol>
      <symbol id="sm-2ba">
         <name>I$$DIV</name>
         <value>0x3f8ec5</value>
         <object_component_ref idref="oc-92"/>
      </symbol>
      <symbol id="sm-2bb">
         <name>I$$MOD</name>
         <value>0x3f8ed6</value>
         <object_component_ref idref="oc-92"/>
      </symbol>
      <symbol id="sm-2c5">
         <name>L$$DIV</name>
         <value>0x3f8e4a</value>
         <object_component_ref idref="oc-96"/>
      </symbol>
      <symbol id="sm-2c6">
         <name>L$$MOD</name>
         <value>0x3f8e59</value>
         <object_component_ref idref="oc-96"/>
      </symbol>
      <symbol id="sm-2c7">
         <name>UL$$DIV</name>
         <value>0x3f8e67</value>
         <object_component_ref idref="oc-96"/>
      </symbol>
      <symbol id="sm-2c8">
         <name>UL$$MOD</name>
         <value>0x3f8e6e</value>
         <object_component_ref idref="oc-96"/>
      </symbol>
      <symbol id="sm-2d2">
         <name>L$$TOFS</name>
         <value>0x3f8f07</value>
         <object_component_ref idref="oc-9a"/>
      </symbol>
      <symbol id="sm-2dc">
         <name>U$$TOFS</name>
         <value>0x3f8f4c</value>
         <object_component_ref idref="oc-9e"/>
      </symbol>
      <symbol id="sm-2ea">
         <name>__register_lock</name>
         <value>0x3f8f5d</value>
         <object_component_ref idref="oc-a2"/>
      </symbol>
      <symbol id="sm-2eb">
         <name>__register_unlock</name>
         <value>0x3f8f61</value>
         <object_component_ref idref="oc-a2"/>
      </symbol>
      <symbol id="sm-2ec">
         <name>__lock</name>
         <value>0x3f90e6</value>
         <object_component_ref idref="oc-a4"/>
      </symbol>
      <symbol id="sm-2ed">
         <name>__nop</name>
         <value>0x3f8f5c</value>
         <object_component_ref idref="oc-a2"/>
      </symbol>
      <symbol id="sm-2ee">
         <name>__unlock</name>
         <value>0x3f90e4</value>
         <object_component_ref idref="oc-a4"/>
      </symbol>
      <symbol id="sm-2f8">
         <name>__args_main</name>
         <value>0x3f8f38</value>
         <object_component_ref idref="oc-a8"/>
      </symbol>
   </symbol_table>
   <title>Link successful</title>
</link_info>
