******************************************************************************
             TMS320C2000 Linker PC v6.2.7                      
******************************************************************************
>> Linked Sun Dec 21 12:11:35 2014

OUTPUT FILE NAME:   <CCS6SRMf6TestI0.5.out>
ENTRY POINT SYMBOL: "_c_int00"  address: 003f896a


MEMORY CONFIGURATION

         name            origin    length      used     unused   attr    fill
----------------------  --------  ---------  --------  --------  ----  --------
PAGE 0:
  RAMM0                 00000000   00000400  00000000  00000400  RWIX
  BEGIN                 003f8000   00000002  00000002  00000000  RWIX
  PRAMH0                003f8002   00000ffe  00000b04  000004fa  RWIX
  RESET                 003fffc0   00000002  00000000  00000002  RWIX

PAGE 1:
  RAMM1                 00000400   00000400  00000190  00000270  RWIX
  DEV_EMU               00000880   00000180  000000d0  000000b0  RWIX
  FLASH_REGS            00000a80   00000060  00000008  00000058  RWIX
  CSM                   00000ae0   00000010  00000010  00000000  RWIX
  XINTF                 00000b20   00000020  00000020  00000000  RWIX
  CPU_TIMER0            00000c00   00000008  00000008  00000000  RWIX
  CPU_TIMER1            00000c08   00000008  00000008  00000000  RWIX
  CPU_TIMER2            00000c10   00000008  00000008  00000000  RWIX
  PIE_CTRL              00000ce0   00000020  0000001a  00000006  RWIX
  PIE_VECT              00000d00   00000100  00000100  00000000  RWIX
  ECANA                 00006000   00000040  00000034  0000000c  RWIX
  ECANA_LAM             00006040   00000040  00000040  00000000  RWIX
  ECANA_MOTS            00006080   00000040  00000040  00000000  RWIX
  ECANA_MOTO            000060c0   00000040  00000040  00000000  RWIX
  ECANA_MBOX            00006100   00000100  00000100  00000000  RWIX
  SYSTEM                00007010   00000020  00000020  00000000  RWIX
  SPIA                  00007040   00000010  00000010  00000000  RWIX
  SCIA                  00007050   00000010  00000010  00000000  RWIX
  XINTRUPT              00007070   00000010  00000010  00000000  RWIX
  GPIOMUX               000070c0   00000020  00000020  00000000  RWIX
  GPIODAT               000070e0   00000020  00000020  00000000  RWIX
  ADC                   00007100   00000020  0000001a  00000006  RWIX
  EVA                   00007400   00000040  00000032  0000000e  RWIX
  EVB                   00007500   00000040  00000032  0000000e  RWIX
  SCIB                  00007750   00000010  00000010  00000000  RWIX
  MCBSPA                00007800   00000040  00000025  0000001b  RWIX
  CSM_PWL               003f7ff8   00000008  00000008  00000000  RWIX
  DRAMH0                003f9000   00001000  00000280  00000d80  RWIX


SECTION ALLOCATION MAP

 output                                  attributes/
section   page    origin      length       input sections
--------  ----  ----------  ----------   ----------------
.pinit     0    003f8002    00000000     UNINITIALIZED

codestart 
*          0    003f8000    00000002     
                  003f8000    00000002     DSP281x_CodeStartBranch.obj (codestart)

.text      0    003f8002    00000ac4     
                  003f8002    0000038b     ccsSRM.obj (.text)
                  003f838d    0000021e     ccsSRM.obj (.text:retain)
                  003f85ab    0000014f     DSP281x_DefaultIsr.obj (.text:retain)
                  003f86fa    0000009e     DSP281x_SysCtrl.obj (.text)
                  003f8798    0000007a     DSP281x_Adc.obj (.text)
                  003f8812    0000005c     DSP281x_Ev.obj (.text)
                  003f886e    0000005a     rts2800_ml.lib : fs_mpy.obj (.text)
                  003f88c8    00000058     DSP281x_Gpio.obj (.text)
                  003f8920    0000004a     rts2800_ml.lib : exit.obj (.text)
                  003f896a    00000044                    : boot.obj (.text)
                  003f89ae    00000036     DSP281x_Sci.obj (.text)
                  003f89e4    0000002a     rts2800_ml.lib : l_div.obj (.text)
                  003f8a0e    00000029                    : fs_tol.obj (.text)
                  003f8a37    00000028     DSP281x_PieCtrl.obj (.text)
                  003f8a5f    00000022     rts2800_ml.lib : i_div.obj (.text)
                  003f8a81    00000020     DSP281x_PieVect.obj (.text)
                  003f8aa1    00000014     rts2800_ml.lib : args_main.obj (.text)
                  003f8ab5    00000009                    : _lock.obj (.text)
                  003f8abe    00000008     DSP281x_CodeStartBranch.obj (.text)

.cinit     0    003f8ac6    00000040     
                  003f8ac6    00000026     ccsSRM.obj (.cinit)
                  003f8aec    0000000e     rts2800_ml.lib : exit.obj (.cinit)
                  003f8afa    0000000a                    : _lock.obj (.cinit)
                  003f8b04    00000002     --HOLE-- [fill = 0]

.reset     0    003fffc0    00000002     DSECT
                  003fffc0    00000002     rts2800_ml.lib : boot.obj (.reset)

.stack     1    00000400    00000190     UNINITIALIZED
                  00000400    00000190     --HOLE--

DevEmuRegsFile 
*          1    00000880    000000d0     UNINITIALIZED
                  00000880    000000d0     DSP281x_GlobalVariableDefs.obj (DevEmuRegsFile)

FlashRegsFile 
*          1    00000a80    00000008     UNINITIALIZED
                  00000a80    00000008     DSP281x_GlobalVariableDefs.obj (FlashRegsFile)

CsmRegsFile 
*          1    00000ae0    00000010     UNINITIALIZED
                  00000ae0    00000010     DSP281x_GlobalVariableDefs.obj (CsmRegsFile)

XintfRegsFile 
*          1    00000b20    00000020     UNINITIALIZED
                  00000b20    00000020     DSP281x_GlobalVariableDefs.obj (XintfRegsFile)

CpuTimer0RegsFile 
*          1    00000c00    00000008     UNINITIALIZED
                  00000c00    00000008     DSP281x_GlobalVariableDefs.obj (CpuTimer0RegsFile)

CpuTimer1RegsFile 
*          1    00000c08    00000008     UNINITIALIZED
                  00000c08    00000008     DSP281x_GlobalVariableDefs.obj (CpuTimer1RegsFile)

CpuTimer2RegsFile 
*          1    00000c10    00000008     UNINITIALIZED
                  00000c10    00000008     DSP281x_GlobalVariableDefs.obj (CpuTimer2RegsFile)

PieCtrlRegsFile 
*          1    00000ce0    0000001a     UNINITIALIZED
                  00000ce0    0000001a     DSP281x_GlobalVariableDefs.obj (PieCtrlRegsFile)

PieVectTableFile 
*          1    00000d00    00000100     UNINITIALIZED
                  00000d00    00000100     DSP281x_GlobalVariableDefs.obj (PieVectTableFile)

ECanaRegsFile 
*          1    00006000    00000034     UNINITIALIZED
                  00006000    00000034     DSP281x_GlobalVariableDefs.obj (ECanaRegsFile)

ECanaLAMRegsFile 
*          1    00006040    00000040     UNINITIALIZED
                  00006040    00000040     DSP281x_GlobalVariableDefs.obj (ECanaLAMRegsFile)

ECanaMOTSRegsFile 
*          1    00006080    00000040     UNINITIALIZED
                  00006080    00000040     DSP281x_GlobalVariableDefs.obj (ECanaMOTSRegsFile)

ECanaMOTORegsFile 
*          1    000060c0    00000040     UNINITIALIZED
                  000060c0    00000040     DSP281x_GlobalVariableDefs.obj (ECanaMOTORegsFile)

ECanaMboxesFile 
*          1    00006100    00000100     UNINITIALIZED
                  00006100    00000100     DSP281x_GlobalVariableDefs.obj (ECanaMboxesFile)

SysCtrlRegsFile 
*          1    00007010    00000020     UNINITIALIZED
                  00007010    00000020     DSP281x_GlobalVariableDefs.obj (SysCtrlRegsFile)

SpiaRegsFile 
*          1    00007040    00000010     UNINITIALIZED
                  00007040    00000010     DSP281x_GlobalVariableDefs.obj (SpiaRegsFile)

SciaRegsFile 
*          1    00007050    00000010     UNINITIALIZED
                  00007050    00000010     DSP281x_GlobalVariableDefs.obj (SciaRegsFile)

XIntruptRegsFile 
*          1    00007070    00000010     UNINITIALIZED
                  00007070    00000010     DSP281x_GlobalVariableDefs.obj (XIntruptRegsFile)

GpioMuxRegsFile 
*          1    000070c0    00000020     UNINITIALIZED
                  000070c0    00000020     DSP281x_GlobalVariableDefs.obj (GpioMuxRegsFile)

GpioDataRegsFile 
*          1    000070e0    00000020     UNINITIALIZED
                  000070e0    00000020     DSP281x_GlobalVariableDefs.obj (GpioDataRegsFile)

AdcRegsFile 
*          1    00007100    0000001a     UNINITIALIZED
                  00007100    0000001a     DSP281x_GlobalVariableDefs.obj (AdcRegsFile)

EvaRegsFile 
*          1    00007400    00000032     UNINITIALIZED
                  00007400    00000032     DSP281x_GlobalVariableDefs.obj (EvaRegsFile)

EvbRegsFile 
*          1    00007500    00000032     UNINITIALIZED
                  00007500    00000032     DSP281x_GlobalVariableDefs.obj (EvbRegsFile)

ScibRegsFile 
*          1    00007750    00000010     UNINITIALIZED
                  00007750    00000010     DSP281x_GlobalVariableDefs.obj (ScibRegsFile)

McbspaRegsFile 
*          1    00007800    00000025     UNINITIALIZED
                  00007800    00000025     DSP281x_GlobalVariableDefs.obj (McbspaRegsFile)

CsmPwlFile 
*          1    003f7ff8    00000008     UNINITIALIZED
                  003f7ff8    00000008     DSP281x_GlobalVariableDefs.obj (CsmPwlFile)

.ebss      1    003f9000    00000180     UNINITIALIZED
                  003f9000    000000c4     ccsSRM.obj (.ebss)
                  003f90c4    00000018     DSP281x_CpuTimers.obj (.ebss)
                  003f90dc    00000004     rts2800_ml.lib : _lock.obj (.ebss)
                  003f90e0    00000020     --HOLE--
                  003f9100    00000080                    : exit.obj (.ebss)

.econst    1    003f9180    00000100     
                  003f9180    00000100     DSP281x_PieVect.obj (.econst)


GLOBAL DATA SYMBOLS: SORTED BY DATA PAGE

address     data page           name
--------    ----------------    ----
00000880      22 (00000880)     _DevEmuRegs

00000a80      2a (00000a80)     _FlashRegs

00000ae0      2b (00000ac0)     _CsmRegs

00000b20      2c (00000b00)     _XintfRegs

00000c00      30 (00000c00)     _CpuTimer0Regs
00000c08      30 (00000c00)     _CpuTimer1Regs
00000c10      30 (00000c00)     _CpuTimer2Regs

00000ce0      33 (00000cc0)     _PieCtrlRegs

00000d00      34 (00000d00)     _PieVectTable

00006000     180 (00006000)     _ECanaRegs

00006040     181 (00006040)     _ECanaLAMRegs

00006080     182 (00006080)     _ECanaMOTSRegs

000060c0     183 (000060c0)     _ECanaMOTORegs

00006100     184 (00006100)     _ECanaMboxes

00007010     1c0 (00007000)     _SysCtrlRegs

00007040     1c1 (00007040)     _SpiaRegs
00007050     1c1 (00007040)     _SciaRegs
00007070     1c1 (00007040)     _XIntruptRegs

000070c0     1c3 (000070c0)     _GpioMuxRegs
000070e0     1c3 (000070c0)     _GpioDataRegs

00007100     1c4 (00007100)     _AdcRegs

00007400     1d0 (00007400)     _EvaRegs

00007500     1d4 (00007500)     _EvbRegs

00007750     1dd (00007740)     _ScibRegs

00007800     1e0 (00007800)     _McbspaRegs

003f7ff8    fdff (003f7fc0)     _CsmPwl

003f9000    fe40 (003f9000)     _Msmt_Update
003f9001    fe40 (003f9000)     _LEDvalue
003f9002    fe40 (003f9000)     _Update_Velocity
003f9003    fe40 (003f9000)     _slice
003f9004    fe40 (003f9000)     _old_count
003f9005    fe40 (003f9000)     _StartFlag
003f9006    fe40 (003f9000)     _simu6count
003f9007    fe40 (003f9000)     _SpeedPiFlag
003f9008    fe40 (003f9000)     _SpeedFlag
003f9009    fe40 (003f9000)     _CapCount
003f900a    fe40 (003f9000)     _count
003f900b    fe40 (003f9000)     _i
003f900c    fe40 (003f9000)     _speed_error
003f900e    fe40 (003f9000)     _iDes
003f9010    fe40 (003f9000)     _adclo
003f9012    fe40 (003f9000)     _simu6pos

003f9040    fe41 (003f9040)     _SRM

003f90c4    fe43 (003f90c0)     _CpuTimer1
003f90cc    fe43 (003f90c0)     _CpuTimer2
003f90d4    fe43 (003f90c0)     _CpuTimer0
003f90dc    fe43 (003f90c0)     __unlock
003f90de    fe43 (003f90c0)     __lock

003f9102    fe44 (003f9100)     __dtors_ptr
003f9104    fe44 (003f9100)     __cleanup_ptr

003f9180    fe46 (003f9180)     _PieVectTableInit


GLOBAL SYMBOLS: SORTED ALPHABETICALLY BY Name 

address    name
--------   ----
003f8002   .text
003f8946   C$$EXIT
003f886e   FS$$MPY
003f8a0e   FS$$TOL
003f8a5f   I$$DIV
003f8a70   I$$MOD
003f89e4   L$$DIV
003f89f3   L$$MOD
003f8a01   UL$$DIV
003f8a08   UL$$MOD
003f861e   _ADCINT_ISR
00007100   _AdcRegs
003f8664   _CAPINT1_ISR
003f8669   _CAPINT2_ISR
003f866e   _CAPINT3_ISR
003f86aa   _CAPINT4_ISR
003f86af   _CAPINT5_ISR
003f86b4   _CAPINT6_ISR
003f862d   _CMP1INT_ISR
003f8632   _CMP2INT_ISR
003f8637   _CMP3INT_ISR
003f8673   _CMP4INT_ISR
003f8678   _CMP5INT_ISR
003f867d   _CMP6INT_ISR
003f9009   _CapCount
003f82f2   _Commutation_Algorithm
003f90d4   _CpuTimer0
00000c00   _CpuTimer0Regs
003f90c4   _CpuTimer1
00000c08   _CpuTimer1Regs
003f90cc   _CpuTimer2
00000c10   _CpuTimer2Regs
003f7ff8   _CsmPwl
00000ae0   _CsmRegs
003f8767   _CsmUnlock
003f85b5   _DATALOG_ISR
00000880   _DevEmuRegs
003f871c   _DisableDog
003f86e1   _ECAN0INTA_ISR
003f86e6   _ECAN1INTA_ISR
00006040   _ECanaLAMRegs
000060c0   _ECanaMOTORegs
00006080   _ECanaMOTSRegs
00006100   _ECanaMboxes
00006000   _ECanaRegs
003f86eb   _EMPTY_ISR
003f85bf   _EMUINT_ISR
003f8a56   _EnableInterrupts
00007400   _EvaRegs
003f845b   _EvbCAP4ISR_INT
003f84cf   _EvbCAP5ISR_INT
003f853d   _EvbCAP6ISR_INT
00007500   _EvbRegs
00000a80   _FlashRegs
000070e0   _GpioDataRegs
000070c0   _GpioMuxRegs
003f85c9   _ILLEGAL_ISR
003f85ab   _INT13_ISR
003f85b0   _INT14_ISR
003f8798   _InitAdc
003f8812   _InitEv
003f88c8   _InitGpio
003f874d   _InitPeripheralClocks
003f8a37   _InitPieCtrl
003f8a81   _InitPieVectTable
003f872e   _InitPll
003f89ae   _InitSci
003f86fa   _InitSysCtrl
003f8724   _KickDog
003f9001   _LEDvalue
003f86c3   _MRINTA_ISR
003f86c8   _MXINTA_ISR
00007800   _McbspaRegs
003f9000   _Msmt_Update
003f8219   _Msmt_Update_Velocity
003f85c4   _NMI_ISR
003f860a   _PDPINTA_ISR
003f860f   _PDPINTB_ISR
003f86f0   _PIE_RESERVED
00000ce0   _PieCtrlRegs
00000d00   _PieVectTable
003f9180   _PieVectTableInit
003f85ba   _RTOSINT_ISR
003f86cd   _SCIRXINTA_ISR
003f86d7   _SCIRXINTB_ISR
003f86d2   _SCITXINTA_ISR
003f86dc   _SCITXINTB_ISR
003f86b9   _SPIRXINTA_ISR
003f86be   _SPITXINTA_ISR
003f9040   _SRM
00007050   _SciaRegs
003f89d5   _SciaRx_Ready
003f89c6   _SciaTx_Ready
00007750   _ScibRegs
003f9008   _SpeedFlag
003f9007   _SpeedPiFlag
00007040   _SpiaRegs
003f9005   _StartFlag
00007010   _SysCtrlRegs
003f8641   _T1CINT_ISR
003f864b   _T1OFINT_ISR
003f863c   _T1PINT_ISR
003f8646   _T1UFINT_ISR
003f8655   _T2CINT_ISR
003f865f   _T2OFINT_ISR
003f8650   _T2PINT_ISR
003f865a   _T2UFINT_ISR
003f8687   _T3CINT_ISR
003f8691   _T3OFINT_ISR
003f8682   _T3PINT_ISR
003f868c   _T3UFINT_ISR
003f869b   _T4CINT_ISR
003f86a5   _T4OFINT_ISR
003f8696   _T4PINT_ISR
003f86a0   _T4UFINT_ISR
003f8623   _TINT0_ISR
003f82bf   _Time_Update_Position
003f85fb   _USER10_ISR
003f8600   _USER11_ISR
003f8605   _USER12_ISR
003f85ce   _USER1_ISR
003f85d3   _USER2_ISR
003f85d8   _USER3_ISR
003f85dd   _USER4_ISR
003f85e2   _USER5_ISR
003f85e7   _USER6_ISR
003f85ec   _USER7_ISR
003f85f1   _USER8_ISR
003f85f6   _USER9_ISR
003f9002   _Update_Velocity
003f8628   _WAKEINT_ISR
003f8614   _XINT1_ISR
003f8619   _XINT2_ISR
00007070   _XIntruptRegs
00000b20   _XintfRegs
00000590   __STACK_END
00000190   __STACK_SIZE
ffffffff   ___binit__
ffffffff   ___c_args__
003f8ac6   ___cinit__
003f8ac6   ___etext__
ffffffff   ___pinit__
003f8002   ___text__
003f8aa1   __args_main
003f9104   __cleanup_ptr
003f9102   __dtors_ptr
003f90de   __lock
003f8ab5   __nop
003f8ab6   __register_lock
003f8aba   __register_unlock
003f90dc   __unlock
003f8969   _abort
003f838d   _ad
003f9010   _adclo
003f8948   _atexit
003f896a   _c_int00
003f900a   _count
003f826e   _currentController
003f8920   _exit
003f900b   _i
003f900e   _iDes
003f80e5   _initializeSRM
003f8002   _main
003f9004   _old_count
003f86f5   _rsvd_ISR
003f9006   _simu6count
003f9012   _simu6pos
003f9003   _slice
003f900c   _speed_error
003f835d   _switch_lowside
ffffffff   binit
003f8ac6   cinit
003f8ac6   etext
ffffffff   pinit


GLOBAL SYMBOLS: SORTED BY Symbol Address 

address    name
--------   ----
00000190   __STACK_SIZE
00000590   __STACK_END
00000880   _DevEmuRegs
00000a80   _FlashRegs
00000ae0   _CsmRegs
00000b20   _XintfRegs
00000c00   _CpuTimer0Regs
00000c08   _CpuTimer1Regs
00000c10   _CpuTimer2Regs
00000ce0   _PieCtrlRegs
00000d00   _PieVectTable
00006000   _ECanaRegs
00006040   _ECanaLAMRegs
00006080   _ECanaMOTSRegs
000060c0   _ECanaMOTORegs
00006100   _ECanaMboxes
00007010   _SysCtrlRegs
00007040   _SpiaRegs
00007050   _SciaRegs
00007070   _XIntruptRegs
000070c0   _GpioMuxRegs
000070e0   _GpioDataRegs
00007100   _AdcRegs
00007400   _EvaRegs
00007500   _EvbRegs
00007750   _ScibRegs
00007800   _McbspaRegs
003f7ff8   _CsmPwl
003f8002   .text
003f8002   ___text__
003f8002   _main
003f80e5   _initializeSRM
003f8219   _Msmt_Update_Velocity
003f826e   _currentController
003f82bf   _Time_Update_Position
003f82f2   _Commutation_Algorithm
003f835d   _switch_lowside
003f838d   _ad
003f845b   _EvbCAP4ISR_INT
003f84cf   _EvbCAP5ISR_INT
003f853d   _EvbCAP6ISR_INT
003f85ab   _INT13_ISR
003f85b0   _INT14_ISR
003f85b5   _DATALOG_ISR
003f85ba   _RTOSINT_ISR
003f85bf   _EMUINT_ISR
003f85c4   _NMI_ISR
003f85c9   _ILLEGAL_ISR
003f85ce   _USER1_ISR
003f85d3   _USER2_ISR
003f85d8   _USER3_ISR
003f85dd   _USER4_ISR
003f85e2   _USER5_ISR
003f85e7   _USER6_ISR
003f85ec   _USER7_ISR
003f85f1   _USER8_ISR
003f85f6   _USER9_ISR
003f85fb   _USER10_ISR
003f8600   _USER11_ISR
003f8605   _USER12_ISR
003f860a   _PDPINTA_ISR
003f860f   _PDPINTB_ISR
003f8614   _XINT1_ISR
003f8619   _XINT2_ISR
003f861e   _ADCINT_ISR
003f8623   _TINT0_ISR
003f8628   _WAKEINT_ISR
003f862d   _CMP1INT_ISR
003f8632   _CMP2INT_ISR
003f8637   _CMP3INT_ISR
003f863c   _T1PINT_ISR
003f8641   _T1CINT_ISR
003f8646   _T1UFINT_ISR
003f864b   _T1OFINT_ISR
003f8650   _T2PINT_ISR
003f8655   _T2CINT_ISR
003f865a   _T2UFINT_ISR
003f865f   _T2OFINT_ISR
003f8664   _CAPINT1_ISR
003f8669   _CAPINT2_ISR
003f866e   _CAPINT3_ISR
003f8673   _CMP4INT_ISR
003f8678   _CMP5INT_ISR
003f867d   _CMP6INT_ISR
003f8682   _T3PINT_ISR
003f8687   _T3CINT_ISR
003f868c   _T3UFINT_ISR
003f8691   _T3OFINT_ISR
003f8696   _T4PINT_ISR
003f869b   _T4CINT_ISR
003f86a0   _T4UFINT_ISR
003f86a5   _T4OFINT_ISR
003f86aa   _CAPINT4_ISR
003f86af   _CAPINT5_ISR
003f86b4   _CAPINT6_ISR
003f86b9   _SPIRXINTA_ISR
003f86be   _SPITXINTA_ISR
003f86c3   _MRINTA_ISR
003f86c8   _MXINTA_ISR
003f86cd   _SCIRXINTA_ISR
003f86d2   _SCITXINTA_ISR
003f86d7   _SCIRXINTB_ISR
003f86dc   _SCITXINTB_ISR
003f86e1   _ECAN0INTA_ISR
003f86e6   _ECAN1INTA_ISR
003f86eb   _EMPTY_ISR
003f86f0   _PIE_RESERVED
003f86f5   _rsvd_ISR
003f86fa   _InitSysCtrl
003f871c   _DisableDog
003f8724   _KickDog
003f872e   _InitPll
003f874d   _InitPeripheralClocks
003f8767   _CsmUnlock
003f8798   _InitAdc
003f8812   _InitEv
003f886e   FS$$MPY
003f88c8   _InitGpio
003f8920   _exit
003f8946   C$$EXIT
003f8948   _atexit
003f8969   _abort
003f896a   _c_int00
003f89ae   _InitSci
003f89c6   _SciaTx_Ready
003f89d5   _SciaRx_Ready
003f89e4   L$$DIV
003f89f3   L$$MOD
003f8a01   UL$$DIV
003f8a08   UL$$MOD
003f8a0e   FS$$TOL
003f8a37   _InitPieCtrl
003f8a56   _EnableInterrupts
003f8a5f   I$$DIV
003f8a70   I$$MOD
003f8a81   _InitPieVectTable
003f8aa1   __args_main
003f8ab5   __nop
003f8ab6   __register_lock
003f8aba   __register_unlock
003f8ac6   ___cinit__
003f8ac6   ___etext__
003f8ac6   cinit
003f8ac6   etext
003f9000   _Msmt_Update
003f9001   _LEDvalue
003f9002   _Update_Velocity
003f9003   _slice
003f9004   _old_count
003f9005   _StartFlag
003f9006   _simu6count
003f9007   _SpeedPiFlag
003f9008   _SpeedFlag
003f9009   _CapCount
003f900a   _count
003f900b   _i
003f900c   _speed_error
003f900e   _iDes
003f9010   _adclo
003f9012   _simu6pos
003f9040   _SRM
003f90c4   _CpuTimer1
003f90cc   _CpuTimer2
003f90d4   _CpuTimer0
003f90dc   __unlock
003f90de   __lock
003f9102   __dtors_ptr
003f9104   __cleanup_ptr
003f9180   _PieVectTableInit
ffffffff   ___binit__
ffffffff   ___c_args__
ffffffff   ___pinit__
ffffffff   binit
ffffffff   pinit

[174 symbols]
