******************************************************************************
             TMS320C2000 Linker PC v6.2.7                      
******************************************************************************
>> Linked Wed Apr 22 19:03:02 2015

OUTPUT FILE NAME:   <Jfl3PiTwoPhaseStart2TesPos4b2.out>
ENTRY POINT SYMBOL: "_c_int00"  address: 003d8cf3


MEMORY CONFIGURATION

         name            origin    length      used     unused   attr    fill
----------------------  --------  ---------  --------  --------  ----  --------
PAGE 0:
  RAML0                 00008000   00001000  00000019  00000fe7  RWIX
  FLASH                 003d8000   0001ff80  00001002  0001ef7e  RWIX
  BEGIN                 003f7ff6   00000002  00000002  00000000  RWIX
  ROM                   003ff000   00000fc0  00000000  00000fc0  RWIX
  RESET                 003fffc0   00000002  00000000  00000002  RWIX
  VECTORS               003fffc2   0000003e  00000000  0000003e  RWIX

PAGE 1:
  RAMM0                 00000000   00000400  00000190  00000270  RWIX
  RAMM1                 00000400   00000400  00000000  00000400  RWIX
  DEV_EMU               00000880   00000180  000000d0  000000b0  RWIX
  FLASH_REGS            00000a80   00000060  00000008  00000058  RWIX
  CSM                   00000ae0   00000010  00000010  00000000  RWIX
  XINTF                 00000b20   00000020  00000020  00000000  RWIX
  CPU_TIMER0            00000c00   00000008  00000008  00000000  RWIX
  CPU_TIMER1            00000c08   00000008  00000008  00000000  RWIX
  CPU_TIMER2            00000c10   00000008  00000008  00000000  RWIX
  PIE_CTRL              00000ce0   00000020  0000001a  00000006  RWIX
  PIE_VECT              00000d00   00000100  00000100  00000000  RWIX
  ECANA                 00006000   00000040  00000034  0000000c  RWIX
  ECANA_LAM             00006040   00000040  00000040  00000000  RWIX
  ECANA_MOTS            00006080   00000040  00000040  00000000  RWIX
  ECANA_MOTO            000060c0   00000040  00000040  00000000  RWIX
  ECANA_MBOX            00006100   00000100  00000100  00000000  RWIX
  SYSTEM                00007010   00000020  00000020  00000000  RWIX
  SPIA                  00007040   00000010  00000010  00000000  RWIX
  SCIA                  00007050   00000010  00000010  00000000  RWIX
  XINTRUPT              00007070   00000010  00000010  00000000  RWIX
  GPIOMUX               000070c0   00000020  00000020  00000000  RWIX
  GPIODAT               000070e0   00000020  00000020  00000000  RWIX
  ADC                   00007100   00000020  0000001a  00000006  RWIX
  EVA                   00007400   00000040  00000032  0000000e  RWIX
  EVB                   00007500   00000040  00000032  0000000e  RWIX
  SCIB                  00007750   00000010  00000010  00000000  RWIX
  MCBSPA                00007800   00000040  00000025  0000001b  RWIX
  RAML1                 00009000   00001000  00000180  00000e80  RWIX
  CSM_PWL               003f7ff8   00000008  00000008  00000000  RWIX
  RAMH0                 003f8000   00002000  00000000  00002000  RWIX


SECTION ALLOCATION MAP

 output                                  attributes/
section   page    origin      length       input sections
--------  ----  ----------  ----------   ----------------
.text      0    003d8000    00000ea5     
                  003d8000    00000652     Ifl1.obj (.text)
                  003d8652    0000025d     Ifl1.obj (.text:retain)
                  003d88af    0000015c     DSP281x_DefaultIsr.obj (.text:retain)
                  003d8a0b    0000009e     DSP281x_SysCtrl.obj (.text)
                  003d8aa9    0000007a     DSP281x_Adc.obj (.text)
                  003d8b23    00000078     rts2800_ml.lib : fs_add.obj (.text)
                  003d8b9b    0000005c     DSP281x_Ev.obj (.text)
                  003d8bf7    0000005a     rts2800_ml.lib : fs_mpy.obj (.text)
                  003d8c51    00000058     DSP281x_Gpio.obj (.text)
                  003d8ca9    0000004a     rts2800_ml.lib : exit.obj (.text)
                  003d8cf3    00000044                    : boot.obj (.text)
                  003d8d37    00000036     DSP281x_Sci.obj (.text)
                  003d8d6d    0000002a     rts2800_ml.lib : l_div.obj (.text)
                  003d8d97    00000029                    : fs_tol.obj (.text)
                  003d8dc0    00000028     DSP281x_PieCtrl.obj (.text)
                  003d8de8    00000022     rts2800_ml.lib : i_div.obj (.text)
                  003d8e0a    00000020     DSP281x_PieVect.obj (.text)
                  003d8e2a    0000001a     rts2800_ml.lib : l_tofs.obj (.text)
                  003d8e44    00000017                    : fs_cmp.obj (.text)
                  003d8e5b    00000015     DSP281x_MemCopy.obj (.text)
                  003d8e70    00000014     rts2800_ml.lib : args_main.obj (.text)
                  003d8e84    00000010                    : u_tofs.obj (.text)
                  003d8e94    00000009                    : _lock.obj (.text)
                  003d8e9d    00000008     DSP281x_CodeStartBranch.obj (.text)

ramfuncs   0    003d8ea5    00000019     RUN ADDR = 00008000
                  003d8ea5    00000019     DSP281x_SysCtrl.obj (ramfuncs)

.econst    0    003d8ebe    00000100     
                  003d8ebe    00000100     DSP281x_PieVect.obj (.econst)

.cinit     0    003d8fbe    00000044     
                  003d8fbe    0000002a     Ifl1.obj (.cinit)
                  003d8fe8    0000000e     rts2800_ml.lib : exit.obj (.cinit)
                  003d8ff6    0000000a                    : _lock.obj (.cinit)
                  003d9000    00000002     --HOLE-- [fill = 0]

codestart 
*          0    003f7ff6    00000002     
                  003f7ff6    00000002     DSP281x_CodeStartBranch.obj (codestart)

.reset     0    003fffc0    00000002     DSECT
                  003fffc0    00000002     rts2800_ml.lib : boot.obj (.reset)

vectors    0    003fffc2    00000000     DSECT

.stack     1    00000000    00000190     UNINITIALIZED
                  00000000    00000190     --HOLE--

DevEmuRegsFile 
*          1    00000880    000000d0     UNINITIALIZED
                  00000880    000000d0     DSP281x_GlobalVariableDefs.obj (DevEmuRegsFile)

FlashRegsFile 
*          1    00000a80    00000008     UNINITIALIZED
                  00000a80    00000008     DSP281x_GlobalVariableDefs.obj (FlashRegsFile)

CsmRegsFile 
*          1    00000ae0    00000010     UNINITIALIZED
                  00000ae0    00000010     DSP281x_GlobalVariableDefs.obj (CsmRegsFile)

XintfRegsFile 
*          1    00000b20    00000020     UNINITIALIZED
                  00000b20    00000020     DSP281x_GlobalVariableDefs.obj (XintfRegsFile)

CpuTimer0RegsFile 
*          1    00000c00    00000008     UNINITIALIZED
                  00000c00    00000008     DSP281x_GlobalVariableDefs.obj (CpuTimer0RegsFile)

CpuTimer1RegsFile 
*          1    00000c08    00000008     UNINITIALIZED
                  00000c08    00000008     DSP281x_GlobalVariableDefs.obj (CpuTimer1RegsFile)

CpuTimer2RegsFile 
*          1    00000c10    00000008     UNINITIALIZED
                  00000c10    00000008     DSP281x_GlobalVariableDefs.obj (CpuTimer2RegsFile)

PieCtrlRegsFile 
*          1    00000ce0    0000001a     UNINITIALIZED
                  00000ce0    0000001a     DSP281x_GlobalVariableDefs.obj (PieCtrlRegsFile)

PieVectTableFile 
*          1    00000d00    00000100     UNINITIALIZED
                  00000d00    00000100     DSP281x_GlobalVariableDefs.obj (PieVectTableFile)

ECanaRegsFile 
*          1    00006000    00000034     UNINITIALIZED
                  00006000    00000034     DSP281x_GlobalVariableDefs.obj (ECanaRegsFile)

ECanaLAMRegsFile 
*          1    00006040    00000040     UNINITIALIZED
                  00006040    00000040     DSP281x_GlobalVariableDefs.obj (ECanaLAMRegsFile)

ECanaMOTSRegsFile 
*          1    00006080    00000040     UNINITIALIZED
                  00006080    00000040     DSP281x_GlobalVariableDefs.obj (ECanaMOTSRegsFile)

ECanaMOTORegsFile 
*          1    000060c0    00000040     UNINITIALIZED
                  000060c0    00000040     DSP281x_GlobalVariableDefs.obj (ECanaMOTORegsFile)

ECanaMboxesFile 
*          1    00006100    00000100     UNINITIALIZED
                  00006100    00000100     DSP281x_GlobalVariableDefs.obj (ECanaMboxesFile)

SysCtrlRegsFile 
*          1    00007010    00000020     UNINITIALIZED
                  00007010    00000020     DSP281x_GlobalVariableDefs.obj (SysCtrlRegsFile)

SpiaRegsFile 
*          1    00007040    00000010     UNINITIALIZED
                  00007040    00000010     DSP281x_GlobalVariableDefs.obj (SpiaRegsFile)

SciaRegsFile 
*          1    00007050    00000010     UNINITIALIZED
                  00007050    00000010     DSP281x_GlobalVariableDefs.obj (SciaRegsFile)

XIntruptRegsFile 
*          1    00007070    00000010     UNINITIALIZED
                  00007070    00000010     DSP281x_GlobalVariableDefs.obj (XIntruptRegsFile)

GpioMuxRegsFile 
*          1    000070c0    00000020     UNINITIALIZED
                  000070c0    00000020     DSP281x_GlobalVariableDefs.obj (GpioMuxRegsFile)

GpioDataRegsFile 
*          1    000070e0    00000020     UNINITIALIZED
                  000070e0    00000020     DSP281x_GlobalVariableDefs.obj (GpioDataRegsFile)

AdcRegsFile 
*          1    00007100    0000001a     UNINITIALIZED
                  00007100    0000001a     DSP281x_GlobalVariableDefs.obj (AdcRegsFile)

EvaRegsFile 
*          1    00007400    00000032     UNINITIALIZED
                  00007400    00000032     DSP281x_GlobalVariableDefs.obj (EvaRegsFile)

EvbRegsFile 
*          1    00007500    00000032     UNINITIALIZED
                  00007500    00000032     DSP281x_GlobalVariableDefs.obj (EvbRegsFile)

ScibRegsFile 
*          1    00007750    00000010     UNINITIALIZED
                  00007750    00000010     DSP281x_GlobalVariableDefs.obj (ScibRegsFile)

McbspaRegsFile 
*          1    00007800    00000025     UNINITIALIZED
                  00007800    00000025     DSP281x_GlobalVariableDefs.obj (McbspaRegsFile)

.bss       1    00009000    00000000     UNINITIALIZED

.ebss      1    00009000    00000180     UNINITIALIZED
                  00009000    000000cc     Ifl1.obj (.ebss)
                  000090cc    00000018     DSP281x_CpuTimers.obj (.ebss)
                  000090e4    00000004     rts2800_ml.lib : _lock.obj (.ebss)
                  000090e8    00000018     --HOLE--
                  00009100    00000080                    : exit.obj (.ebss)

CsmPwlFile 
*          1    003f7ff8    00000008     UNINITIALIZED
                  003f7ff8    00000008     DSP281x_GlobalVariableDefs.obj (CsmPwlFile)


GLOBAL DATA SYMBOLS: SORTED BY DATA PAGE

address     data page           name
--------    ----------------    ----
00000880      22 (00000880)     _DevEmuRegs

00000a80      2a (00000a80)     _FlashRegs

00000ae0      2b (00000ac0)     _CsmRegs

00000b20      2c (00000b00)     _XintfRegs

00000c00      30 (00000c00)     _CpuTimer0Regs
00000c08      30 (00000c00)     _CpuTimer1Regs
00000c10      30 (00000c00)     _CpuTimer2Regs

00000ce0      33 (00000cc0)     _PieCtrlRegs

00000d00      34 (00000d00)     _PieVectTable

00006000     180 (00006000)     _ECanaRegs

00006040     181 (00006040)     _ECanaLAMRegs

00006080     182 (00006080)     _ECanaMOTSRegs

000060c0     183 (000060c0)     _ECanaMOTORegs

00006100     184 (00006100)     _ECanaMboxes

00007010     1c0 (00007000)     _SysCtrlRegs

00007040     1c1 (00007040)     _SpiaRegs
00007050     1c1 (00007040)     _SciaRegs
00007070     1c1 (00007040)     _XIntruptRegs

000070c0     1c3 (000070c0)     _GpioMuxRegs
000070e0     1c3 (000070c0)     _GpioDataRegs

00007100     1c4 (00007100)     _AdcRegs

00007400     1d0 (00007400)     _EvaRegs

00007500     1d4 (00007500)     _EvbRegs

00007750     1dd (00007740)     _ScibRegs

00007800     1e0 (00007800)     _McbspaRegs

00009000     240 (00009000)     _WatchdogFlag
00009001     240 (00009000)     _count_old
00009002     240 (00009000)     _LEDvalue
00009003     240 (00009000)     _count
00009004     240 (00009000)     _UpdateVelocityFlag
00009005     240 (00009000)     _StartFlag
00009006     240 (00009000)     _SpeedPiFlag
00009007     240 (00009000)     _SCiRxData
00009008     240 (00009000)     _SpeedFlag
00009009     240 (00009000)     _watchdogcount
0000900a     240 (00009000)     _SciTemp
0000900b     240 (00009000)     _CapCount
0000900c     240 (00009000)     _PhaseControlFlag
0000900d     240 (00009000)     _simu6count
0000900e     240 (00009000)     _i
0000900f     240 (00009000)     _CurrentControllerFlag
00009010     240 (00009000)     _Time_Update_PositionFlag
00009011     240 (00009000)     _OvercurrentNum
00009012     240 (00009000)     _iDes
00009014     240 (00009000)     _speed_error
00009016     240 (00009000)     _adclo
00009018     240 (00009000)     _simu6pos

00009040     241 (00009040)     _SRM

000090cc     243 (000090c0)     _CpuTimer1
000090d4     243 (000090c0)     _CpuTimer2
000090dc     243 (000090c0)     _CpuTimer0
000090e4     243 (000090c0)     __unlock
000090e6     243 (000090c0)     __lock

00009102     244 (00009100)     __dtors_ptr
00009104     244 (00009100)     __cleanup_ptr

003d8ebe    f63a (003d8e80)     _PieVectTableInit

003f7ff8    fdff (003f7fc0)     _CsmPwl


GLOBAL SYMBOLS: SORTED ALPHABETICALLY BY Name 

address    name
--------   ----
00009000   .bss
003d8000   .text
003d8ccf   C$$EXIT
003d8b28   FS$$ADD
003d8e44   FS$$CMP
003d8bf7   FS$$MPY
003d8b23   FS$$SUB
003d8d97   FS$$TOL
003d8de8   I$$DIV
003d8df9   I$$MOD
003d8d6d   L$$DIV
003d8d7c   L$$MOD
003d8e2a   L$$TOFS
003d8e84   U$$TOFS
003d8d8a   UL$$DIV
003d8d91   UL$$MOD
003d8922   _ADCINT_ISR
00007100   _AdcRegs
003d8968   _CAPINT1_ISR
003d896d   _CAPINT2_ISR
003d8972   _CAPINT3_ISR
003d89ae   _CAPINT4_ISR
003d89b3   _CAPINT5_ISR
003d89b8   _CAPINT6_ISR
003d8931   _CMP1INT_ISR
003d8936   _CMP2INT_ISR
003d893b   _CMP3INT_ISR
003d8977   _CMP4INT_ISR
003d897c   _CMP5INT_ISR
003d8981   _CMP6INT_ISR
0000900b   _CapCount
000090dc   _CpuTimer0
00000c00   _CpuTimer0Regs
000090cc   _CpuTimer1
00000c08   _CpuTimer1Regs
000090d4   _CpuTimer2
00000c10   _CpuTimer2Regs
003f7ff8   _CsmPwl
00000ae0   _CsmRegs
003d8a78   _CsmUnlock
0000900f   _CurrentControllerFlag
003d88b9   _DATALOG_ISR
00000880   _DevEmuRegs
003d8a2d   _DisableDog
003d89f2   _ECAN0INTA_ISR
003d89f7   _ECAN1INTA_ISR
00006040   _ECanaLAMRegs
000060c0   _ECanaMOTORegs
00006080   _ECanaMOTSRegs
00006100   _ECanaMboxes
00006000   _ECanaRegs
003d89fc   _EMPTY_ISR
003d88c3   _EMUINT_ISR
003d8ddf   _EnableInterrupts
00007400   _EvaRegs
003d872e   _EvbCAP4ISR_INT
003d87ad   _EvbCAP5ISR_INT
003d882e   _EvbCAP6ISR_INT
00007500   _EvbRegs
00000a80   _FlashRegs
000070e0   _GpioDataRegs
000070c0   _GpioMuxRegs
003d88cd   _ILLEGAL_ISR
003d88af   _INT13_ISR
003d88b4   _INT14_ISR
003d8aa9   _InitAdc
003d8b9b   _InitEv
00008000   _InitFlash
003d8c51   _InitGpio
003d8a5e   _InitPeripheralClocks
003d8dc0   _InitPieCtrl
003d8e0a   _InitPieVectTable
003d8a3f   _InitPll
003d8d37   _InitSci
003d8a0b   _InitSysCtrl
003d8a35   _KickDog
00009002   _LEDvalue
003d89c7   _MRINTA_ISR
003d89cc   _MXINTA_ISR
00007800   _McbspaRegs
003d8e5b   _MemCopy
003d88c8   _NMI_ISR
00009011   _OvercurrentNum
003d890e   _PDPINTA_ISR
003d8913   _PDPINTB_ISR
003d8a01   _PIE_RESERVED
003d8503   _PhaseControl
0000900c   _PhaseControlFlag
00000ce0   _PieCtrlRegs
00000d00   _PieVectTable
003d8ebe   _PieVectTableInit
003d85e7   _QuickSort
003d88be   _RTOSINT_ISR
003d8ebe   _RamfuncsLoadEnd
003d8ea5   _RamfuncsLoadStart
00008000   _RamfuncsRunStart
003d89d1   _SCIRXINTA_ISR
003d89e8   _SCIRXINTB_ISR
003d89e3   _SCITXINTA_ISR
003d89ed   _SCITXINTB_ISR
00009007   _SCiRxData
003d89bd   _SPIRXINTA_ISR
003d89c2   _SPITXINTA_ISR
00009040   _SRM
0000900a   _SciTemp
00007050   _SciaRegs
003d8d5e   _SciaRx_Ready
003d8d4f   _SciaTx_Ready
00007750   _ScibRegs
00009008   _SpeedFlag
00009006   _SpeedPiFlag
00007040   _SpiaRegs
00009005   _StartFlag
00007010   _SysCtrlRegs
003d8945   _T1CINT_ISR
003d894f   _T1OFINT_ISR
003d8940   _T1PINT_ISR
003d894a   _T1UFINT_ISR
003d8959   _T2CINT_ISR
003d8963   _T2OFINT_ISR
003d8954   _T2PINT_ISR
003d895e   _T2UFINT_ISR
003d898b   _T3CINT_ISR
003d8995   _T3OFINT_ISR
003d8986   _T3PINT_ISR
003d8990   _T3UFINT_ISR
003d899f   _T4CINT_ISR
003d89a9   _T4OFINT_ISR
003d899a   _T4PINT_ISR
003d89a4   _T4UFINT_ISR
003d8927   _TINT0_ISR
003d8357   _Time_Update_Position
00009010   _Time_Update_PositionFlag
003d88ff   _USER10_ISR
003d8904   _USER11_ISR
003d8909   _USER12_ISR
003d88d2   _USER1_ISR
003d88d7   _USER2_ISR
003d88dc   _USER3_ISR
003d88e1   _USER4_ISR
003d88e6   _USER5_ISR
003d88eb   _USER6_ISR
003d88f0   _USER7_ISR
003d88f5   _USER8_ISR
003d88fa   _USER9_ISR
003d82db   _UpdateVelocity
00009004   _UpdateVelocityFlag
003d892c   _WAKEINT_ISR
00009000   _WatchdogFlag
003d8918   _XINT1_ISR
003d891d   _XINT2_ISR
00007070   _XIntruptRegs
00000b20   _XintfRegs
00000190   __STACK_END
00000190   __STACK_SIZE
ffffffff   ___binit__
00009000   ___bss__
ffffffff   ___c_args__
003d8fbe   ___cinit__
00009000   ___end__
003d8ea5   ___etext__
ffffffff   ___pinit__
003d8000   ___text__
003d8e70   __args_main
00009104   __cleanup_ptr
00009102   __dtors_ptr
000090e6   __lock
003d8e94   __nop
003d8e95   __register_lock
003d8e99   __register_unlock
000090e4   __unlock
003d8cf2   _abort
003d8652   _ad
00009016   _adclo
003d8cd1   _atexit
003d8cf3   _c_int00
00009003   _count
00009001   _count_old
003d8599   _currentController
003d8ca9   _exit
0000900e   _i
00009012   _iDes
003d817f   _initializeSRM
003d8000   _main
003d8a06   _rsvd_ISR
0000900d   _simu6count
00009018   _simu6pos
00009014   _speed_error
003d8569   _switch_lowside
00009009   _watchdogcount
ffffffff   binit
003d8fbe   cinit
00009000   end
003d8ea5   etext
ffffffff   pinit


GLOBAL SYMBOLS: SORTED BY Symbol Address 

address    name
--------   ----
00000190   __STACK_END
00000190   __STACK_SIZE
00000880   _DevEmuRegs
00000a80   _FlashRegs
00000ae0   _CsmRegs
00000b20   _XintfRegs
00000c00   _CpuTimer0Regs
00000c08   _CpuTimer1Regs
00000c10   _CpuTimer2Regs
00000ce0   _PieCtrlRegs
00000d00   _PieVectTable
00006000   _ECanaRegs
00006040   _ECanaLAMRegs
00006080   _ECanaMOTSRegs
000060c0   _ECanaMOTORegs
00006100   _ECanaMboxes
00007010   _SysCtrlRegs
00007040   _SpiaRegs
00007050   _SciaRegs
00007070   _XIntruptRegs
000070c0   _GpioMuxRegs
000070e0   _GpioDataRegs
00007100   _AdcRegs
00007400   _EvaRegs
00007500   _EvbRegs
00007750   _ScibRegs
00007800   _McbspaRegs
00008000   _InitFlash
00008000   _RamfuncsRunStart
00009000   .bss
00009000   _WatchdogFlag
00009000   ___bss__
00009000   ___end__
00009000   end
00009001   _count_old
00009002   _LEDvalue
00009003   _count
00009004   _UpdateVelocityFlag
00009005   _StartFlag
00009006   _SpeedPiFlag
00009007   _SCiRxData
00009008   _SpeedFlag
00009009   _watchdogcount
0000900a   _SciTemp
0000900b   _CapCount
0000900c   _PhaseControlFlag
0000900d   _simu6count
0000900e   _i
0000900f   _CurrentControllerFlag
00009010   _Time_Update_PositionFlag
00009011   _OvercurrentNum
00009012   _iDes
00009014   _speed_error
00009016   _adclo
00009018   _simu6pos
00009040   _SRM
000090cc   _CpuTimer1
000090d4   _CpuTimer2
000090dc   _CpuTimer0
000090e4   __unlock
000090e6   __lock
00009102   __dtors_ptr
00009104   __cleanup_ptr
003d8000   .text
003d8000   ___text__
003d8000   _main
003d817f   _initializeSRM
003d82db   _UpdateVelocity
003d8357   _Time_Update_Position
003d8503   _PhaseControl
003d8569   _switch_lowside
003d8599   _currentController
003d85e7   _QuickSort
003d8652   _ad
003d872e   _EvbCAP4ISR_INT
003d87ad   _EvbCAP5ISR_INT
003d882e   _EvbCAP6ISR_INT
003d88af   _INT13_ISR
003d88b4   _INT14_ISR
003d88b9   _DATALOG_ISR
003d88be   _RTOSINT_ISR
003d88c3   _EMUINT_ISR
003d88c8   _NMI_ISR
003d88cd   _ILLEGAL_ISR
003d88d2   _USER1_ISR
003d88d7   _USER2_ISR
003d88dc   _USER3_ISR
003d88e1   _USER4_ISR
003d88e6   _USER5_ISR
003d88eb   _USER6_ISR
003d88f0   _USER7_ISR
003d88f5   _USER8_ISR
003d88fa   _USER9_ISR
003d88ff   _USER10_ISR
003d8904   _USER11_ISR
003d8909   _USER12_ISR
003d890e   _PDPINTA_ISR
003d8913   _PDPINTB_ISR
003d8918   _XINT1_ISR
003d891d   _XINT2_ISR
003d8922   _ADCINT_ISR
003d8927   _TINT0_ISR
003d892c   _WAKEINT_ISR
003d8931   _CMP1INT_ISR
003d8936   _CMP2INT_ISR
003d893b   _CMP3INT_ISR
003d8940   _T1PINT_ISR
003d8945   _T1CINT_ISR
003d894a   _T1UFINT_ISR
003d894f   _T1OFINT_ISR
003d8954   _T2PINT_ISR
003d8959   _T2CINT_ISR
003d895e   _T2UFINT_ISR
003d8963   _T2OFINT_ISR
003d8968   _CAPINT1_ISR
003d896d   _CAPINT2_ISR
003d8972   _CAPINT3_ISR
003d8977   _CMP4INT_ISR
003d897c   _CMP5INT_ISR
003d8981   _CMP6INT_ISR
003d8986   _T3PINT_ISR
003d898b   _T3CINT_ISR
003d8990   _T3UFINT_ISR
003d8995   _T3OFINT_ISR
003d899a   _T4PINT_ISR
003d899f   _T4CINT_ISR
003d89a4   _T4UFINT_ISR
003d89a9   _T4OFINT_ISR
003d89ae   _CAPINT4_ISR
003d89b3   _CAPINT5_ISR
003d89b8   _CAPINT6_ISR
003d89bd   _SPIRXINTA_ISR
003d89c2   _SPITXINTA_ISR
003d89c7   _MRINTA_ISR
003d89cc   _MXINTA_ISR
003d89d1   _SCIRXINTA_ISR
003d89e3   _SCITXINTA_ISR
003d89e8   _SCIRXINTB_ISR
003d89ed   _SCITXINTB_ISR
003d89f2   _ECAN0INTA_ISR
003d89f7   _ECAN1INTA_ISR
003d89fc   _EMPTY_ISR
003d8a01   _PIE_RESERVED
003d8a06   _rsvd_ISR
003d8a0b   _InitSysCtrl
003d8a2d   _DisableDog
003d8a35   _KickDog
003d8a3f   _InitPll
003d8a5e   _InitPeripheralClocks
003d8a78   _CsmUnlock
003d8aa9   _InitAdc
003d8b23   FS$$SUB
003d8b28   FS$$ADD
003d8b9b   _InitEv
003d8bf7   FS$$MPY
003d8c51   _InitGpio
003d8ca9   _exit
003d8ccf   C$$EXIT
003d8cd1   _atexit
003d8cf2   _abort
003d8cf3   _c_int00
003d8d37   _InitSci
003d8d4f   _SciaTx_Ready
003d8d5e   _SciaRx_Ready
003d8d6d   L$$DIV
003d8d7c   L$$MOD
003d8d8a   UL$$DIV
003d8d91   UL$$MOD
003d8d97   FS$$TOL
003d8dc0   _InitPieCtrl
003d8ddf   _EnableInterrupts
003d8de8   I$$DIV
003d8df9   I$$MOD
003d8e0a   _InitPieVectTable
003d8e2a   L$$TOFS
003d8e44   FS$$CMP
003d8e5b   _MemCopy
003d8e70   __args_main
003d8e84   U$$TOFS
003d8e94   __nop
003d8e95   __register_lock
003d8e99   __register_unlock
003d8ea5   _RamfuncsLoadStart
003d8ea5   ___etext__
003d8ea5   etext
003d8ebe   _PieVectTableInit
003d8ebe   _RamfuncsLoadEnd
003d8fbe   ___cinit__
003d8fbe   cinit
003f7ff8   _CsmPwl
ffffffff   ___binit__
ffffffff   ___c_args__
ffffffff   ___pinit__
ffffffff   binit
ffffffff   pinit

[195 symbols]
