******************************************************************************
        TMS320C2000 COFF Linker PC v4.1.3                      
******************************************************************************
>> Linked Mon Jan 06 11:12:43 2014

OUTPUT FILE NAME:   <./Debug/Spi01.out>
ENTRY POINT SYMBOL: "_c_int00"  address: 00000000


MEMORY CONFIGURATION

                  name            origin    length      used    attr    fill
         ----------------------  --------  ---------  --------  ----  --------
PAGE  0: PROG                    00000040   003fffc0  00000355  RWIX

PAGE  1: DATA                    00000000   00010000  000004d2  RW  
         DATA1                   00010000   003f0000  00000000  RW  


SECTION ALLOCATION MAP

 output                                  attributes/
section   page    origin      length       input sections
--------  ----  ----------  ----------   ----------------
.data      0    00000000    00000000     UNINITIALIZED

.pinit     0    00000000    00000000     UNINITIALIZED

.text      0    00000040    00000240     
                  00000040    0000014a     DSP28_DefaultIsr.obj (.text)
                  0000018a    0000000e     DSP28_Gpio.obj (.text)
                  00000198    00000005     DSP28_InitPeripherals.obj (.text)
                  0000019d    00000021     DSP28_PieCtrl.obj (.text)
                  000001be    00000020     DSP28_PieVect.obj (.text)
                  000001de    00000029     DSP28_Spi.obj (.text)
                  00000207    00000028     DSP28_SysCtrl.obj (.text)
                  0000022f    00000051     main.obj (.text)

.econst    0    00000280    00000100     
                  00000280    00000100     DSP28_PieVect.obj (.econst)

.cinit     0    00000380    00000015     
                  00000380    00000014     main.obj (.cinit)
                  00000394    00000001     --HOLE-- [fill = 0]

.stack     1    00000000    00000000     UNINITIALIZED

.sysmem    1    00000000    00000000     UNINITIALIZED

.bss       1    00000000    00000000     UNINITIALIZED

PieVectTable 
*          1    00000000    00000100     UNINITIALIZED
                  00000000    00000100     DSP28_GlobalVariableDefs.obj (PieVectTable)

ECanaMboxesFile 
*          1    00000100    00000100     UNINITIALIZED
                  00000100    00000100     DSP28_GlobalVariableDefs.obj (ECanaMboxesFile)

DevEmuRegsFile 
*          1    00000200    000000d6     UNINITIALIZED
                  00000200    000000d6     DSP28_GlobalVariableDefs.obj (DevEmuRegsFile)

McbspaRegsFile 
*          1    000002d6    00000025     UNINITIALIZED
                  000002d6    00000025     DSP28_GlobalVariableDefs.obj (McbspaRegsFile)

ECanaRegsFile 
*          1    00000300    00000034     UNINITIALIZED
                  00000300    00000034     DSP28_GlobalVariableDefs.obj (ECanaRegsFile)

FlashRegsFile 
*          1    00000334    00000008     UNINITIALIZED
                  00000334    00000008     DSP28_GlobalVariableDefs.obj (FlashRegsFile)

EvaRegsFile 
*          1    00000340    00000032     UNINITIALIZED
                  00000340    00000032     DSP28_GlobalVariableDefs.obj (EvaRegsFile)

CpuTimer0RegsFile 
*          1    00000372    00000008     UNINITIALIZED
                  00000372    00000008     DSP28_GlobalVariableDefs.obj (CpuTimer0RegsFile)

EvbRegsFile 
*          1    00000380    00000032     UNINITIALIZED
                  00000380    00000032     DSP28_GlobalVariableDefs.obj (EvbRegsFile)

CpuTimer1RegsFile 
*          1    000003b2    00000008     UNINITIALIZED
                  000003b2    00000008     DSP28_GlobalVariableDefs.obj (CpuTimer1RegsFile)

SysCtrlRegsFile 
*          1    000003c0    00000020     UNINITIALIZED
                  000003c0    00000020     DSP28_GlobalVariableDefs.obj (SysCtrlRegsFile)

XintfRegsFile 
*          1    000003e0    00000020     UNINITIALIZED
                  000003e0    00000020     DSP28_GlobalVariableDefs.obj (XintfRegsFile)

GpioDataRegsFile 
*          1    00000400    00000020     UNINITIALIZED
                  00000400    00000020     DSP28_GlobalVariableDefs.obj (GpioDataRegsFile)

GpioMuxRegsFile 
*          1    00000420    00000020     UNINITIALIZED
                  00000420    00000020     DSP28_GlobalVariableDefs.obj (GpioMuxRegsFile)

PieCtrlRegsFile 
*          1    00000440    0000001a     UNINITIALIZED
                  00000440    0000001a     DSP28_GlobalVariableDefs.obj (PieCtrlRegsFile)

AdcRegsFile 
*          1    0000045a    0000001a     UNINITIALIZED
                  0000045a    0000001a     DSP28_GlobalVariableDefs.obj (AdcRegsFile)

CsmPwlFile 
*          1    00000474    00000008     UNINITIALIZED
                  00000474    00000008     DSP28_GlobalVariableDefs.obj (CsmPwlFile)

.ebss      1    00000480    00000013     UNINITIALIZED
                  00000480    00000013     main.obj (.ebss)

ScibRegsFile 
*          1    00000493    00000010     UNINITIALIZED
                  00000493    00000010     DSP28_GlobalVariableDefs.obj (ScibRegsFile)

SciaRegsFile 
*          1    000004a3    00000010     UNINITIALIZED
                  000004a3    00000010     DSP28_GlobalVariableDefs.obj (SciaRegsFile)

CpuTimer2RegsFile 
*          1    000004b4    00000008     UNINITIALIZED
                  000004b4    00000008     DSP28_GlobalVariableDefs.obj (CpuTimer2RegsFile)

CsmRegsFile 
*          1    000004c0    00000010     UNINITIALIZED
                  000004c0    00000010     DSP28_GlobalVariableDefs.obj (CsmRegsFile)

SpiaRegsFile 
*          1    000004d0    00000010     UNINITIALIZED
                  000004d0    00000010     DSP28_GlobalVariableDefs.obj (SpiaRegsFile)

XIntruptRegsFile 
*          1    000004e0    00000010     UNINITIALIZED
                  000004e0    00000010     DSP28_GlobalVariableDefs.obj (XIntruptRegsFile)


GLOBAL SYMBOLS: SORTED ALPHABETICALLY BY Name 

address    name
--------   ----
00000000   .bss
00000000   .data
00000040   .text
000000a9   _ADCINT_ISR
0000045a   _AdcRegs
000000f4   _CAPINT1_ISR
000000f9   _CAPINT2_ISR
000000fe   _CAPINT3_ISR
0000013f   _CAPINT4_ISR
00000144   _CAPINT5_ISR
00000149   _CAPINT6_ISR
000000bd   _CMP1INT_ISR
000000c2   _CMP2INT_ISR
000000c7   _CMP3INT_ISR
00000108   _CMP4INT_ISR
0000010d   _CMP5INT_ISR
00000112   _CMP6INT_ISR
00000372   _CpuTimer0Regs
000003b2   _CpuTimer1Regs
000004b4   _CpuTimer2Regs
00000474   _CsmPwl
000004c0   _CsmRegs
00000059   _DATALOG_ISR
00000200   _DevEmuRegs
00000176   _ECAN0INTA_ISR
0000017b   _ECAN1INTA_ISR
00000100   _ECanaMboxes
00000300   _ECanaRegs
00000063   _EMUINT_ISR
00000340   _EvaRegs
00000380   _EvbRegs
00000334   _FlashRegs
00000400   _GpioDataRegs
00000420   _GpioMuxRegs
00000068   _ILLEGAL_ISR
00000040   _INT13_ISR
00000045   _INT14_ISR
0000018a   _InitGpio
00000198   _InitPeripherals
0000019d   _InitPieCtrl
000001be   _InitPieVectTable
000001de   _InitSpi
00000207   _InitSysCtrl
0000014e   _MRINTA_ISR
00000153   _MXINTA_ISR
000002d6   _McbspaRegs
0000004a   _NMI_ISR
000000b8   _PDPINTA_ISR
00000103   _PDPINTB_ISR
00000180   _PIE_RESERVED
00000440   _PieCtrl
00000000   _PieVectTable
00000280   _PieVectTableInit
0000005e   _RTOSINT_ISR
00000162   _SCIRXINTA_ISR
0000016c   _SCIRXINTB_ISR
00000167   _SCITXINTA_ISR
00000171   _SCITXINTB_ISR
00000158   _SPIRXINTA_ISR
0000015d   _SPITXINTA_ISR
000004a3   _SciaRegs
00000493   _ScibRegs
00000482   _SpiCode
000001f8   _Spi_RxReady
000001e9   _Spi_TxReady
000004d0   _SpiaRegs
000003c0   _SysCtrlRegs
000000d1   _T1CINT_ISR
000000db   _T1OFINT_ISR
000000cc   _T1PINT_ISR
000000d6   _T1UFINT_ISR
000000e5   _T2CINT_ISR
000000ef   _T2OFINT_ISR
000000e0   _T2PINT_ISR
000000ea   _T2UFINT_ISR
0000011c   _T3CINT_ISR
00000126   _T3OFINT_ISR
00000117   _T3PINT_ISR
00000121   _T3UFINT_ISR
00000130   _T4CINT_ISR
0000013a   _T4OFINT_ISR
0000012b   _T4PINT_ISR
00000135   _T4UFINT_ISR
000000ae   _TINT0_ISR
0000006d   _USER0_ISR
0000009f   _USER10_ISR
000000a4   _USER11_ISR
00000072   _USER1_ISR
00000077   _USER2_ISR
0000007c   _USER3_ISR
00000081   _USER4_ISR
00000086   _USER5_ISR
0000008b   _USER6_ISR
00000090   _USER7_ISR
00000095   _USER8_ISR
0000009a   _USER9_ISR
000000b3   _WAKEINT_ISR
00000268   _WriteLED
0000004f   _XINT1_ISR
00000054   _XINT2_ISR
000004e0   _XIntruptRegs
000003e0   _XintfRegs
ffffffff   ___binit__
00000000   ___bss__
ffffffff   ___c_args__
00000380   ___cinit__
00000000   ___data__
00000000   ___edata__
00000000   ___end__
00000280   ___etext__
ffffffff   ___pinit__
00000040   ___text__
00000480   _a
UNDEFED _c_int00
0000022f   _main
00000185   _rsvd_ISR
ffffffff   binit
00000380   cinit
00000000   edata
00000000   end
00000280   etext
ffffffff   pinit


GLOBAL SYMBOLS: SORTED BY Symbol Address 

address    name
--------   ----
00000000   ___bss__
00000000   end
00000000   ___edata__
00000000   ___data__
00000000   ___end__
00000000   .data
00000000   .bss
00000000   _PieVectTable
00000000   edata
00000040   _INT13_ISR
00000040   ___text__
00000040   .text
00000045   _INT14_ISR
0000004a   _NMI_ISR
0000004f   _XINT1_ISR
00000054   _XINT2_ISR
00000059   _DATALOG_ISR
0000005e   _RTOSINT_ISR
00000063   _EMUINT_ISR
00000068   _ILLEGAL_ISR
0000006d   _USER0_ISR
00000072   _USER1_ISR
00000077   _USER2_ISR
0000007c   _USER3_ISR
00000081   _USER4_ISR
00000086   _USER5_ISR
0000008b   _USER6_ISR
00000090   _USER7_ISR
00000095   _USER8_ISR
0000009a   _USER9_ISR
0000009f   _USER10_ISR
000000a4   _USER11_ISR
000000a9   _ADCINT_ISR
000000ae   _TINT0_ISR
000000b3   _WAKEINT_ISR
000000b8   _PDPINTA_ISR
000000bd   _CMP1INT_ISR
000000c2   _CMP2INT_ISR
000000c7   _CMP3INT_ISR
000000cc   _T1PINT_ISR
000000d1   _T1CINT_ISR
000000d6   _T1UFINT_ISR
000000db   _T1OFINT_ISR
000000e0   _T2PINT_ISR
000000e5   _T2CINT_ISR
000000ea   _T2UFINT_ISR
000000ef   _T2OFINT_ISR
000000f4   _CAPINT1_ISR
000000f9   _CAPINT2_ISR
000000fe   _CAPINT3_ISR
00000100   _ECanaMboxes
00000103   _PDPINTB_ISR
00000108   _CMP4INT_ISR
0000010d   _CMP5INT_ISR
00000112   _CMP6INT_ISR
00000117   _T3PINT_ISR
0000011c   _T3CINT_ISR
00000121   _T3UFINT_ISR
00000126   _T3OFINT_ISR
0000012b   _T4PINT_ISR
00000130   _T4CINT_ISR
00000135   _T4UFINT_ISR
0000013a   _T4OFINT_ISR
0000013f   _CAPINT4_ISR
00000144   _CAPINT5_ISR
00000149   _CAPINT6_ISR
0000014e   _MRINTA_ISR
00000153   _MXINTA_ISR
00000158   _SPIRXINTA_ISR
0000015d   _SPITXINTA_ISR
00000162   _SCIRXINTA_ISR
00000167   _SCITXINTA_ISR
0000016c   _SCIRXINTB_ISR
00000171   _SCITXINTB_ISR
00000176   _ECAN0INTA_ISR
0000017b   _ECAN1INTA_ISR
00000180   _PIE_RESERVED
00000185   _rsvd_ISR
0000018a   _InitGpio
00000198   _InitPeripherals
0000019d   _InitPieCtrl
000001be   _InitPieVectTable
000001de   _InitSpi
000001e9   _Spi_TxReady
000001f8   _Spi_RxReady
00000200   _DevEmuRegs
00000207   _InitSysCtrl
0000022f   _main
00000268   _WriteLED
00000280   etext
00000280   ___etext__
00000280   _PieVectTableInit
000002d6   _McbspaRegs
00000300   _ECanaRegs
00000334   _FlashRegs
00000340   _EvaRegs
00000372   _CpuTimer0Regs
00000380   cinit
00000380   ___cinit__
00000380   _EvbRegs
000003b2   _CpuTimer1Regs
000003c0   _SysCtrlRegs
000003e0   _XintfRegs
00000400   _GpioDataRegs
00000420   _GpioMuxRegs
00000440   _PieCtrl
0000045a   _AdcRegs
00000474   _CsmPwl
00000480   _a
00000482   _SpiCode
00000493   _ScibRegs
000004a3   _SciaRegs
000004b4   _CpuTimer2Regs
000004c0   _CsmRegs
000004d0   _SpiaRegs
000004e0   _XIntruptRegs
ffffffff   pinit
ffffffff   ___c_args__
ffffffff   ___pinit__
UNDEFED _c_int00
ffffffff   binit
ffffffff   ___binit__

[122 symbols]
