******************************************************************************
        TMS320C2000 COFF Linker PC v4.1.3                      
******************************************************************************
>> Linked Tue Dec 10 20:48:46 2013

OUTPUT FILE NAME:   <./Debug/PWM.out>
ENTRY POINT SYMBOL: "_c_int00"  address: 003f87b4


MEMORY CONFIGURATION

                  name            origin    length      used    attr    fill
         ----------------------  --------  ---------  --------  ----  --------
PAGE  0: RAMM0                   00000000   00000400  00000000  RWIX
         BEGIN                   003f8000   00000002  00000002  RWIX
         PRAMH0                  003f8002   00000ffe  0000088f  RWIX
         RESET                   003fffc0   00000002  00000000  RWIX

PAGE  1: RAMM1                   00000400   00000400  00000190  RWIX
         DEV_EMU                 00000880   00000180  000000d0  RWIX
         FLASH_REGS              00000a80   00000060  00000008  RWIX
         CSM                     00000ae0   00000010  00000010  RWIX
         XINTF                   00000b20   00000020  00000020  RWIX
         CPU_TIMER0              00000c00   00000008  00000008  RWIX
         CPU_TIMER1              00000c08   00000008  00000008  RWIX
         CPU_TIMER2              00000c10   00000008  00000008  RWIX
         PIE_CTRL                00000ce0   00000020  0000001a  RWIX
         PIE_VECT                00000d00   00000100  00000100  RWIX
         ECANA                   00006000   00000040  00000034  RWIX
         ECANA_LAM               00006040   00000040  00000040  RWIX
         ECANA_MOTS              00006080   00000040  00000040  RWIX
         ECANA_MOTO              000060c0   00000040  00000040  RWIX
         ECANA_MBOX              00006100   00000100  00000100  RWIX
         SYSTEM                  00007010   00000020  00000020  RWIX
         SPIA                    00007040   00000010  00000010  RWIX
         SCIA                    00007050   00000010  00000010  RWIX
         XINTRUPT                00007070   00000010  00000010  RWIX
         GPIOMUX                 000070c0   00000020  00000020  RWIX
         GPIODAT                 000070e0   00000020  00000020  RWIX
         ADC                     00007100   00000020  0000001a  RWIX
         EVA                     00007400   00000040  00000032  RWIX
         EVB                     00007500   00000040  00000032  RWIX
         SCIB                    00007750   00000010  00000010  RWIX
         MCBSPA                  00007800   00000040  00000025  RWIX
         CSM_PWL                 003f7ff8   00000008  00000008  RWIX
         DRAMH0                  003f9000   00001000  00000244  RWIX


SECTION ALLOCATION MAP

 output                                  attributes/
section   page    origin      length       input sections
--------  ----  ----------  ----------   ----------------
.switch    0    00000000    00000000     UNINITIALIZED

codestart 
*          0    003f8000    00000002     
                  003f8000    00000002     DSP281x_CodeStartBranch.obj (codestart)

.pinit     0    003f8002    00000000     UNINITIALIZED

.text      0    003f8002    0000085d     
                  003f8002    00000008     DSP281x_CodeStartBranch.obj (.text)
                  003f800a    0000014f     DSP281x_DefaultIsr.obj (.text)
                  003f8159    00000015     DSP281x_MemCopy.obj (.text)
                  003f816e    00000028     DSP281x_PieCtrl.obj (.text)
                  003f8196    00000020     DSP281x_PieVect.obj (.text)
                  003f81b6    0000008a     DSP281x_SysCtrl.obj (.text)
                  003f8240    00000118     Evmgr.obj (.text)
                  003f8358    00000136     main.obj (.text)
                  003f848e    00000326     srm.obj (.text)
                  003f87b4    00000044     rts2800_ml.lib : boot.obj (.text)
                  003f87f8    0000004a                    : exit.obj (.text)
                  003f8842    00000009                    : _lock.obj (.text)
                  003f884b    00000014                    : args_main.obj (.text)

ramfuncs   0    003f885f    00000019     
                  003f885f    00000019     DSP281x_SysCtrl.obj (ramfuncs)

.cinit     0    003f8878    00000019     
                  003f8878    0000000e     rts2800_ml.lib : exit.obj (.cinit)
                  003f8886    0000000a                    : _lock.obj (.cinit)
                  003f8890    00000001     --HOLE-- [fill = 0]

.reset     0    003fffc0    00000002     DSECT
                  003fffc0    00000002     rts2800_ml.lib : boot.obj (.reset)

.data      1    00000000    00000000     UNINITIALIZED

.bss       1    00000000    00000000     UNINITIALIZED

.stack     1    00000400    00000190     UNINITIALIZED

DevEmuRegsFile 
*          1    00000880    000000d0     UNINITIALIZED
                  00000880    000000d0     DSP281x_GlobalVariableDefs.obj (DevEmuRegsFile)

FlashRegsFile 
*          1    00000a80    00000008     UNINITIALIZED
                  00000a80    00000008     DSP281x_GlobalVariableDefs.obj (FlashRegsFile)

CsmRegsFile 
*          1    00000ae0    00000010     UNINITIALIZED
                  00000ae0    00000010     DSP281x_GlobalVariableDefs.obj (CsmRegsFile)

XintfRegsFile 
*          1    00000b20    00000020     UNINITIALIZED
                  00000b20    00000020     DSP281x_GlobalVariableDefs.obj (XintfRegsFile)

CpuTimer0RegsFile 
*          1    00000c00    00000008     UNINITIALIZED
                  00000c00    00000008     DSP281x_GlobalVariableDefs.obj (CpuTimer0RegsFile)

CpuTimer1RegsFile 
*          1    00000c08    00000008     UNINITIALIZED
                  00000c08    00000008     DSP281x_GlobalVariableDefs.obj (CpuTimer1RegsFile)

CpuTimer2RegsFile 
*          1    00000c10    00000008     UNINITIALIZED
                  00000c10    00000008     DSP281x_GlobalVariableDefs.obj (CpuTimer2RegsFile)

PieCtrlRegsFile 
*          1    00000ce0    0000001a     UNINITIALIZED
                  00000ce0    0000001a     DSP281x_GlobalVariableDefs.obj (PieCtrlRegsFile)

PieVectTableFile 
*          1    00000d00    00000100     UNINITIALIZED
                  00000d00    00000100     DSP281x_GlobalVariableDefs.obj (PieVectTableFile)

ECanaRegsFile 
*          1    00006000    00000034     UNINITIALIZED
                  00006000    00000034     DSP281x_GlobalVariableDefs.obj (ECanaRegsFile)

ECanaLAMRegsFile 
*          1    00006040    00000040     UNINITIALIZED
                  00006040    00000040     DSP281x_GlobalVariableDefs.obj (ECanaLAMRegsFile)

ECanaMOTSRegsFile 
*          1    00006080    00000040     UNINITIALIZED
                  00006080    00000040     DSP281x_GlobalVariableDefs.obj (ECanaMOTSRegsFile)

ECanaMOTORegsFile 
*          1    000060c0    00000040     UNINITIALIZED
                  000060c0    00000040     DSP281x_GlobalVariableDefs.obj (ECanaMOTORegsFile)

ECanaMboxesFile 
*          1    00006100    00000100     UNINITIALIZED
                  00006100    00000100     DSP281x_GlobalVariableDefs.obj (ECanaMboxesFile)

SysCtrlRegsFile 
*          1    00007010    00000020     UNINITIALIZED
                  00007010    00000020     DSP281x_GlobalVariableDefs.obj (SysCtrlRegsFile)

SpiaRegsFile 
*          1    00007040    00000010     UNINITIALIZED
                  00007040    00000010     DSP281x_GlobalVariableDefs.obj (SpiaRegsFile)

SciaRegsFile 
*          1    00007050    00000010     UNINITIALIZED
                  00007050    00000010     DSP281x_GlobalVariableDefs.obj (SciaRegsFile)

XIntruptRegsFile 
*          1    00007070    00000010     UNINITIALIZED
                  00007070    00000010     DSP281x_GlobalVariableDefs.obj (XIntruptRegsFile)

GpioMuxRegsFile 
*          1    000070c0    00000020     UNINITIALIZED
                  000070c0    00000020     DSP281x_GlobalVariableDefs.obj (GpioMuxRegsFile)

GpioDataRegsFile 
*          1    000070e0    00000020     UNINITIALIZED
                  000070e0    00000020     DSP281x_GlobalVariableDefs.obj (GpioDataRegsFile)

AdcRegsFile 
*          1    00007100    0000001a     UNINITIALIZED
                  00007100    0000001a     DSP281x_GlobalVariableDefs.obj (AdcRegsFile)

EvaRegsFile 
*          1    00007400    00000032     UNINITIALIZED
                  00007400    00000032     DSP281x_GlobalVariableDefs.obj (EvaRegsFile)

EvbRegsFile 
*          1    00007500    00000032     UNINITIALIZED
                  00007500    00000032     DSP281x_GlobalVariableDefs.obj (EvbRegsFile)

ScibRegsFile 
*          1    00007750    00000010     UNINITIALIZED
                  00007750    00000010     DSP281x_GlobalVariableDefs.obj (ScibRegsFile)

McbspaRegsFile 
*          1    00007800    00000025     UNINITIALIZED
                  00007800    00000025     DSP281x_GlobalVariableDefs.obj (McbspaRegsFile)

CsmPwlFile 
*          1    003f7ff8    00000008     UNINITIALIZED
                  003f7ff8    00000008     DSP281x_GlobalVariableDefs.obj (CsmPwlFile)

.esysmem   1    003f9000    00000000     UNINITIALIZED

.ebss      1    003f9000    00000144     UNINITIALIZED
                  003f9000    000000c0     main.obj (.ebss)
                  003f90c0    00000080     rts2800_ml.lib : exit.obj (.ebss)
                  003f9140    00000004                    : _lock.obj (.ebss)

.econst    1    003f9144    00000100     
                  003f9144    00000100     DSP281x_PieVect.obj (.econst)


GLOBAL SYMBOLS: SORTED ALPHABETICALLY BY Name 

address    name
--------   ----
00000000   .bss
00000000   .data
003f8002   .text
003f881e   C$$EXIT
003f807d   _ADCINT_ISR
003f8388   _AdcInt_ISR
00007100   _AdcRegs
003f80c3   _CAPINT1_ISR
003f80c8   _CAPINT2_ISR
003f80cd   _CAPINT3_ISR
003f8109   _CAPINT4_ISR
003f810e   _CAPINT5_ISR
003f8113   _CAPINT6_ISR
003f808c   _CMP1INT_ISR
003f8091   _CMP2INT_ISR
003f8096   _CMP3INT_ISR
003f80d2   _CMP4INT_ISR
003f80d7   _CMP5INT_ISR
003f80dc   _CMP6INT_ISR
003f855f   _Commutation_Algorithm
00000c00   _CpuTimer0Regs
00000c08   _CpuTimer1Regs
00000c10   _CpuTimer2Regs
003f7ff8   _CsmPwl
00000ae0   _CsmRegs
003f820f   _CsmUnlock
003f8014   _DATALOG_ISR
00000880   _DevEmuRegs
003f81c8   _DisableDog
003f8140   _ECAN0INTA_ISR
003f8145   _ECAN1INTA_ISR
00006040   _ECanaLAMRegs
000060c0   _ECanaMOTORegs
00006080   _ECanaMOTSRegs
00006100   _ECanaMboxes
00006000   _ECanaRegs
003f814a   _EMPTY_ISR
003f801e   _EMUINT_ISR
003f818d   _EnableInterrupts
00007400   _EvaRegs
003f83d9   _EvbCAPISR_INT
00007500   _EvbRegs
00000a80   _FlashRegs
000070e0   _GpioDataRegs
000070c0   _GpioMuxRegs
003f8028   _ILLEGAL_ISR
003f800a   _INT13_ISR
003f800f   _INT14_ISR
003f885f   _InitFlash
003f81f5   _InitPeripheralClocks
003f816e   _InitPieCtrl
003f8196   _InitPieVectTable
003f81da   _InitPll
003f81b6   _InitSysCtrl
003f81d0   _KickDog
003f9006   _LEDvalue
003f8122   _MRINTA_ISR
003f8127   _MXINTA_ISR
00007800   _McbspaRegs
003f8159   _MemCopy
003f9005   _Msmt_Update
003f84cb   _Msmt_Update_Position
003f850c   _Msmt_Update_Velocity
003f8023   _NMI_ISR
003f8069   _PDPINTA_ISR
003f806e   _PDPINTB_ISR
003f814f   _PIE_RESERVED
00000ce0   _PieCtrlRegs
00000d00   _PieVectTable
003f9144   _PieVectTableInit
003f8019   _RTOSINT_ISR
003f812c   _SCIRXINTA_ISR
003f8136   _SCIRXINTB_ISR
003f8131   _SCITXINTA_ISR
003f813b   _SCITXINTB_ISR
003f8118   _SPIRXINTA_ISR
003f811d   _SPITXINTA_ISR
003f9040   _SRM
00007050   _SciaRegs
00007750   _ScibRegs
00007040   _SpiaRegs
00007010   _SysCtrlRegs
003f80a0   _T1CINT_ISR
003f80aa   _T1OFINT_ISR
003f809b   _T1PINT_ISR
003f80a5   _T1UFINT_ISR
003f80b4   _T2CINT_ISR
003f80be   _T2OFINT_ISR
003f80af   _T2PINT_ISR
003f80b9   _T2UFINT_ISR
003f80e6   _T3CINT_ISR
003f80f0   _T3OFINT_ISR
003f80e1   _T3PINT_ISR
003f80eb   _T3UFINT_ISR
003f80fa   _T4CINT_ISR
003f8104   _T4OFINT_ISR
003f80f5   _T4PINT_ISR
003f80ff   _T4UFINT_ISR
003f8082   _TINT0_ISR
003f848e   _Time_Update_Position
003f9004   _Toggle_LED
003f805a   _USER10_ISR
003f805f   _USER11_ISR
003f8064   _USER12_ISR
003f802d   _USER1_ISR
003f8032   _USER2_ISR
003f8037   _USER3_ISR
003f803c   _USER4_ISR
003f8041   _USER5_ISR
003f8046   _USER6_ISR
003f804b   _USER7_ISR
003f8050   _USER8_ISR
003f8055   _USER9_ISR
003f9001   _Update_Velocity
003f8087   _WAKEINT_ISR
003f8073   _XINT1_ISR
003f8078   _XINT2_ISR
00007070   _XIntruptRegs
00000b20   _XintfRegs
00000190   __STACK_SIZE
ffffffff   ___binit__
00000000   ___bss__
ffffffff   ___c_args__
003f8878   ___cinit__
00000000   ___data__
00000000   ___edata__
00000000   ___end__
003f885f   ___etext__
ffffffff   ___pinit__
003f8002   ___text__
003f884b   __args_main
003f90c4   __cleanup_ptr
003f90c2   __dtors_ptr
003f9142   __lock
003f8842   __nop
003f8843   __register_lock
003f8847   __register_unlock
003f9140   __unlock
003f8841   _abort
003f8820   _atexit
003f87b4   _c_int00
003f846e   _check_for_stall
003f9000   _count
003f8608   _currentController
003f846a   _enable_interrupts
003f8240   _eventmgr_init
003f87f8   _exit
003f8679   _initializeSRM
003f845f   _initialize_counters_and_flags
003f8358   _main
003f9002   _old_count
003f82fe   _read_a2d
003f832d   _read_fifo
003f8154   _rsvd_ISR
003f9003   _slice
003f8367   _start_background
003f8310   _switch_lowside
003f82f9   _switch_mux
003f85d6   _velocityController
ffffffff   binit
003f8878   cinit
00000000   edata
00000000   end
003f885f   etext
ffffffff   pinit


GLOBAL SYMBOLS: SORTED BY Symbol Address 

address    name
--------   ----
00000000   ___end__
00000000   edata
00000000   ___edata__
00000000   ___bss__
00000000   ___data__
00000000   .data
00000000   end
00000000   .bss
00000190   __STACK_SIZE
00000880   _DevEmuRegs
00000a80   _FlashRegs
00000ae0   _CsmRegs
00000b20   _XintfRegs
00000c00   _CpuTimer0Regs
00000c08   _CpuTimer1Regs
00000c10   _CpuTimer2Regs
00000ce0   _PieCtrlRegs
00000d00   _PieVectTable
00006000   _ECanaRegs
00006040   _ECanaLAMRegs
00006080   _ECanaMOTSRegs
000060c0   _ECanaMOTORegs
00006100   _ECanaMboxes
00007010   _SysCtrlRegs
00007040   _SpiaRegs
00007050   _SciaRegs
00007070   _XIntruptRegs
000070c0   _GpioMuxRegs
000070e0   _GpioDataRegs
00007100   _AdcRegs
00007400   _EvaRegs
00007500   _EvbRegs
00007750   _ScibRegs
00007800   _McbspaRegs
003f7ff8   _CsmPwl
003f8002   .text
003f8002   ___text__
003f800a   _INT13_ISR
003f800f   _INT14_ISR
003f8014   _DATALOG_ISR
003f8019   _RTOSINT_ISR
003f801e   _EMUINT_ISR
003f8023   _NMI_ISR
003f8028   _ILLEGAL_ISR
003f802d   _USER1_ISR
003f8032   _USER2_ISR
003f8037   _USER3_ISR
003f803c   _USER4_ISR
003f8041   _USER5_ISR
003f8046   _USER6_ISR
003f804b   _USER7_ISR
003f8050   _USER8_ISR
003f8055   _USER9_ISR
003f805a   _USER10_ISR
003f805f   _USER11_ISR
003f8064   _USER12_ISR
003f8069   _PDPINTA_ISR
003f806e   _PDPINTB_ISR
003f8073   _XINT1_ISR
003f8078   _XINT2_ISR
003f807d   _ADCINT_ISR
003f8082   _TINT0_ISR
003f8087   _WAKEINT_ISR
003f808c   _CMP1INT_ISR
003f8091   _CMP2INT_ISR
003f8096   _CMP3INT_ISR
003f809b   _T1PINT_ISR
003f80a0   _T1CINT_ISR
003f80a5   _T1UFINT_ISR
003f80aa   _T1OFINT_ISR
003f80af   _T2PINT_ISR
003f80b4   _T2CINT_ISR
003f80b9   _T2UFINT_ISR
003f80be   _T2OFINT_ISR
003f80c3   _CAPINT1_ISR
003f80c8   _CAPINT2_ISR
003f80cd   _CAPINT3_ISR
003f80d2   _CMP4INT_ISR
003f80d7   _CMP5INT_ISR
003f80dc   _CMP6INT_ISR
003f80e1   _T3PINT_ISR
003f80e6   _T3CINT_ISR
003f80eb   _T3UFINT_ISR
003f80f0   _T3OFINT_ISR
003f80f5   _T4PINT_ISR
003f80fa   _T4CINT_ISR
003f80ff   _T4UFINT_ISR
003f8104   _T4OFINT_ISR
003f8109   _CAPINT4_ISR
003f810e   _CAPINT5_ISR
003f8113   _CAPINT6_ISR
003f8118   _SPIRXINTA_ISR
003f811d   _SPITXINTA_ISR
003f8122   _MRINTA_ISR
003f8127   _MXINTA_ISR
003f812c   _SCIRXINTA_ISR
003f8131   _SCITXINTA_ISR
003f8136   _SCIRXINTB_ISR
003f813b   _SCITXINTB_ISR
003f8140   _ECAN0INTA_ISR
003f8145   _ECAN1INTA_ISR
003f814a   _EMPTY_ISR
003f814f   _PIE_RESERVED
003f8154   _rsvd_ISR
003f8159   _MemCopy
003f816e   _InitPieCtrl
003f818d   _EnableInterrupts
003f8196   _InitPieVectTable
003f81b6   _InitSysCtrl
003f81c8   _DisableDog
003f81d0   _KickDog
003f81da   _InitPll
003f81f5   _InitPeripheralClocks
003f820f   _CsmUnlock
003f8240   _eventmgr_init
003f82f9   _switch_mux
003f82fe   _read_a2d
003f8310   _switch_lowside
003f832d   _read_fifo
003f8358   _main
003f8367   _start_background
003f8388   _AdcInt_ISR
003f83d9   _EvbCAPISR_INT
003f845f   _initialize_counters_and_flags
003f846a   _enable_interrupts
003f846e   _check_for_stall
003f848e   _Time_Update_Position
003f84cb   _Msmt_Update_Position
003f850c   _Msmt_Update_Velocity
003f855f   _Commutation_Algorithm
003f85d6   _velocityController
003f8608   _currentController
003f8679   _initializeSRM
003f87b4   _c_int00
003f87f8   _exit
003f881e   C$$EXIT
003f8820   _atexit
003f8841   _abort
003f8842   __nop
003f8843   __register_lock
003f8847   __register_unlock
003f884b   __args_main
003f885f   etext
003f885f   ___etext__
003f885f   _InitFlash
003f8878   cinit
003f8878   ___cinit__
003f9000   _count
003f9001   _Update_Velocity
003f9002   _old_count
003f9003   _slice
003f9004   _Toggle_LED
003f9005   _Msmt_Update
003f9006   _LEDvalue
003f9040   _SRM
003f90c2   __dtors_ptr
003f90c4   __cleanup_ptr
003f9140   __unlock
003f9142   __lock
003f9144   _PieVectTableInit
ffffffff   pinit
ffffffff   ___c_args__
ffffffff   ___binit__
ffffffff   binit
ffffffff   ___pinit__

[165 symbols]
