******************************************************************************
             TMS320C2000 Linker PC v6.2.7                      
******************************************************************************
>> Linked Mon Dec 22 13:04:17 2014

OUTPUT FILE NAME:   <Gfl1i-n1.out>
ENTRY POINT SYMBOL: "_c_int00"  address: 003d8993


MEMORY CONFIGURATION

         name            origin    length      used     unused   attr    fill
----------------------  --------  ---------  --------  --------  ----  --------
PAGE 0:
  RAML0                 00008000   00001000  00000019  00000fe7  RWIX
  FLASH                 003d8000   0001ff80  00000c5d  0001f323  RWIX
  BEGIN                 003f7ff6   00000002  00000002  00000000  RWIX
  ROM                   003ff000   00000fc0  00000000  00000fc0  RWIX
  RESET                 003fffc0   00000002  00000000  00000002  RWIX
  VECTORS               003fffc2   0000003e  00000000  0000003e  RWIX

PAGE 1:
  RAMM0                 00000000   00000400  00000190  00000270  RWIX
  RAMM1                 00000400   00000400  00000000  00000400  RWIX
  DEV_EMU               00000880   00000180  000000d0  000000b0  RWIX
  FLASH_REGS            00000a80   00000060  00000008  00000058  RWIX
  CSM                   00000ae0   00000010  00000010  00000000  RWIX
  XINTF                 00000b20   00000020  00000020  00000000  RWIX
  CPU_TIMER0            00000c00   00000008  00000008  00000000  RWIX
  CPU_TIMER1            00000c08   00000008  00000008  00000000  RWIX
  CPU_TIMER2            00000c10   00000008  00000008  00000000  RWIX
  PIE_CTRL              00000ce0   00000020  0000001a  00000006  RWIX
  PIE_VECT              00000d00   00000100  00000100  00000000  RWIX
  ECANA                 00006000   00000040  00000034  0000000c  RWIX
  ECANA_LAM             00006040   00000040  00000040  00000000  RWIX
  ECANA_MOTS            00006080   00000040  00000040  00000000  RWIX
  ECANA_MOTO            000060c0   00000040  00000040  00000000  RWIX
  ECANA_MBOX            00006100   00000100  00000100  00000000  RWIX
  SYSTEM                00007010   00000020  00000020  00000000  RWIX
  SPIA                  00007040   00000010  00000010  00000000  RWIX
  SCIA                  00007050   00000010  00000010  00000000  RWIX
  XINTRUPT              00007070   00000010  00000010  00000000  RWIX
  GPIOMUX               000070c0   00000020  00000020  00000000  RWIX
  GPIODAT               000070e0   00000020  00000020  00000000  RWIX
  ADC                   00007100   00000020  0000001a  00000006  RWIX
  EVA                   00007400   00000040  00000032  0000000e  RWIX
  EVB                   00007500   00000040  00000032  0000000e  RWIX
  SCIB                  00007750   00000010  00000010  00000000  RWIX
  MCBSPA                00007800   00000040  00000025  0000001b  RWIX
  RAML1                 00009000   00001000  00000180  00000e80  RWIX
  CSM_PWL               003f7ff8   00000008  00000008  00000000  RWIX
  RAMH0                 003f8000   00002000  00000000  00002000  RWIX


SECTION ALLOCATION MAP

 output                                  attributes/
section   page    origin      length       input sections
--------  ----  ----------  ----------   ----------------
.text      0    003d8000    00000b04     
                  003d8000    000003be     Gfl1i-n.obj (.text)
                  003d83be    00000209     Gfl1i-n.obj (.text:retain)
                  003d85c7    0000015c     DSP281x_DefaultIsr.obj (.text:retain)
                  003d8723    0000009e     DSP281x_SysCtrl.obj (.text)
                  003d87c1    0000007a     DSP281x_Adc.obj (.text)
                  003d883b    0000005c     DSP281x_Ev.obj (.text)
                  003d8897    0000005a     rts2800_ml.lib : fs_mpy.obj (.text)
                  003d88f1    00000058     DSP281x_Gpio.obj (.text)
                  003d8949    0000004a     rts2800_ml.lib : exit.obj (.text)
                  003d8993    00000044                    : boot.obj (.text)
                  003d89d7    00000036     DSP281x_Sci.obj (.text)
                  003d8a0d    0000002a     rts2800_ml.lib : l_div.obj (.text)
                  003d8a37    00000029                    : fs_tol.obj (.text)
                  003d8a60    00000028     DSP281x_PieCtrl.obj (.text)
                  003d8a88    00000022     rts2800_ml.lib : i_div.obj (.text)
                  003d8aaa    00000020     DSP281x_PieVect.obj (.text)
                  003d8aca    00000015     DSP281x_MemCopy.obj (.text)
                  003d8adf    00000014     rts2800_ml.lib : args_main.obj (.text)
                  003d8af3    00000009                    : _lock.obj (.text)
                  003d8afc    00000008     DSP281x_CodeStartBranch.obj (.text)

ramfuncs   0    003d8b04    00000019     RUN ADDR = 00008000
                  003d8b04    00000019     DSP281x_SysCtrl.obj (ramfuncs)

.econst    0    003d8b1e    00000100     
                  003d8b1e    00000100     DSP281x_PieVect.obj (.econst)

.cinit     0    003d8c1e    00000040     
                  003d8c1e    00000026     Gfl1i-n.obj (.cinit)
                  003d8c44    0000000e     rts2800_ml.lib : exit.obj (.cinit)
                  003d8c52    0000000a                    : _lock.obj (.cinit)
                  003d8c5c    00000002     --HOLE-- [fill = 0]

codestart 
*          0    003f7ff6    00000002     
                  003f7ff6    00000002     DSP281x_CodeStartBranch.obj (codestart)

.reset     0    003fffc0    00000002     DSECT
                  003fffc0    00000002     rts2800_ml.lib : boot.obj (.reset)

vectors    0    003fffc2    00000000     DSECT

.stack     1    00000000    00000190     UNINITIALIZED
                  00000000    00000190     --HOLE--

DevEmuRegsFile 
*          1    00000880    000000d0     UNINITIALIZED
                  00000880    000000d0     DSP281x_GlobalVariableDefs.obj (DevEmuRegsFile)

FlashRegsFile 
*          1    00000a80    00000008     UNINITIALIZED
                  00000a80    00000008     DSP281x_GlobalVariableDefs.obj (FlashRegsFile)

CsmRegsFile 
*          1    00000ae0    00000010     UNINITIALIZED
                  00000ae0    00000010     DSP281x_GlobalVariableDefs.obj (CsmRegsFile)

XintfRegsFile 
*          1    00000b20    00000020     UNINITIALIZED
                  00000b20    00000020     DSP281x_GlobalVariableDefs.obj (XintfRegsFile)

CpuTimer0RegsFile 
*          1    00000c00    00000008     UNINITIALIZED
                  00000c00    00000008     DSP281x_GlobalVariableDefs.obj (CpuTimer0RegsFile)

CpuTimer1RegsFile 
*          1    00000c08    00000008     UNINITIALIZED
                  00000c08    00000008     DSP281x_GlobalVariableDefs.obj (CpuTimer1RegsFile)

CpuTimer2RegsFile 
*          1    00000c10    00000008     UNINITIALIZED
                  00000c10    00000008     DSP281x_GlobalVariableDefs.obj (CpuTimer2RegsFile)

PieCtrlRegsFile 
*          1    00000ce0    0000001a     UNINITIALIZED
                  00000ce0    0000001a     DSP281x_GlobalVariableDefs.obj (PieCtrlRegsFile)

PieVectTableFile 
*          1    00000d00    00000100     UNINITIALIZED
                  00000d00    00000100     DSP281x_GlobalVariableDefs.obj (PieVectTableFile)

ECanaRegsFile 
*          1    00006000    00000034     UNINITIALIZED
                  00006000    00000034     DSP281x_GlobalVariableDefs.obj (ECanaRegsFile)

ECanaLAMRegsFile 
*          1    00006040    00000040     UNINITIALIZED
                  00006040    00000040     DSP281x_GlobalVariableDefs.obj (ECanaLAMRegsFile)

ECanaMOTSRegsFile 
*          1    00006080    00000040     UNINITIALIZED
                  00006080    00000040     DSP281x_GlobalVariableDefs.obj (ECanaMOTSRegsFile)

ECanaMOTORegsFile 
*          1    000060c0    00000040     UNINITIALIZED
                  000060c0    00000040     DSP281x_GlobalVariableDefs.obj (ECanaMOTORegsFile)

ECanaMboxesFile 
*          1    00006100    00000100     UNINITIALIZED
                  00006100    00000100     DSP281x_GlobalVariableDefs.obj (ECanaMboxesFile)

SysCtrlRegsFile 
*          1    00007010    00000020     UNINITIALIZED
                  00007010    00000020     DSP281x_GlobalVariableDefs.obj (SysCtrlRegsFile)

SpiaRegsFile 
*          1    00007040    00000010     UNINITIALIZED
                  00007040    00000010     DSP281x_GlobalVariableDefs.obj (SpiaRegsFile)

SciaRegsFile 
*          1    00007050    00000010     UNINITIALIZED
                  00007050    00000010     DSP281x_GlobalVariableDefs.obj (SciaRegsFile)

XIntruptRegsFile 
*          1    00007070    00000010     UNINITIALIZED
                  00007070    00000010     DSP281x_GlobalVariableDefs.obj (XIntruptRegsFile)

GpioMuxRegsFile 
*          1    000070c0    00000020     UNINITIALIZED
                  000070c0    00000020     DSP281x_GlobalVariableDefs.obj (GpioMuxRegsFile)

GpioDataRegsFile 
*          1    000070e0    00000020     UNINITIALIZED
                  000070e0    00000020     DSP281x_GlobalVariableDefs.obj (GpioDataRegsFile)

AdcRegsFile 
*          1    00007100    0000001a     UNINITIALIZED
                  00007100    0000001a     DSP281x_GlobalVariableDefs.obj (AdcRegsFile)

EvaRegsFile 
*          1    00007400    00000032     UNINITIALIZED
                  00007400    00000032     DSP281x_GlobalVariableDefs.obj (EvaRegsFile)

EvbRegsFile 
*          1    00007500    00000032     UNINITIALIZED
                  00007500    00000032     DSP281x_GlobalVariableDefs.obj (EvbRegsFile)

ScibRegsFile 
*          1    00007750    00000010     UNINITIALIZED
                  00007750    00000010     DSP281x_GlobalVariableDefs.obj (ScibRegsFile)

McbspaRegsFile 
*          1    00007800    00000025     UNINITIALIZED
                  00007800    00000025     DSP281x_GlobalVariableDefs.obj (McbspaRegsFile)

.bss       1    00009000    00000000     UNINITIALIZED

.ebss      1    00009000    00000180     UNINITIALIZED
                  00009000    000000c4     Gfl1i-n.obj (.ebss)
                  000090c4    00000018     DSP281x_CpuTimers.obj (.ebss)
                  000090dc    00000004     rts2800_ml.lib : _lock.obj (.ebss)
                  000090e0    00000020     --HOLE--
                  00009100    00000080                    : exit.obj (.ebss)

CsmPwlFile 
*          1    003f7ff8    00000008     UNINITIALIZED
                  003f7ff8    00000008     DSP281x_GlobalVariableDefs.obj (CsmPwlFile)


GLOBAL DATA SYMBOLS: SORTED BY DATA PAGE

address     data page           name
--------    ----------------    ----
00000880      22 (00000880)     _DevEmuRegs

00000a80      2a (00000a80)     _FlashRegs

00000ae0      2b (00000ac0)     _CsmRegs

00000b20      2c (00000b00)     _XintfRegs

00000c00      30 (00000c00)     _CpuTimer0Regs
00000c08      30 (00000c00)     _CpuTimer1Regs
00000c10      30 (00000c00)     _CpuTimer2Regs

00000ce0      33 (00000cc0)     _PieCtrlRegs

00000d00      34 (00000d00)     _PieVectTable

00006000     180 (00006000)     _ECanaRegs

00006040     181 (00006040)     _ECanaLAMRegs

00006080     182 (00006080)     _ECanaMOTSRegs

000060c0     183 (000060c0)     _ECanaMOTORegs

00006100     184 (00006100)     _ECanaMboxes

00007010     1c0 (00007000)     _SysCtrlRegs

00007040     1c1 (00007040)     _SpiaRegs
00007050     1c1 (00007040)     _SciaRegs
00007070     1c1 (00007040)     _XIntruptRegs

000070c0     1c3 (000070c0)     _GpioMuxRegs
000070e0     1c3 (000070c0)     _GpioDataRegs

00007100     1c4 (00007100)     _AdcRegs

00007400     1d0 (00007400)     _EvaRegs

00007500     1d4 (00007500)     _EvbRegs

00007750     1dd (00007740)     _ScibRegs

00007800     1e0 (00007800)     _McbspaRegs

00009000     240 (00009000)     _slice
00009001     240 (00009000)     _old_count
00009002     240 (00009000)     _count
00009003     240 (00009000)     _CapCount
00009004     240 (00009000)     _SpeedPiFlag
00009005     240 (00009000)     _SpeedFlag
00009006     240 (00009000)     _Update_Velocity
00009007     240 (00009000)     _LEDvalue
00009008     240 (00009000)     _simu6count
00009009     240 (00009000)     _i
0000900a     240 (00009000)     _SCiRxData
0000900b     240 (00009000)     _StartFlag
0000900c     240 (00009000)     _iDes
0000900e     240 (00009000)     _speed_error
00009010     240 (00009000)     _adclo
00009012     240 (00009000)     _simu6pos

00009040     241 (00009040)     _SRM

000090c4     243 (000090c0)     _CpuTimer1
000090cc     243 (000090c0)     _CpuTimer2
000090d4     243 (000090c0)     _CpuTimer0
000090dc     243 (000090c0)     __unlock
000090de     243 (000090c0)     __lock

00009102     244 (00009100)     __dtors_ptr
00009104     244 (00009100)     __cleanup_ptr

003d8b1e    f62c (003d8b00)     _PieVectTableInit

003f7ff8    fdff (003f7fc0)     _CsmPwl


GLOBAL SYMBOLS: SORTED ALPHABETICALLY BY Name 

address    name
--------   ----
00009000   .bss
003d8000   .text
003d896f   C$$EXIT
003d8897   FS$$MPY
003d8a37   FS$$TOL
003d8a88   I$$DIV
003d8a99   I$$MOD
003d8a0d   L$$DIV
003d8a1c   L$$MOD
003d8a2a   UL$$DIV
003d8a31   UL$$MOD
003d863a   _ADCINT_ISR
00007100   _AdcRegs
003d8680   _CAPINT1_ISR
003d8685   _CAPINT2_ISR
003d868a   _CAPINT3_ISR
003d86c6   _CAPINT4_ISR
003d86cb   _CAPINT5_ISR
003d86d0   _CAPINT6_ISR
003d8649   _CMP1INT_ISR
003d864e   _CMP2INT_ISR
003d8653   _CMP3INT_ISR
003d868f   _CMP4INT_ISR
003d8694   _CMP5INT_ISR
003d8699   _CMP6INT_ISR
00009003   _CapCount
003d8313   _Commutation_Algorithm
000090d4   _CpuTimer0
00000c00   _CpuTimer0Regs
000090c4   _CpuTimer1
00000c08   _CpuTimer1Regs
000090cc   _CpuTimer2
00000c10   _CpuTimer2Regs
003f7ff8   _CsmPwl
00000ae0   _CsmRegs
003d8790   _CsmUnlock
003d85d1   _DATALOG_ISR
00000880   _DevEmuRegs
003d8745   _DisableDog
003d870a   _ECAN0INTA_ISR
003d870f   _ECAN1INTA_ISR
00006040   _ECanaLAMRegs
000060c0   _ECanaMOTORegs
00006080   _ECanaMOTSRegs
00006100   _ECanaMboxes
00006000   _ECanaRegs
003d8714   _EMPTY_ISR
003d85db   _EMUINT_ISR
003d8a7f   _EnableInterrupts
00007400   _EvaRegs
003d8486   _EvbCAP4ISR_INT
003d84f5   _EvbCAP5ISR_INT
003d855e   _EvbCAP6ISR_INT
00007500   _EvbRegs
00000a80   _FlashRegs
000070e0   _GpioDataRegs
000070c0   _GpioMuxRegs
003d85e5   _ILLEGAL_ISR
003d85c7   _INT13_ISR
003d85cc   _INT14_ISR
003d87c1   _InitAdc
003d883b   _InitEv
00008000   _InitFlash
003d88f1   _InitGpio
003d8776   _InitPeripheralClocks
003d8a60   _InitPieCtrl
003d8aaa   _InitPieVectTable
003d8757   _InitPll
003d89d7   _InitSci
003d8723   _InitSysCtrl
003d874d   _KickDog
00009007   _LEDvalue
003d86df   _MRINTA_ISR
003d86e4   _MXINTA_ISR
00007800   _McbspaRegs
003d8aca   _MemCopy
003d8236   _Msmt_Update_Velocity
003d85e0   _NMI_ISR
003d8626   _PDPINTA_ISR
003d862b   _PDPINTB_ISR
003d8719   _PIE_RESERVED
00000ce0   _PieCtrlRegs
00000d00   _PieVectTable
003d8b1e   _PieVectTableInit
003d85d6   _RTOSINT_ISR
003d8b1d   _RamfuncsLoadEnd
003d8b04   _RamfuncsLoadStart
00008000   _RamfuncsRunStart
003d86e9   _SCIRXINTA_ISR
003d8700   _SCIRXINTB_ISR
003d86fb   _SCITXINTA_ISR
003d8705   _SCITXINTB_ISR
0000900a   _SCiRxData
003d86d5   _SPIRXINTA_ISR
003d86da   _SPITXINTA_ISR
00009040   _SRM
00007050   _SciaRegs
003d89fe   _SciaRx_Ready
003d89ef   _SciaTx_Ready
00007750   _ScibRegs
00009005   _SpeedFlag
00009004   _SpeedPiFlag
00007040   _SpiaRegs
0000900b   _StartFlag
00007010   _SysCtrlRegs
003d865d   _T1CINT_ISR
003d8667   _T1OFINT_ISR
003d8658   _T1PINT_ISR
003d8662   _T1UFINT_ISR
003d8671   _T2CINT_ISR
003d867b   _T2OFINT_ISR
003d866c   _T2PINT_ISR
003d8676   _T2UFINT_ISR
003d86a3   _T3CINT_ISR
003d86ad   _T3OFINT_ISR
003d869e   _T3PINT_ISR
003d86a8   _T3UFINT_ISR
003d86b7   _T4CINT_ISR
003d86c1   _T4OFINT_ISR
003d86b2   _T4PINT_ISR
003d86bc   _T4UFINT_ISR
003d863f   _TINT0_ISR
003d82e1   _Time_Update_Position
003d8617   _USER10_ISR
003d861c   _USER11_ISR
003d8621   _USER12_ISR
003d85ea   _USER1_ISR
003d85ef   _USER2_ISR
003d85f4   _USER3_ISR
003d85f9   _USER4_ISR
003d85fe   _USER5_ISR
003d8603   _USER6_ISR
003d8608   _USER7_ISR
003d860d   _USER8_ISR
003d8612   _USER9_ISR
00009006   _Update_Velocity
003d8644   _WAKEINT_ISR
003d8630   _XINT1_ISR
003d8635   _XINT2_ISR
00007070   _XIntruptRegs
00000b20   _XintfRegs
00000190   __STACK_END
00000190   __STACK_SIZE
ffffffff   ___binit__
00009000   ___bss__
ffffffff   ___c_args__
003d8c1e   ___cinit__
00009000   ___end__
003d8b04   ___etext__
ffffffff   ___pinit__
003d8000   ___text__
003d8adf   __args_main
00009104   __cleanup_ptr
00009102   __dtors_ptr
000090de   __lock
003d8af3   __nop
003d8af4   __register_lock
003d8af8   __register_unlock
000090dc   __unlock
003d8992   _abort
003d83be   _ad
00009010   _adclo
003d8971   _atexit
003d8993   _c_int00
00009002   _count
003d8290   _currentController
003d8949   _exit
00009009   _i
0000900c   _iDes
003d8102   _initializeSRM
003d8000   _main
00009001   _old_count
003d871e   _rsvd_ISR
00009008   _simu6count
00009012   _simu6pos
00009000   _slice
0000900e   _speed_error
003d838e   _switch_lowside
ffffffff   binit
003d8c1e   cinit
00009000   end
003d8b04   etext
ffffffff   pinit


GLOBAL SYMBOLS: SORTED BY Symbol Address 

address    name
--------   ----
00000190   __STACK_END
00000190   __STACK_SIZE
00000880   _DevEmuRegs
00000a80   _FlashRegs
00000ae0   _CsmRegs
00000b20   _XintfRegs
00000c00   _CpuTimer0Regs
00000c08   _CpuTimer1Regs
00000c10   _CpuTimer2Regs
00000ce0   _PieCtrlRegs
00000d00   _PieVectTable
00006000   _ECanaRegs
00006040   _ECanaLAMRegs
00006080   _ECanaMOTSRegs
000060c0   _ECanaMOTORegs
00006100   _ECanaMboxes
00007010   _SysCtrlRegs
00007040   _SpiaRegs
00007050   _SciaRegs
00007070   _XIntruptRegs
000070c0   _GpioMuxRegs
000070e0   _GpioDataRegs
00007100   _AdcRegs
00007400   _EvaRegs
00007500   _EvbRegs
00007750   _ScibRegs
00007800   _McbspaRegs
00008000   _InitFlash
00008000   _RamfuncsRunStart
00009000   .bss
00009000   ___bss__
00009000   ___end__
00009000   _slice
00009000   end
00009001   _old_count
00009002   _count
00009003   _CapCount
00009004   _SpeedPiFlag
00009005   _SpeedFlag
00009006   _Update_Velocity
00009007   _LEDvalue
00009008   _simu6count
00009009   _i
0000900a   _SCiRxData
0000900b   _StartFlag
0000900c   _iDes
0000900e   _speed_error
00009010   _adclo
00009012   _simu6pos
00009040   _SRM
000090c4   _CpuTimer1
000090cc   _CpuTimer2
000090d4   _CpuTimer0
000090dc   __unlock
000090de   __lock
00009102   __dtors_ptr
00009104   __cleanup_ptr
003d8000   .text
003d8000   ___text__
003d8000   _main
003d8102   _initializeSRM
003d8236   _Msmt_Update_Velocity
003d8290   _currentController
003d82e1   _Time_Update_Position
003d8313   _Commutation_Algorithm
003d838e   _switch_lowside
003d83be   _ad
003d8486   _EvbCAP4ISR_INT
003d84f5   _EvbCAP5ISR_INT
003d855e   _EvbCAP6ISR_INT
003d85c7   _INT13_ISR
003d85cc   _INT14_ISR
003d85d1   _DATALOG_ISR
003d85d6   _RTOSINT_ISR
003d85db   _EMUINT_ISR
003d85e0   _NMI_ISR
003d85e5   _ILLEGAL_ISR
003d85ea   _USER1_ISR
003d85ef   _USER2_ISR
003d85f4   _USER3_ISR
003d85f9   _USER4_ISR
003d85fe   _USER5_ISR
003d8603   _USER6_ISR
003d8608   _USER7_ISR
003d860d   _USER8_ISR
003d8612   _USER9_ISR
003d8617   _USER10_ISR
003d861c   _USER11_ISR
003d8621   _USER12_ISR
003d8626   _PDPINTA_ISR
003d862b   _PDPINTB_ISR
003d8630   _XINT1_ISR
003d8635   _XINT2_ISR
003d863a   _ADCINT_ISR
003d863f   _TINT0_ISR
003d8644   _WAKEINT_ISR
003d8649   _CMP1INT_ISR
003d864e   _CMP2INT_ISR
003d8653   _CMP3INT_ISR
003d8658   _T1PINT_ISR
003d865d   _T1CINT_ISR
003d8662   _T1UFINT_ISR
003d8667   _T1OFINT_ISR
003d866c   _T2PINT_ISR
003d8671   _T2CINT_ISR
003d8676   _T2UFINT_ISR
003d867b   _T2OFINT_ISR
003d8680   _CAPINT1_ISR
003d8685   _CAPINT2_ISR
003d868a   _CAPINT3_ISR
003d868f   _CMP4INT_ISR
003d8694   _CMP5INT_ISR
003d8699   _CMP6INT_ISR
003d869e   _T3PINT_ISR
003d86a3   _T3CINT_ISR
003d86a8   _T3UFINT_ISR
003d86ad   _T3OFINT_ISR
003d86b2   _T4PINT_ISR
003d86b7   _T4CINT_ISR
003d86bc   _T4UFINT_ISR
003d86c1   _T4OFINT_ISR
003d86c6   _CAPINT4_ISR
003d86cb   _CAPINT5_ISR
003d86d0   _CAPINT6_ISR
003d86d5   _SPIRXINTA_ISR
003d86da   _SPITXINTA_ISR
003d86df   _MRINTA_ISR
003d86e4   _MXINTA_ISR
003d86e9   _SCIRXINTA_ISR
003d86fb   _SCITXINTA_ISR
003d8700   _SCIRXINTB_ISR
003d8705   _SCITXINTB_ISR
003d870a   _ECAN0INTA_ISR
003d870f   _ECAN1INTA_ISR
003d8714   _EMPTY_ISR
003d8719   _PIE_RESERVED
003d871e   _rsvd_ISR
003d8723   _InitSysCtrl
003d8745   _DisableDog
003d874d   _KickDog
003d8757   _InitPll
003d8776   _InitPeripheralClocks
003d8790   _CsmUnlock
003d87c1   _InitAdc
003d883b   _InitEv
003d8897   FS$$MPY
003d88f1   _InitGpio
003d8949   _exit
003d896f   C$$EXIT
003d8971   _atexit
003d8992   _abort
003d8993   _c_int00
003d89d7   _InitSci
003d89ef   _SciaTx_Ready
003d89fe   _SciaRx_Ready
003d8a0d   L$$DIV
003d8a1c   L$$MOD
003d8a2a   UL$$DIV
003d8a31   UL$$MOD
003d8a37   FS$$TOL
003d8a60   _InitPieCtrl
003d8a7f   _EnableInterrupts
003d8a88   I$$DIV
003d8a99   I$$MOD
003d8aaa   _InitPieVectTable
003d8aca   _MemCopy
003d8adf   __args_main
003d8af3   __nop
003d8af4   __register_lock
003d8af8   __register_unlock
003d8b04   _RamfuncsLoadStart
003d8b04   ___etext__
003d8b04   etext
003d8b1d   _RamfuncsLoadEnd
003d8b1e   _PieVectTableInit
003d8c1e   ___cinit__
003d8c1e   cinit
003f7ff8   _CsmPwl
ffffffff   ___binit__
ffffffff   ___c_args__
ffffffff   ___pinit__
ffffffff   binit
ffffffff   pinit

[183 symbols]
